Archive member included to satisfy reference by file (symbol)

app/libapp.a(shmem.c.obj)     (--whole-archive)
app/libapp.a(main.c.obj)      (--whole-archive)
app/libapp.a(button.c.obj)    (--whole-archive)
app/libapp.a(channels.c.obj)  (--whole-archive)
app/libapp.a(config.c.obj)    (--whole-archive)
app/libapp.a(shell.c.obj)     (--whole-archive)
app/libapp.a(state.c.obj)     (--whole-archive)
app/libapp.a(led.c.obj)       (--whole-archive)
app/libapp.a(sensor.c.obj)    (--whole-archive)
zephyr/libzephyr.a(crc32c_sw.c.obj)
                              (--whole-archive)
zephyr/libzephyr.a(crc32_sw.c.obj)
                              (--whole-archive)
zephyr/libzephyr.a(crc24_sw.c.obj)
                              (--whole-archive)
zephyr/libzephyr.a(crc16_sw.c.obj)
                              (--whole-archive)
zephyr/libzephyr.a(crc8_sw.c.obj)
                              (--whole-archive)
zephyr/libzephyr.a(crc7_sw.c.obj)
                              (--whole-archive)
zephyr/libzephyr.a(crc4_sw.c.obj)
                              (--whole-archive)
zephyr/libzephyr.a(getopt.c.obj)
                              (--whole-archive)
zephyr/libzephyr.a(getopt_common.c.obj)
                              (--whole-archive)
zephyr/libzephyr.a(heap.c.obj)
                              (--whole-archive)
zephyr/libzephyr.a(cbprintf_packaged.c.obj)
                              (--whole-archive)
zephyr/libzephyr.a(printk.c.obj)
                              (--whole-archive)
zephyr/libzephyr.a(sem.c.obj)
                              (--whole-archive)
zephyr/libzephyr.a(thread_entry.c.obj)
                              (--whole-archive)
zephyr/libzephyr.a(fdtable.c.obj)
                              (--whole-archive)
zephyr/libzephyr.a(cbprintf_complete.c.obj)
                              (--whole-archive)
zephyr/libzephyr.a(assert.c.obj)
                              (--whole-archive)
zephyr/libzephyr.a(mpsc_pbuf.c.obj)
                              (--whole-archive)
zephyr/libzephyr.a(dec.c.obj)
                              (--whole-archive)
zephyr/libzephyr.a(hex.c.obj)
                              (--whole-archive)
zephyr/libzephyr.a(rb.c.obj)  (--whole-archive)
zephyr/libzephyr.a(timeutil.c.obj)
                              (--whole-archive)
zephyr/libzephyr.a(bitarray.c.obj)
                              (--whole-archive)
zephyr/libzephyr.a(onoff.c.obj)
                              (--whole-archive)
zephyr/libzephyr.a(notify.c.obj)
                              (--whole-archive)
zephyr/libzephyr.a(ring_buffer.c.obj)
                              (--whole-archive)
zephyr/libzephyr.a(configs.c.obj)
                              (--whole-archive)
zephyr/libzephyr.a(nvs.c.obj)
                              (--whole-archive)
zephyr/libzephyr.a(log_core.c.obj)
                              (--whole-archive)
zephyr/libzephyr.a(log_mgmt.c.obj)
                              (--whole-archive)
zephyr/libzephyr.a(log_cache.c.obj)
                              (--whole-archive)
zephyr/libzephyr.a(log_msg.c.obj)
                              (--whole-archive)
zephyr/libzephyr.a(log_output.c.obj)
                              (--whole-archive)
zephyr/libzephyr.a(mem_attr.c.obj)
                              (--whole-archive)
zephyr/libzephyr.a(flash_map.c.obj)
                              (--whole-archive)
zephyr/libzephyr.a(flash_map_layout.c.obj)
                              (--whole-archive)
zephyr/libzephyr.a(tracing_none.c.obj)
                              (--whole-archive)
zephyr/libzephyr.a(addr_utils.c.obj)
                              (--whole-archive)
zephyr/libzephyr.a(settings_store.c.obj)
                              (--whole-archive)
zephyr/libzephyr.a(settings.c.obj)
                              (--whole-archive)
zephyr/libzephyr.a(settings_init.c.obj)
                              (--whole-archive)
zephyr/libzephyr.a(settings_line.c.obj)
                              (--whole-archive)
zephyr/libzephyr.a(settings_nvs.c.obj)
                              (--whole-archive)
zephyr/libzephyr.a(kernel_service.c.obj)
                              (--whole-archive)
zephyr/libzephyr.a(device_service.c.obj)
                              (--whole-archive)
zephyr/libzephyr.a(devmem_service.c.obj)
                              (--whole-archive)
zephyr/libzephyr.a(shell_uart.c.obj)
                              (--whole-archive)
zephyr/libzephyr.a(shell.c.obj)
                              (--whole-archive)
zephyr/libzephyr.a(shell_fprintf.c.obj)
                              (--whole-archive)
zephyr/libzephyr.a(shell_utils.c.obj)
                              (--whole-archive)
zephyr/libzephyr.a(shell_ops.c.obj)
                              (--whole-archive)
zephyr/libzephyr.a(shell_log_backend.c.obj)
                              (--whole-archive)
zephyr/libzephyr.a(shell_help.c.obj)
                              (--whole-archive)
zephyr/libzephyr.a(shell_cmds.c.obj)
[...]
Memory Configuration

Name             Origin             Length             Attributes
FLASH            0x0000000000008000 0x00000000000f0000 xr
RAM              0x000000002000c568 0x0000000000033a98 xw
IDT_LIST         0x00000000ffff7fff 0x0000000000008000 xw
*default*        0x0000000000000000 0xffffffffffffffff

Linker script and memory map

                0x000000000001cef4                vfprintf = __l_vfprintf
                0x0000000000000000                vfscanf = __l_vfscanf
LOAD zephyr/CMakeFiles/zephyr_pre0.dir/misc/empty_file.c.obj
LOAD zephyr/CMakeFiles/offsets.dir/./arch/arm/core/offsets/offsets.c.obj
LOAD tfm/api_ns/interface/lib/s_veneers.o
LOAD app/libapp.a
LOAD zephyr/libzephyr.a
LOAD zephyr/arch/common/libarch__common.a
LOAD zephyr/arch/arch/arm/core/libarch__arm__core.a
LOAD zephyr/arch/arch/arm/core/cortex_m/libarch__arm__core__cortex_m.a
LOAD zephyr/arch/arch/arm/core/cortex_m/cmse/libarch__arm__core__cortex_m__cmse.a
LOAD zephyr/arch/arch/arm/core/mpu/libarch__arm__core__mpu.a
LOAD zephyr/lib/libc/picolibc/liblib__libc__picolibc.a
LOAD zephyr/lib/libc/common/liblib__libc__common.a
LOAD zephyr/lib/posix/options/liblib__posix__options.a
LOAD zephyr/soc/soc/nrf9160/libsoc__nordic.a
LOAD zephyr/subsys/random/libsubsys__random.a
LOAD zephyr/subsys/net/libsubsys__net.a
LOAD zephyr/subsys/net/l2/offloaded_netdev/libsubsys__net__l2__offloaded_netdev.a
LOAD zephyr/subsys/net/ip/libsubsys__net__ip.a
LOAD zephyr/subsys/net/lib/mqtt/libsubsys__net__lib__mqtt.a
LOAD zephyr/subsys/zbus/libsubsys__zbus.a
LOAD zephyr/drivers/clock_control/libdrivers__clock_control.a
LOAD zephyr/drivers/console/libdrivers__console.a
LOAD zephyr/drivers/entropy/libdrivers__entropy.a
LOAD zephyr/drivers/flash/libdrivers__flash.a
LOAD zephyr/drivers/gpio/libdrivers__gpio.a
LOAD zephyr/drivers/i2c/libdrivers__i2c.a
LOAD zephyr/drivers/pinctrl/libdrivers__pinctrl.a
LOAD zephyr/drivers/sensor/tdk/mpu6050/libdrivers__sensor__tdk__mpu6050.a
LOAD zephyr/drivers/serial/libdrivers__serial.a
LOAD zephyr/drivers/timer/libdrivers__timer.a
LOAD modules/nrf/lib/nrf_modem_lib/lib..__nrf__lib__nrf_modem_lib.a
LOAD modules/nrf/lib/modem_antenna/lib..__nrf__lib__modem_antenna.a
LOAD modules/nrf/subsys/nrf_security/src/zephyr/libmbedtls_zephyr.a
LOAD modules/nrf/modules/trusted-firmware-m/lib..__nrf__modules__trusted-firmware-m.a
LOAD modules/nrf/modules/trusted-firmware-m/libtfm_api_nrf.a
LOAD modules/trusted-firmware-m/libtfm_api.a
LOAD modules/hal_nordic/nrfx/libmodules__hal_nordic__nrfx.a
LOAD /home/vinicius/bikeshare-workspace/nrfxlib/nrf_modem/lib/cellular/nrf9160/soft-float/libmodem.a
LOAD zephyr/kernel/libkernel.a
LOAD /home/vinicius/ncs/toolchains/911f4c5c26/opt/zephyr-sdk/arm-zephyr-eabi/bin/../lib/gcc/arm-zephyr-eabi/12.2.0/thumb/v8-m.main/nofp/libgcc.a
LOAD zephyr/arch/common/libisr_tables.a
LOAD modules/nrf/subsys/nrf_security/src/libmbedcrypto.a
LOAD /home/vinicius/bikeshare-workspace/nrfxlib/crypto/nrf_oberon/lib/cortex-m33/soft-float/liboberon_mbedtls_3.0.15.a
LOAD modules/nrf/subsys/nrf_security/src/libmbedcrypto_base.a
LOAD /home/vinicius/bikeshare-workspace/nrfxlib/crypto/nrf_oberon/lib/cortex-m33/soft-float/liboberon_3.0.15.a
LOAD /home/vinicius/ncs/toolchains/911f4c5c26/opt/zephyr-sdk/arm-zephyr-eabi/bin/../lib/gcc/../../picolibc/arm-zephyr-eabi/lib/thumb/v8-m.main/nofp/libc.a
LOAD /home/vinicius/ncs/toolchains/911f4c5c26/opt/zephyr-sdk/arm-zephyr-eabi/bin/../lib/gcc/arm-zephyr-eabi/12.2.0/thumb/v8-m.main/nofp/libgcc.a
                0x0000000000000020                _region_min_align = 0x20

.rel.plt        0x0000000000008000        0x0
 *(SORT_BY_ALIGNMENT(.rel.plt))
                [!provide]                        PROVIDE (__rel_iplt_start = .)
 *(SORT_BY_ALIGNMENT(.rel.iplt))
 .rel.iplt      0x0000000000008000        0x0 app/libapp.a(main.c.obj)
                [!provide]                        PROVIDE (__rel_iplt_end = .)

.rela.plt       0x0000000000000000        0x0
 *(SORT_BY_ALIGNMENT(.rela.plt))
                [!provide]                        PROVIDE (__rela_iplt_start = .)
 *(SORT_BY_ALIGNMENT(.rela.iplt))
                [!provide]                        PROVIDE (__rela_iplt_end = .)

.rel.dyn
 *(SORT_BY_ALIGNMENT(.rel.*))

.rela.dyn
 *(SORT_BY_ALIGNMENT(.rela.*))

/DISCARD/
 *(SORT_BY_ALIGNMENT(.plt))

/DISCARD/
 *(SORT_BY_ALIGNMENT(.iplt))
                0x0000000000008000                __rom_region_start = 0x8000

rom_start       0x0000000000008000      0x144
                0x0000000000008000                __rom_start_address = .
 FILL mask 0x00
                0x0000000000008000                . = (. + (0x0 - (. - __rom_start_address)))
                0x0000000000008000                . = ALIGN (0x4)
                0x0000000000008000                . = ALIGN (0x80)
                0x0000000000008000                . = ALIGN (0x200)
                0x0000000000008000                _vector_start = .
 *(SORT_BY_ALIGNMENT(.exc_vector_table))
 *(SORT_BY_ALIGNMENT(.exc_vector_table.*))
 .exc_vector_table._vector_table_section
                0x0000000000008000       0x40 zephyr/arch/arch/arm/core/cortex_m/libarch__arm__core__cortex_m.a(vector_table.S.obj)
                0x0000000000008000                _vector_table
 *(SORT_BY_ALIGNMENT(.vectors))
                0x0000000000008144                _vector_end = .
                0x0000000000008040                . = ALIGN (0x4)
 *(SORT_BY_ALIGNMENT(.gnu.linkonce.irq_vector_table*))
 .gnu.linkonce.irq_vector_table
                0x0000000000008040      0x104 zephyr/arch/common/libisr_tables.a(isr_tables.c.obj)
                0x0000000000008040                _irq_vector_table
                0x0000000000008144                _vector_end = .

text            0x0000000000008148    0x20580
                0x0000000000008148                __text_region_start = .
 *(SORT_BY_ALIGNMENT(.text))
 .text          0x0000000000008148       0xa0 /home/vinicius/ncs/toolchains/911f4c5c26/opt/zephyr-sdk/arm-zephyr-eabi/bin/../lib/gcc/arm-zephyr-eabi/12.2.0/thumb/v8-m.main/nofp/libgcc.a(_aeabi_ldivmod.o)
                0x0000000000008148                __aeabi_ldivmod
 .text          0x00000000000081e8       0x30 /home/vinicius/ncs/toolchains/911f4c5c26/opt/zephyr-sdk/arm-zephyr-eabi/bin/../lib/gcc/arm-zephyr-eabi/12.2.0/thumb/v8-m.main/nofp/libgcc.a(_aeabi_uldivmod.o)
                0x00000000000081e8                __aeabi_uldivmod
 .text          0x0000000000008218        0x4 /home/vinicius/ncs/toolchains/911f4c5c26/opt/zephyr-sdk/arm-zephyr-eabi/bin/../lib/gcc/arm-zephyr-eabi/12.2.0/thumb/v8-m.main/nofp/libgcc.a(_dvmd_tls.o)
                0x0000000000008218                __aeabi_idiv0
                0x0000000000008218                __aeabi_ldiv0
 .text          0x000000000000821c      0x29c /home/vinicius/ncs/toolchains/911f4c5c26/opt/zephyr-sdk/arm-zephyr-eabi/bin/../lib/gcc/arm-zephyr-eabi/12.2.0/thumb/v8-m.main/nofp/libgcc.a(_udivmoddi4.o)
                0x000000000000821c                __udivmoddi4
 .text          0x00000000000084b8       0x14 /home/vinicius/ncs/toolchains/911f4c5c26/opt/zephyr-sdk/arm-zephyr-eabi/bin/../lib/gcc/../../picolibc/arm-zephyr-eabi/lib/thumb/v8-m.main/nofp/libc.a(strcmp.S.o)
                0x00000000000084b8                strcmp
 .text          0x00000000000084cc       0x10 /home/vinicius/ncs/toolchains/911f4c5c26/opt/zephyr-sdk/arm-zephyr-eabi/bin/../lib/gcc/../../picolibc/arm-zephyr-eabi/lib/thumb/v8-m.main/nofp/libc.a(strcpy.S.o)
                0x00000000000084cc                strcpy
 .text          0x00000000000084dc       0x10 /home/vinicius/ncs/toolchains/911f4c5c26/opt/zephyr-sdk/arm-zephyr-eabi/bin/../lib/gcc/../../picolibc/arm-zephyr-eabi/lib/thumb/v8-m.main/nofp/libc.a(strlen.S.o)
                0x00000000000084dc                strlen
 *(SORT_BY_ALIGNMENT(.text.*))
 *fill*         0x00000000000084ec        0x4 
 .text.cmd_kernel_uptime
                0x00000000000084f0       0xf0 zephyr/libzephyr.a(kernel_service.c.obj)
 .text.main     0x00000000000085e0       0x60 app/libapp.a(main.c.obj)
                0x00000000000085e0                main
 .text.button_gpio_callback
                0x0000000000008640        0xc app/libapp.a(button.c.obj)
 .text.button_input_publish_press_debounced.part.0
                0x000000000000864c       0x24 app/libapp.a(button.c.obj)
 .text.button_input_publish_press
                0x0000000000008670       0x20 app/libapp.a(button.c.obj)
                0x0000000000008670                button_input_publish_press
 .text.button_input_publish_press_debounced
                0x0000000000008690       0x34 app/libapp.a(button.c.obj)
                0x0000000000008690                button_input_publish_press_debounced
 .text.button_work_handler
                0x00000000000086c4       0x44 app/libapp.a(button.c.obj)
 .text.button_input_init
                0x0000000000008708      0x110 app/libapp.a(button.c.obj)
                0x0000000000008708                button_input_init
 .text.bike_config_init
                0x0000000000008818       0x44 app/libapp.a(config.c.obj)
                0x0000000000008818                bike_config_init
 .text.bike_config_get
                0x000000000000885c        0x8 app/libapp.a(config.c.obj)
                0x000000000000885c                bike_config_get
 .text.settings_set_cb
                0x0000000000008864       0xdc app/libapp.a(config.c.obj)
 .text.bike_config_set_id
                0x0000000000008940       0x14 app/libapp.a(config.c.obj)
                0x0000000000008940                bike_config_set_id
 .text.bike_config_set_device_token
                0x0000000000008954       0x14 app/libapp.a(config.c.obj)
                0x0000000000008954                bike_config_set_device_token
 .text.bike_config_set_mqtt_host
                0x0000000000008968       0x14 app/libapp.a(config.c.obj)
                0x0000000000008968                bike_config_set_mqtt_host
 .text.bike_config_set_mqtt_port
                0x000000000000897c       0x40 app/libapp.a(config.c.obj)
                0x000000000000897c                bike_config_set_mqtt_port
 .text.bike_config_set_apn
                0x00000000000089bc       0x14 app/libapp.a(config.c.obj)
                0x00000000000089bc                bike_config_set_apn
 .text.cmd_bike_sim_cancel
                0x00000000000089d0       0x68 app/libapp.a(shell.c.obj)
 .text.cmd_bike_sim_authorize
                0x0000000000008a38       0x58 app/libapp.a(shell.c.obj)
 .text.cmd_bike_state
                0x0000000000008a90       0x3c app/libapp.a(shell.c.obj)
 .text.cmd_bike_get
                0x0000000000008acc       0xcc app/libapp.a(shell.c.obj)
 .text.refresh_state_after_config
                0x0000000000008b98       0x20 app/libapp.a(shell.c.obj)
 .text.cmd_bike_set_mqtt_port
                0x0000000000008bb8       0x5c app/libapp.a(shell.c.obj)
 .text.cmd_bike_sim_button
                0x0000000000008c14       0x5c app/libapp.a(shell.c.obj)
 .text.cmd_bike_set_apn
                0x0000000000008c70       0x40 app/libapp.a(shell.c.obj)
 .text.cmd_bike_set_mqtt_host
                0x0000000000008cb0       0x40 app/libapp.a(shell.c.obj)
 .text.cmd_bike_set_token
                0x0000000000008cf0       0x3c app/libapp.a(shell.c.obj)
 .text.cmd_bike_set_id
                0x0000000000008d2c       0x40 app/libapp.a(shell.c.obj)
 .text.publish_state
                0x0000000000008d6c       0x64 app/libapp.a(state.c.obj)
 .text.clear_rental
                0x0000000000008dd0       0x24 app/libapp.a(state.c.obj)
 .text.bike_state_name
                0x0000000000008df4       0x18 app/libapp.a(state.c.obj)
                0x0000000000008df4                bike_state_name
 .text.set_state
                0x0000000000008e0c       0x70 app/libapp.a(state.c.obj)
 .text.reservation_timeout_handler.part.0
                0x0000000000008e7c       0x54 app/libapp.a(state.c.obj)
 .text.reservation_timeout_handler
                0x0000000000008ed0       0x14 app/libapp.a(state.c.obj)
 .text.bike_state_refresh_config
                0x0000000000008ee4       0x1c app/libapp.a(state.c.obj)
                0x0000000000008ee4                bike_state_refresh_config
 .text.bike_state_init
                0x0000000000008f00       0x70 app/libapp.a(state.c.obj)
                0x0000000000008f00                bike_state_init
 .text.bike_state_get
                0x0000000000008f70        0xc app/libapp.a(state.c.obj)
                0x0000000000008f70                bike_state_get
 .text.bike_state_get_rental_id
                0x0000000000008f7c        0x8 app/libapp.a(state.c.obj)
                0x0000000000008f7c                bike_state_get_rental_id
 .text.bike_state_authorize
                0x0000000000008f84       0xd0 app/libapp.a(state.c.obj)
                0x0000000000008f84                bike_state_authorize
 .text.bike_state_cancel
                0x0000000000009054       0x98 app/libapp.a(state.c.obj)
                0x0000000000009054                bike_state_cancel
 .text.backend_command_listener
                0x00000000000090ec       0x34 app/libapp.a(state.c.obj)
 .text.bike_state_button_press
                0x0000000000009120       0xf4 app/libapp.a(state.c.obj)
                0x0000000000009120                bike_state_button_press
 .text.write_led
                0x0000000000009214       0x38 app/libapp.a(led.c.obj)
 .text.blink_handler
                0x000000000000924c       0x5c app/libapp.a(led.c.obj)
 .text.led_status_pattern_for_state
                0x00000000000092a8       0x10 app/libapp.a(led.c.obj)
                0x00000000000092a8                led_status_pattern_for_state
 .text.led_status_pattern_name
                0x00000000000092b8       0x18 app/libapp.a(led.c.obj)
                0x00000000000092b8                led_status_pattern_name
 .text.apply_pattern.part.0
                0x00000000000092d0       0x9c app/libapp.a(led.c.obj)
 .text.bike_state_listener
                0x000000000000936c       0x2c app/libapp.a(led.c.obj)
 .text.led_status_init
                0x0000000000009398       0x8c app/libapp.a(led.c.obj)
                0x0000000000009398                led_status_init
 .text.sensor_channel_get.constprop.0
                0x0000000000009424       0x18 app/libapp.a(sensor.c.obj)
 .text.sample_work_handler
                0x000000000000943c      0x27c app/libapp.a(sensor.c.obj)
 .text.motion_sensor_init
                0x00000000000096b8       0x68 app/libapp.a(sensor.c.obj)
                0x00000000000096b8                motion_sensor_init
 .text.crc8_ccitt
                0x0000000000009720       0x2c zephyr/libzephyr.a(crc8_sw.c.obj)
                0x0000000000009720                crc8_ccitt
 .text.getopt_init
                0x000000000000974c       0x48 zephyr/libzephyr.a(getopt.c.obj)
                0x000000000000974c                getopt_init
 .text.getopt   0x0000000000009794       0xf8 zephyr/libzephyr.a(getopt.c.obj)
                0x0000000000009794                getopt
 .text.z_getopt_global_state_update
                0x000000000000988c       0x34 zephyr/libzephyr.a(getopt_common.c.obj)
                0x000000000000988c                z_getopt_global_state_update
 .text.getopt_state_get
                0x00000000000098c0        0x8 zephyr/libzephyr.a(getopt_common.c.obj)
                0x00000000000098c0                getopt_state_get
 .text.cbvprintf_package
                0x00000000000098c8      0x3a4 zephyr/libzephyr.a(cbprintf_packaged.c.obj)
                0x00000000000098c8                cbvprintf_package
 .text.cbprintf_package_convert
                0x0000000000009c6c      0x3c8 zephyr/libzephyr.a(cbprintf_packaged.c.obj)
                0x0000000000009c6c                cbprintf_package_convert
 .text.__printk_hook_install
                0x000000000000a034        0xc zephyr/libzephyr.a(printk.c.obj)
                0x000000000000a034                __printk_hook_install
 .text.z_thread_entry
                0x000000000000a040       0x34 zephyr/libzephyr.a(thread_entry.c.obj)
                0x000000000000a040                z_thread_entry
 .text.z_reserve_fd
                0x000000000000a074       0x7c zephyr/libzephyr.a(fdtable.c.obj)
                0x000000000000a074                z_reserve_fd
 .text.z_finalize_fd
                0x000000000000a0f0       0x30 zephyr/libzephyr.a(fdtable.c.obj)
                0x000000000000a0f0                z_finalize_fd
 .text.z_free_fd
                0x000000000000a120       0x40 zephyr/libzephyr.a(fdtable.c.obj)
                0x000000000000a120                z_free_fd
 .text.process_event
                0x000000000000a160      0x21c zephyr/libzephyr.a(onoff.c.obj)
 .text.nvs_recover_last_ate
                0x000000000000a37c       0x64 zephyr/libzephyr.a(nvs.c.obj)
 .text.nvs_mount
                0x000000000000a3e0      0x3b0 zephyr/libzephyr.a(nvs.c.obj)
                0x000000000000a3e0                nvs_mount
 .text.nvs_write
                0x000000000000a790      0x1f8 zephyr/libzephyr.a(nvs.c.obj)
                0x000000000000a790                nvs_write
 .text.nvs_read_hist
                0x000000000000a988       0xd8 zephyr/libzephyr.a(nvs.c.obj)
                0x000000000000a988                nvs_read_hist
 .text.activate_foreach_backend
                0x000000000000aa60       0x64 zephyr/libzephyr.a(log_core.c.obj)
 .text.enable_logger
                0x000000000000aac4       0x5c zephyr/libzephyr.a(log_core.c.obj)
 .text.log_process_thread_timer_expiry_fn
                0x000000000000ab20        0xc zephyr/libzephyr.a(log_core.c.obj)
 .text.z_log_init
                0x000000000000ab2c       0x90 zephyr/libzephyr.a(log_core.c.obj)
 .text.log_set_timestamp_func
                0x000000000000abbc       0x20 zephyr/libzephyr.a(log_core.c.obj)
                0x000000000000abbc                log_set_timestamp_func
 .text.z_log_notify_backend_enabled
                0x000000000000abdc       0x1c zephyr/libzephyr.a(log_core.c.obj)
                0x000000000000abdc                z_log_notify_backend_enabled
 .text.z_log_dropped
                0x000000000000abf8       0x28 zephyr/libzephyr.a(log_core.c.obj)
                0x000000000000abf8                z_log_dropped
 .text.z_log_dropped_read_and_clear
                0x000000000000ac20       0x18 zephyr/libzephyr.a(log_core.c.obj)
                0x000000000000ac20                z_log_dropped_read_and_clear
 .text.dropped_notify
                0x000000000000ac38       0x30 zephyr/libzephyr.a(log_core.c.obj)
                0x000000000000ac38                dropped_notify
 .text.z_log_msg_init
                0x000000000000ac68       0x20 zephyr/libzephyr.a(log_core.c.obj)
                0x000000000000ac68                z_log_msg_init
 .text.log_core_init
                0x000000000000ac88       0x38 zephyr/libzephyr.a(log_core.c.obj)
                0x000000000000ac88                log_core_init
 .text.z_log_msg_alloc
                0x000000000000acc0       0x10 zephyr/libzephyr.a(log_core.c.obj)
                0x000000000000acc0                z_log_msg_alloc
 .text.z_log_msg_local_claim
                0x000000000000acd0        0xc zephyr/libzephyr.a(log_core.c.obj)
                0x000000000000acd0                z_log_msg_local_claim
 .text.z_log_msg_free
                0x000000000000acdc       0x10 zephyr/libzephyr.a(log_core.c.obj)
                0x000000000000acdc                z_log_msg_free
 .text.z_log_msg_pending
                0x000000000000acec        0xc zephyr/libzephyr.a(log_core.c.obj)
                0x000000000000acec                z_log_msg_pending
 .text.z_impl_log_process
                0x000000000000acf8       0xec zephyr/libzephyr.a(log_core.c.obj)
                0x000000000000acf8                z_impl_log_process
 .text.z_impl_log_panic
                0x000000000000ade4       0x44 zephyr/libzephyr.a(log_core.c.obj)
                0x000000000000ade4                z_impl_log_panic
 .text.log_process_thread_func
                0x000000000000ae28       0xa4 zephyr/libzephyr.a(log_core.c.obj)
 .text.z_log_msg_post_finalize
                0x000000000000aecc       0x78 zephyr/libzephyr.a(log_core.c.obj)
 .text.z_log_msg_commit
                0x000000000000af44       0x24 zephyr/libzephyr.a(log_core.c.obj)
                0x000000000000af44                z_log_msg_commit
 .text.log_source_name_get
                0x000000000000af68       0x1c zephyr/libzephyr.a(log_mgmt.c.obj)
                0x000000000000af68                log_source_name_get
 .text.z_log_runtime_filters_init
                0x000000000000af84       0x3c zephyr/libzephyr.a(log_mgmt.c.obj)
                0x000000000000af84                z_log_runtime_filters_init
 .text.log_source_id_get
                0x000000000000afc0       0x38 zephyr/libzephyr.a(log_mgmt.c.obj)
                0x000000000000afc0                log_source_id_get
 .text.filter_set
                0x000000000000aff8       0xbc zephyr/libzephyr.a(log_mgmt.c.obj)
                0x000000000000aff8                filter_set
 .text.backend_filter_set
                0x000000000000b0b4       0x30 zephyr/libzephyr.a(log_mgmt.c.obj)
 .text.log_backend_enable
                0x000000000000b0e4       0x34 zephyr/libzephyr.a(log_mgmt.c.obj)
                0x000000000000b0e4                log_backend_enable
 .text.log_filter_get
                0x000000000000b118       0x4c zephyr/libzephyr.a(log_mgmt.c.obj)
                0x000000000000b118                log_filter_get
 .text.z_impl_z_log_msg_static_create
                0x000000000000b164      0x110 zephyr/libzephyr.a(log_msg.c.obj)
                0x000000000000b164                z_impl_z_log_msg_static_create
 .text.z_log_msg_runtime_vcreate
                0x000000000000b274       0x8c zephyr/libzephyr.a(log_msg.c.obj)
                0x000000000000b274                z_log_msg_runtime_vcreate
 .text.log_msg_get_source_id
                0x000000000000b300       0x18 zephyr/libzephyr.a(log_msg.c.obj)
                0x000000000000b300                log_msg_get_source_id
 .text.print_formatted
                0x000000000000b318       0x24 zephyr/libzephyr.a(log_output.c.obj)
 .text.newline_print
                0x000000000000b33c       0x1c zephyr/libzephyr.a(log_output.c.obj)
 .text.log_output_process
                0x000000000000b358      0x2d4 zephyr/libzephyr.a(log_output.c.obj)
                0x000000000000b358                log_output_process
 .text.log_output_dropped_process
                0x000000000000b62c       0x58 zephyr/libzephyr.a(log_output.c.obj)
                0x000000000000b62c                log_output_dropped_process
 .text.log_output_timestamp_freq_set
                0x000000000000b684       0x2c zephyr/libzephyr.a(log_output.c.obj)
                0x000000000000b684                log_output_timestamp_freq_set
 .text.mem_attr_get_regions
                0x000000000000b6b0        0xc zephyr/libzephyr.a(mem_attr.c.obj)
                0x000000000000b6b0                mem_attr_get_regions
 .text.flash_area_open
                0x000000000000b6bc       0x50 zephyr/libzephyr.a(flash_map.c.obj)
                0x000000000000b6bc                flash_area_open
 .text.flash_area_get_sectors
                0x000000000000b70c       0x60 zephyr/libzephyr.a(flash_map_layout.c.obj)
                0x000000000000b70c                flash_area_get_sectors
 .text.settings_save_one
                0x000000000000b76c       0x4c zephyr/libzephyr.a(settings_store.c.obj)
                0x000000000000b76c                settings_save_one
 .text.settings_src_register
                0x000000000000b7b8       0x1c zephyr/libzephyr.a(settings_store.c.obj)
                0x000000000000b7b8                settings_src_register
 .text.settings_dst_register
                0x000000000000b7d4        0xc zephyr/libzephyr.a(settings_store.c.obj)
                0x000000000000b7d4                settings_dst_register
 .text.settings_load_subtree
                0x000000000000b7e0       0x4c zephyr/libzephyr.a(settings_store.c.obj)
                0x000000000000b7e0                settings_load_subtree
 .text.settings_store_init
                0x000000000000b82c       0x10 zephyr/libzephyr.a(settings_store.c.obj)
                0x000000000000b82c                settings_store_init
 .text.settings_init
                0x000000000000b83c       0x10 zephyr/libzephyr.a(settings.c.obj)
                0x000000000000b83c                settings_init
 .text.settings_parse_and_lookup
                0x000000000000b84c       0x98 zephyr/libzephyr.a(settings.c.obj)
                0x000000000000b84c                settings_parse_and_lookup
 .text.settings_call_set_handler
                0x000000000000b8e4       0xac zephyr/libzephyr.a(settings.c.obj)
                0x000000000000b8e4                settings_call_set_handler
 .text.settings_commit_subtree
                0x000000000000b990       0x70 zephyr/libzephyr.a(settings.c.obj)
                0x000000000000b990                settings_commit_subtree
 .text.settings_subsys_init
                0x000000000000ba00       0x3c zephyr/libzephyr.a(settings_init.c.obj)
                0x000000000000ba00                settings_subsys_init
 .text.settings_nvs_load
                0x000000000000ba3c       0xbc zephyr/libzephyr.a(settings_nvs.c.obj)
 .text.settings_backend_init
                0x000000000000baf8       0x84 zephyr/libzephyr.a(settings_nvs.c.obj)
                0x000000000000baf8                settings_backend_init
 .text.cmd_kernel_version
                0x000000000000bb7c       0x18 zephyr/libzephyr.a(kernel_service.c.obj)
 .text.cmd_kernel_threads
                0x000000000000bb94       0x38 zephyr/libzephyr.a(kernel_service.c.obj)
 .text.shell_tdata_dump
                0x000000000000bbcc       0xd0 zephyr/libzephyr.a(kernel_service.c.obj)
 .text.cmd_kernel_stacks
                0x000000000000bc9c       0x70 zephyr/libzephyr.a(kernel_service.c.obj)
 .text.cmd_kernel_cycles
                0x000000000000bd0c       0x1c zephyr/libzephyr.a(kernel_service.c.obj)
 .text.cmd_kernel_log_level_set
                0x000000000000bd28       0x80 zephyr/libzephyr.a(kernel_service.c.obj)
 .text.cmd_kernel_sleep
                0x000000000000bda8       0x54 zephyr/libzephyr.a(kernel_service.c.obj)
 .text.shell_stack_dump
                0x000000000000bdfc       0x64 zephyr/libzephyr.a(kernel_service.c.obj)
 .text.cmd_device_list
                0x000000000000be60       0x8c zephyr/libzephyr.a(device_service.c.obj)
 .text.cmd_devmem
                0x000000000000beec       0xcc zephyr/libzephyr.a(devmem_service.c.obj)
 .text.cmd_dump
                0x000000000000bfb8      0x194 zephyr/libzephyr.a(devmem_service.c.obj)
 .text.set_bypass.isra.0
                0x000000000000c14c       0x50 zephyr/libzephyr.a(devmem_service.c.obj)
 .text.bypass_cb
                0x000000000000c19c      0x118 zephyr/libzephyr.a(devmem_service.c.obj)
 .text.cmd_load
                0x000000000000c2b4       0xd8 zephyr/libzephyr.a(devmem_service.c.obj)
 .text.enable_shell_uart
                0x000000000000c38c       0x38 zephyr/libzephyr.a(shell_uart.c.obj)
 .text.init     0x000000000000c3c4       0x60 zephyr/libzephyr.a(shell_uart.c.obj)
 .text.uart_callback
                0x000000000000c424      0x100 zephyr/libzephyr.a(shell_uart.c.obj)
 .text.shell_internal_help_print
                0x000000000000c524       0x20 zephyr/libzephyr.a(shell.c.obj)
 .text.kill_handler
                0x000000000000c544       0x54 zephyr/libzephyr.a(shell.c.obj)
 .text.z_cursor_next_line_move.isra.0
                0x000000000000c598        0xc zephyr/libzephyr.a(shell.c.obj)
 .text.history_handle
                0x000000000000c5a4       0xac zephyr/libzephyr.a(shell.c.obj)
 .text.execute  0x000000000000c650      0x2c8 zephyr/libzephyr.a(shell.c.obj)
 .text.state_set.constprop.0
                0x000000000000c918       0x4c zephyr/libzephyr.a(shell.c.obj)
 .text.shell_process
                0x000000000000c964      0x6b4 zephyr/libzephyr.a(shell.c.obj)
                0x000000000000c964                shell_process
 .text.shell_start
                0x000000000000d018       0x70 zephyr/libzephyr.a(shell.c.obj)
                0x000000000000d018                shell_start
 .text.shell_thread
                0x000000000000d088       0xd8 zephyr/libzephyr.a(shell.c.obj)
                0x000000000000d088                shell_thread
 .text.cmd_help
                0x000000000000d160       0x4c zephyr/libzephyr.a(shell.c.obj)
 .text.shell_hexdump_line
                0x000000000000d1ac       0xe4 zephyr/libzephyr.a(shell.c.obj)
                0x000000000000d1ac                shell_hexdump_line
 .text.shell_init
                0x000000000000d290       0xe8 zephyr/libzephyr.a(shell.c.obj)
                0x000000000000d290                shell_init
 .text.z_shell_fprintf_fmt
                0x000000000000d378       0x28 zephyr/libzephyr.a(shell_fprintf.c.obj)
                0x000000000000d378                z_shell_fprintf_fmt
 .text.z_shell_cmd_get
                0x000000000000d3a0       0x74 zephyr/libzephyr.a(shell_utils.c.obj)
                0x000000000000d3a0                z_shell_cmd_get
 .text.shell_strtoul
                0x000000000000d414       0x54 zephyr/libzephyr.a(shell_utils.c.obj)
                0x000000000000d414                shell_strtoul
 .text.z_clear_eos
                0x000000000000d468       0x18 zephyr/libzephyr.a(shell_ops.c.obj)
 .text.z_cursor_next_line_move.isra.0
                0x000000000000d480        0xc zephyr/libzephyr.a(shell_ops.c.obj)
 .text.z_shell_op_cursor_vert_move
                0x000000000000d48c       0x2c zephyr/libzephyr.a(shell_ops.c.obj)
                0x000000000000d48c                z_shell_op_cursor_vert_move
 .text.z_shell_op_cursor_horiz_move
                0x000000000000d4b8       0x2c zephyr/libzephyr.a(shell_ops.c.obj)
                0x000000000000d4b8                z_shell_op_cursor_horiz_move
 .text.z_shell_print_cmd
                0x000000000000d4e4       0x78 zephyr/libzephyr.a(shell_ops.c.obj)
                0x000000000000d4e4                z_shell_print_cmd
 .text.z_shell_vt100_color_set
                0x000000000000d55c       0x40 zephyr/libzephyr.a(shell_ops.c.obj)
                0x000000000000d55c                z_shell_vt100_color_set
 .text.z_shell_vt100_colors_restore
                0x000000000000d59c       0x3c zephyr/libzephyr.a(shell_ops.c.obj)
                0x000000000000d59c                z_shell_vt100_colors_restore
 .text.z_shell_op_word_remove
                0x000000000000d5d8       0xc8 zephyr/libzephyr.a(shell_ops.c.obj)
                0x000000000000d5d8                z_shell_op_word_remove
 .text.reprint_from_cursor
                0x000000000000d6a0       0x7c zephyr/libzephyr.a(shell_ops.c.obj)
 .text.z_shell_op_char_insert
                0x000000000000d71c       0x70 zephyr/libzephyr.a(shell_ops.c.obj)
                0x000000000000d71c                z_shell_op_char_insert
 .text.z_shell_print_prompt_and_cmd
                0x000000000000d78c       0x30 zephyr/libzephyr.a(shell_ops.c.obj)
                0x000000000000d78c                z_shell_print_prompt_and_cmd
 .text.z_cursor_next_line_move.isra.0
                0x000000000000d7bc        0xc zephyr/libzephyr.a(shell_help.c.obj)
 .text.z_shell_help_subcmd_print
                0x000000000000d7c8       0xb4 zephyr/libzephyr.a(shell_help.c.obj)
                0x000000000000d7c8                z_shell_help_subcmd_print
 .text.z_shell_help_cmd_print
                0x000000000000d87c       0x40 zephyr/libzephyr.a(shell_help.c.obj)
                0x000000000000d87c                z_shell_help_cmd_print
 .text.z_shell_help_request
                0x000000000000d8bc       0x28 zephyr/libzephyr.a(shell_help.c.obj)
                0x000000000000d8bc                z_shell_help_request
 .text.cmd_resize_default
                0x000000000000d8e4       0x2c zephyr/libzephyr.a(shell_cmds.c.obj)
 .text.cmd_shell_stats_show
                0x000000000000d910       0x18 zephyr/libzephyr.a(shell_cmds.c.obj)
 .text.cmd_backends
                0x000000000000d928       0x54 zephyr/libzephyr.a(shell_cmds.c.obj)
 .text.cmd_prompt_off
                0x000000000000d97c       0x10 zephyr/libzephyr.a(shell_cmds.c.obj)
 .text.cmd_history
                0x000000000000d98c       0x44 zephyr/libzephyr.a(shell_cmds.c.obj)
 .text.cmd_get_retval
                0x000000000000d9d0       0x1c zephyr/libzephyr.a(shell_cmds.c.obj)
 .text.cmd_echo
                0x000000000000d9ec       0x54 zephyr/libzephyr.a(shell_cmds.c.obj)
 .text.cmd_clear
                0x000000000000da40       0x34 zephyr/libzephyr.a(shell_cmds.c.obj)
 .text.cmd_resize
                0x000000000000da74      0x1a8 zephyr/libzephyr.a(shell_cmds.c.obj)
 .text.z_shell_wildcard_process
                0x000000000000dc1c       0xe4 zephyr/libzephyr.a(shell_wildcard.c.obj)
                0x000000000000dc1c                z_shell_wildcard_process
 .text.boot_banner
                0x000000000000dd00       0x1c zephyr/libzephyr.a(banner.c.obj)
                0x000000000000dd00                boot_banner
 .text.z_arm_fatal_error
                0x000000000000dd1c       0xe0 zephyr/arch/arch/arm/core/libarch__arm__core.a(fatal.c.obj)
                0x000000000000dd1c                z_arm_fatal_error
 .text.z_SysNmiOnReset
                0x000000000000ddfc        0x8 zephyr/arch/arch/arm/core/libarch__arm__core.a(nmi_on_reset.S.obj)
                0x000000000000ddfc                z_SysNmiOnReset
 .text.arch_tls_stack_setup
                0x000000000000de04       0x40 zephyr/arch/arch/arm/core/libarch__arm__core.a(tls.c.obj)
                0x000000000000de04                arch_tls_stack_setup
 .text._HandlerModeExit
                0x000000000000de44       0x28 zephyr/arch/arch/arm/core/cortex_m/libarch__arm__core__cortex_m.a(exc_exit.c.obj)
                0x000000000000de44                z_arm_int_exit
                0x000000000000de44                z_arm_exc_exit
 .text.mem_manage_fault.constprop.0
                0x000000000000de6c      0x100 zephyr/arch/arch/arm/core/cortex_m/libarch__arm__core__cortex_m.a(fault.c.obj)
 .text.usage_fault.constprop.0
                0x000000000000df6c       0xf8 zephyr/arch/arch/arm/core/cortex_m/libarch__arm__core__cortex_m.a(fault.c.obj)
 .text.bus_fault.constprop.0
                0x000000000000e064      0x108 zephyr/arch/arch/arm/core/cortex_m/libarch__arm__core__cortex_m.a(fault.c.obj)
 .text.z_arm_fault
                0x000000000000e16c      0x218 zephyr/arch/arch/arm/core/cortex_m/libarch__arm__core__cortex_m.a(fault.c.obj)
                0x000000000000e16c                z_arm_fault
 .text.z_arm_fault_init
                0x000000000000e384       0x18 zephyr/arch/arch/arm/core/cortex_m/libarch__arm__core__cortex_m.a(fault.c.obj)
                0x000000000000e384                z_arm_fault_init
 .text.__fault  0x000000000000e39c       0x14 zephyr/arch/arch/arm/core/cortex_m/libarch__arm__core__cortex_m.a(fault_s.S.obj)
                0x000000000000e39c                z_arm_debug_monitor
                0x000000000000e39c                z_arm_bus_fault
                0x000000000000e39c                z_arm_usage_fault
                0x000000000000e39c                z_arm_exc_spurious
                0x000000000000e39c                z_arm_hard_fault
                0x000000000000e39c                z_arm_mpu_fault
 .text._reset_section
                0x000000000000e3b0       0x6c zephyr/arch/arch/arm/core/cortex_m/libarch__arm__core__cortex_m.a(reset.S.obj)
                0x000000000000e3b0                __start
                0x000000000000e3b0                z_arm_reset
 .text.z_arm_clear_arm_mpu_config
                0x000000000000e41c       0x24 zephyr/arch/arch/arm/core/cortex_m/libarch__arm__core__cortex_m.a(scb.c.obj)
                0x000000000000e41c                z_arm_clear_arm_mpu_config
 .text.z_arm_init_arch_hw_at_boot
                0x000000000000e440       0x4c zephyr/arch/arch/arm/core/cortex_m/libarch__arm__core__cortex_m.a(scb.c.obj)
                0x000000000000e440                z_arm_init_arch_hw_at_boot
 .text.z_impl_k_thread_abort
                0x000000000000e48c       0x2c zephyr/arch/arch/arm/core/cortex_m/libarch__arm__core__cortex_m.a(thread_abort.c.obj)
                0x000000000000e48c                z_impl_k_thread_abort
 .text.arch_swap
                0x000000000000e4b8       0x34 zephyr/arch/arch/arm/core/cortex_m/libarch__arm__core__cortex_m.a(swap.c.obj)
                0x000000000000e4b8                arch_swap
 .text.z_arm_pendsv_c
                0x000000000000e4ec       0x54 zephyr/arch/arch/arm/core/cortex_m/libarch__arm__core__cortex_m.a(swap.c.obj)
                0x000000000000e4ec                z_arm_pendsv_c
 .text.z_arm_pendsv
                0x000000000000e540       0x48 zephyr/arch/arch/arm/core/cortex_m/libarch__arm__core__cortex_m.a(swap_helper.S.obj)
                0x000000000000e540                z_arm_pendsv
 .text.z_arm_svc
                0x000000000000e588       0x20 zephyr/arch/arch/arm/core/cortex_m/libarch__arm__core__cortex_m.a(swap_helper.S.obj)
                0x000000000000e588                z_arm_svc
 .text.arch_irq_enable
                0x000000000000e5a8       0x1c zephyr/arch/arch/arm/core/cortex_m/libarch__arm__core__cortex_m.a(irq_manage.c.obj)
                0x000000000000e5a8                arch_irq_enable
 .text.arch_irq_disable
                0x000000000000e5c4       0x28 zephyr/arch/arch/arm/core/cortex_m/libarch__arm__core__cortex_m.a(irq_manage.c.obj)
                0x000000000000e5c4                arch_irq_disable
 .text.arch_irq_is_enabled
                0x000000000000e5ec       0x1c zephyr/arch/arch/arm/core/cortex_m/libarch__arm__core__cortex_m.a(irq_manage.c.obj)
                0x000000000000e5ec                arch_irq_is_enabled
 .text.z_arm_irq_priority_set
                0x000000000000e608       0x2c zephyr/arch/arch/arm/core/cortex_m/libarch__arm__core__cortex_m.a(irq_manage.c.obj)
                0x000000000000e608                z_arm_irq_priority_set
 .text.z_prep_c
                0x000000000000e634       0x38 zephyr/arch/arch/arm/core/cortex_m/libarch__arm__core__cortex_m.a(prep_c.c.obj)
                0x000000000000e634                z_prep_c
 .text.arch_new_thread
                0x000000000000e66c       0x40 zephyr/arch/arch/arm/core/cortex_m/libarch__arm__core__cortex_m.a(thread.c.obj)
                0x000000000000e66c                arch_new_thread
 .text.arch_switch_to_main_thread
                0x000000000000e6ac       0x48 zephyr/arch/arch/arm/core/cortex_m/libarch__arm__core__cortex_m.a(thread.c.obj)
                0x000000000000e6ac                arch_switch_to_main_thread
 .text.z_arm_cpu_idle_init
                0x000000000000e6f4        0xc zephyr/arch/arch/arm/core/cortex_m/libarch__arm__core__cortex_m.a(cpu_idle.c.obj)
                0x000000000000e6f4                z_arm_cpu_idle_init
 .text.z_arm_interrupt_init
                0x000000000000e700       0x18 zephyr/arch/arch/arm/core/cortex_m/libarch__arm__core__cortex_m.a(irq_init.c.obj)
                0x000000000000e700                z_arm_interrupt_init
 .text._isr_wrapper
                0x000000000000e718       0x24 zephyr/arch/arch/arm/core/cortex_m/libarch__arm__core__cortex_m.a(isr_wrapper.c.obj)
                0x000000000000e718                _isr_wrapper
 .text.z_arm_configure_static_mpu_regions
                0x000000000000e73c       0x38 zephyr/arch/arch/arm/core/mpu/libarch__arm__core__mpu.a(arm_core_mpu.c.obj)
                0x000000000000e73c                z_arm_configure_static_mpu_regions
 .text.region_init
                0x000000000000e774       0x34 zephyr/arch/arch/arm/core/mpu/libarch__arm__core__mpu.a(arm_mpu.c.obj)
 .text.region_allocate_and_init
                0x000000000000e7a8       0x40 zephyr/arch/arch/arm/core/mpu/libarch__arm__core__mpu.a(arm_mpu.c.obj)
 .text.mpu_configure_regions_and_partition.constprop.0
                0x000000000000e7e8      0x170 zephyr/arch/arch/arm/core/mpu/libarch__arm__core__mpu.a(arm_mpu.c.obj)
 .text.arm_core_mpu_enable
                0x000000000000e958       0x18 zephyr/arch/arch/arm/core/mpu/libarch__arm__core__mpu.a(arm_mpu.c.obj)
                0x000000000000e958                arm_core_mpu_enable
 .text.arm_core_mpu_disable
                0x000000000000e970       0x14 zephyr/arch/arch/arm/core/mpu/libarch__arm__core__mpu.a(arm_mpu.c.obj)
                0x000000000000e970                arm_core_mpu_disable
 .text.arm_core_mpu_configure_static_mpu_regions
                0x000000000000e984       0x14 zephyr/arch/arch/arm/core/mpu/libarch__arm__core__mpu.a(arm_mpu.c.obj)
                0x000000000000e984                arm_core_mpu_configure_static_mpu_regions
 .text.arm_core_mpu_mark_areas_for_dynamic_regions
                0x000000000000e998       0xb8 zephyr/arch/arch/arm/core/mpu/libarch__arm__core__mpu.a(arm_mpu.c.obj)
                0x000000000000e998                arm_core_mpu_mark_areas_for_dynamic_regions
 .text.z_arm_mpu_init
                0x000000000000ea50      0x11c zephyr/arch/arch/arm/core/mpu/libarch__arm__core__mpu.a(arm_mpu.c.obj)
                0x000000000000ea50                z_arm_mpu_init
 .text.z_impl_zephyr_fputc
                0x000000000000eb6c       0x10 zephyr/lib/libc/picolibc/liblib__libc__picolibc.a(libc-hooks.c.obj)
                0x000000000000eb6c                z_impl_zephyr_fputc
 .text.__stdout_hook_install
                0x000000000000eb7c       0x18 zephyr/lib/libc/picolibc/liblib__libc__picolibc.a(libc-hooks.c.obj)
                0x000000000000eb7c                __stdout_hook_install
 .text.cbvprintf
                0x000000000000eb94       0x38 zephyr/lib/libc/picolibc/liblib__libc__picolibc.a(libc-hooks.c.obj)
                0x000000000000eb94                cbvprintf
 .text.malloc_prepare
                0x000000000000ebcc       0x24 zephyr/lib/libc/common/liblib__libc__common.a(malloc.c.obj)
 .text.nordicsemi_nrf91_init
                0x000000000000ebf0       0x10 zephyr/soc/soc/nrf9160/libsoc__nordic.a(soc.c.obj)
 .text.arch_busy_wait
                0x000000000000ec00       0x14 zephyr/soc/soc/nrf9160/libsoc__nordic.a(soc.c.obj)
                0x000000000000ec00                arch_busy_wait
 .text.z_impl_sys_rand_get
                0x000000000000ec14       0x40 zephyr/subsys/random/libsubsys__random.a(random_entropy_device.c.obj)
                0x000000000000ec14                z_impl_sys_rand_get
 .text.net_buf_destroy
                0x000000000000ec54       0x38 zephyr/subsys/net/libsubsys__net.a(buf.c.obj)
 .text.net_buf_id
                0x000000000000ec8c       0x20 zephyr/subsys/net/libsubsys__net.a(buf.c.obj)
                0x000000000000ec8c                net_buf_id
 .text.fixed_data_alloc
                0x000000000000ecac       0x24 zephyr/subsys/net/libsubsys__net.a(buf.c.obj)
 .text.net_buf_alloc_len
                0x000000000000ecd0      0x118 zephyr/subsys/net/libsubsys__net.a(buf.c.obj)
                0x000000000000ecd0                net_buf_alloc_len
 .text.net_buf_unref
                0x000000000000ede8       0x38 zephyr/subsys/net/libsubsys__net.a(buf.c.obj)
                0x000000000000ede8                net_buf_unref
 .text.ipv6_multicast_group
                0x000000000000ee20       0x70 zephyr/subsys/net/libsubsys__net.a(sockets.c.obj)
 .text.ipv4_multicast_group.constprop.0
                0x000000000000ee90       0x50 zephyr/subsys/net/libsubsys__net.a(sockets.c.obj)
 .text.zsock_socket_internal
                0x000000000000eee0       0x84 zephyr/subsys/net/libsubsys__net.a(sockets.c.obj)
 .text.zsock_accepted_cb
                0x000000000000ef64       0x4c zephyr/subsys/net/libsubsys__net.a(sockets.c.obj)
 .text.send_check_and_wait
                0x000000000000efb0      0x124 zephyr/subsys/net/libsubsys__net.a(sockets.c.obj)
 .text.sock_ioctl_vmeth
                0x000000000000f0d4      0x1e4 zephyr/subsys/net/libsubsys__net.a(sockets.c.obj)
 .text.z_impl_zsock_socket
                0x000000000000f2b8       0x58 zephyr/subsys/net/libsubsys__net.a(sockets.c.obj)
                0x000000000000f2b8                z_impl_zsock_socket
 .text.zsock_close_ctx
                0x000000000000f310       0x5c zephyr/subsys/net/libsubsys__net.a(sockets.c.obj)
                0x000000000000f310                zsock_close_ctx
 .text.zsock_shutdown_ctx
                0x000000000000f36c       0x68 zephyr/subsys/net/libsubsys__net.a(sockets.c.obj)
                0x000000000000f36c                zsock_shutdown_ctx
 .text.zsock_bind_ctx
                0x000000000000f3d4       0x4c zephyr/subsys/net/libsubsys__net.a(sockets.c.obj)
                0x000000000000f3d4                zsock_bind_ctx
 .text.zsock_connect_ctx
                0x000000000000f420       0xc8 zephyr/subsys/net/libsubsys__net.a(sockets.c.obj)
                0x000000000000f420                zsock_connect_ctx
 .text.zsock_listen_ctx
                0x000000000000f4e8       0x3c zephyr/subsys/net/libsubsys__net.a(sockets.c.obj)
                0x000000000000f4e8                zsock_listen_ctx
 .text.zsock_sendto_ctx
                0x000000000000f524      0x104 zephyr/subsys/net/libsubsys__net.a(sockets.c.obj)
                0x000000000000f524                zsock_sendto_ctx
 .text.zsock_accept_ctx
                0x000000000000f628      0x124 zephyr/subsys/net/libsubsys__net.a(sockets.c.obj)
                0x000000000000f628                zsock_accept_ctx
 .text.zsock_recv_dgram
                0x000000000000f74c      0x2dc zephyr/subsys/net/libsubsys__net.a(sockets.c.obj)
 .text.zsock_recv_stream
                0x000000000000fa28      0x1a4 zephyr/subsys/net/libsubsys__net.a(sockets.c.obj)
 .text.zsock_recvfrom_ctx
                0x000000000000fbcc       0x58 zephyr/subsys/net/libsubsys__net.a(sockets.c.obj)
                0x000000000000fbcc                zsock_recvfrom_ctx
 .text.zsock_recvmsg_ctx
                0x000000000000fc24       0x6c zephyr/subsys/net/libsubsys__net.a(sockets.c.obj)
                0x000000000000fc24                zsock_recvmsg_ctx
 .text.zsock_getsockopt_ctx
                0x000000000000fc90       0xd8 zephyr/subsys/net/libsubsys__net.a(sockets.c.obj)
                0x000000000000fc90                zsock_getsockopt_ctx
 .text.zsock_setsockopt_ctx
                0x000000000000fd68      0x180 zephyr/subsys/net/libsubsys__net.a(sockets.c.obj)
                0x000000000000fd68                zsock_setsockopt_ctx
 .text.zsock_getpeername_ctx
                0x000000000000fee8       0xac zephyr/subsys/net/libsubsys__net.a(sockets.c.obj)
                0x000000000000fee8                zsock_getpeername_ctx
 .text.zsock_getsockname_ctx
                0x000000000000ff94       0x78 zephyr/subsys/net/libsubsys__net.a(sockets.c.obj)
                0x000000000000ff94                zsock_getsockname_ctx
 .text.socket_offload_dns_register
                0x000000000001000c        0xc zephyr/subsys/net/libsubsys__net.a(socket_offload.c.obj)
                0x000000000001000c                socket_offload_dns_register
 .text.net_ipv4_is_ll_addr
                0x0000000000010018       0x18 zephyr/subsys/net/ip/libsubsys__net__ip.a(net_if.c.obj)
 .text.iface_router_find_default.constprop.0
                0x0000000000010030       0x70 zephyr/subsys/net/ip/libsubsys__net__ip.a(net_if.c.obj)
 .text.iface_router_update_timer
                0x00000000000100a0       0x90 zephyr/subsys/net/ip/libsubsys__net__ip.a(net_if.c.obj)
 .text.iface_router_add
                0x0000000000010130       0xe8 zephyr/subsys/net/ip/libsubsys__net__ip.a(net_if.c.obj)
 .text.iface_router_rm
                0x0000000000010218       0x50 zephyr/subsys/net/ip/libsubsys__net__ip.a(net_if.c.obj)
 .text.iface_router_lookup
                0x0000000000010268       0x7c zephyr/subsys/net/ip/libsubsys__net__ip.a(net_if.c.obj)
 .text.iface_router_expired
                0x00000000000102e4       0x8c zephyr/subsys/net/ip/libsubsys__net__ip.a(net_if.c.obj)
 .text.z_impl_net_if_get_by_index
                0x0000000000010370       0x24 zephyr/subsys/net/ip/libsubsys__net__ip.a(net_if.c.obj)
                0x0000000000010370                z_impl_net_if_get_by_index
 .text.dad_timeout
                0x0000000000010394       0xb8 zephyr/subsys/net/ip/libsubsys__net__ip.a(net_if.c.obj)
 .text.net_if_get_default
                0x000000000001044c       0x24 zephyr/subsys/net/ip/libsubsys__net__ip.a(net_if.c.obj)
                0x000000000001044c                net_if_get_default
 .text.net_if_mcast_monitor
                0x0000000000010470       0x54 zephyr/subsys/net/ip/libsubsys__net__ip.a(net_if.c.obj)
                0x0000000000010470                net_if_mcast_monitor
 .text.net_if_config_ipv6_get
                0x00000000000104c4       0x6c zephyr/subsys/net/ip/libsubsys__net__ip.a(net_if.c.obj)
                0x00000000000104c4                net_if_config_ipv6_get
 .text.net_if_start_rs
                0x0000000000010530       0x78 zephyr/subsys/net/ip/libsubsys__net__ip.a(net_if.c.obj)
                0x0000000000010530                net_if_start_rs
 .text.rs_timeout
                0x00000000000105a8       0xf8 zephyr/subsys/net/ip/libsubsys__net__ip.a(net_if.c.obj)
 .text.net_if_stop_rs
                0x00000000000106a0       0x40 zephyr/subsys/net/ip/libsubsys__net__ip.a(net_if.c.obj)
                0x00000000000106a0                net_if_stop_rs
 .text.net_if_ipv6_addr_lookup
                0x00000000000106e0       0x88 zephyr/subsys/net/ip/libsubsys__net__ip.a(net_if.c.obj)
                0x00000000000106e0                net_if_ipv6_addr_lookup
 .text.net_if_ipv6_addr_update_lifetime
                0x0000000000010768       0x5c zephyr/subsys/net/ip/libsubsys__net__ip.a(net_if.c.obj)
                0x0000000000010768                net_if_ipv6_addr_update_lifetime
 .text.net_if_ipv6_maddr_lookup
                0x00000000000107c4       0x98 zephyr/subsys/net/ip/libsubsys__net__ip.a(net_if.c.obj)
                0x00000000000107c4                net_if_ipv6_maddr_lookup
 .text.net_if_ipv6_addr_onlink
                0x000000000001085c       0x88 zephyr/subsys/net/ip/libsubsys__net__ip.a(net_if.c.obj)
                0x000000000001085c                net_if_ipv6_addr_onlink
 .text.net_if_ipv6_prefix_set_timer
                0x00000000000108e4       0x58 zephyr/subsys/net/ip/libsubsys__net__ip.a(net_if.c.obj)
                0x00000000000108e4                net_if_ipv6_prefix_set_timer
 .text.net_if_ipv6_prefix_unset_timer
                0x000000000001093c       0x40 zephyr/subsys/net/ip/libsubsys__net__ip.a(net_if.c.obj)
                0x000000000001093c                net_if_ipv6_prefix_unset_timer
 .text.net_if_ipv6_select_src_addr_hint
                0x000000000001097c       0xc8 zephyr/subsys/net/ip/libsubsys__net__ip.a(net_if.c.obj)
                0x000000000001097c                net_if_ipv6_select_src_addr_hint
 .text.net_if_config_ipv4_get
                0x0000000000010a44       0x68 zephyr/subsys/net/ip/libsubsys__net__ip.a(net_if.c.obj)
                0x0000000000010a44                net_if_config_ipv4_get
 .text.net_if_ipv4_is_addr_bcast
                0x0000000000010aac       0x30 zephyr/subsys/net/ip/libsubsys__net__ip.a(net_if.c.obj)
                0x0000000000010aac                net_if_ipv4_is_addr_bcast
 .text.net_if_ipv4_select_src_iface
                0x0000000000010adc       0x30 zephyr/subsys/net/ip/libsubsys__net__ip.a(net_if.c.obj)
                0x0000000000010adc                net_if_ipv4_select_src_iface
 .text.net_if_ipv4_select_src_addr
                0x0000000000010b0c       0xa8 zephyr/subsys/net/ip/libsubsys__net__ip.a(net_if.c.obj)
                0x0000000000010b0c                net_if_ipv4_select_src_addr
 .text.net_if_ipv4_addr_lookup
                0x0000000000010bb4       0x54 zephyr/subsys/net/ip/libsubsys__net__ip.a(net_if.c.obj)
                0x0000000000010bb4                net_if_ipv4_addr_lookup
 .text.net_if_ipv4_maddr_lookup
                0x0000000000010c08       0x64 zephyr/subsys/net/ip/libsubsys__net__ip.a(net_if.c.obj)
                0x0000000000010c08                net_if_ipv4_maddr_lookup
 .text.net_if_addr_unref
                0x0000000000010c6c      0x100 zephyr/subsys/net/ip/libsubsys__net__ip.a(net_if.c.obj)
                0x0000000000010c6c                net_if_addr_unref
 .text.prefix_lifetime_timeout
                0x0000000000010d6c       0xe0 zephyr/subsys/net/ip/libsubsys__net__ip.a(net_if.c.obj)
 .text.address_lifetime_timeout
                0x0000000000010e4c       0xdc zephyr/subsys/net/ip/libsubsys__net__ip.a(net_if.c.obj)
 .text.net_if_call_link_cb
                0x0000000000010f28       0x4c zephyr/subsys/net/ip/libsubsys__net__ip.a(net_if.c.obj)
                0x0000000000010f28                net_if_call_link_cb
 .text.net_if_tx.isra.0
                0x0000000000010f74       0xbc zephyr/subsys/net/ip/libsubsys__net__ip.a(net_if.c.obj)
 .text.net_if_get_by_iface
                0x0000000000011030       0x2c zephyr/subsys/net/ip/libsubsys__net__ip.a(net_if.c.obj)
                0x0000000000011030                net_if_get_by_iface
 .text.net_if_ipv6_start_dad
                0x000000000001105c       0x8c zephyr/subsys/net/ip/libsubsys__net__ip.a(net_if.c.obj)
                0x000000000001105c                net_if_ipv6_start_dad
 .text.net_if_set_name
                0x00000000000110e8       0x64 zephyr/subsys/net/ip/libsubsys__net__ip.a(net_if.c.obj)
                0x00000000000110e8                net_if_set_name
 .text.net_if_get_by_name
                0x000000000001114c       0x44 zephyr/subsys/net/ip/libsubsys__net__ip.a(net_if.c.obj)
                0x000000000001114c                net_if_get_by_name
 .text.net_if_init
                0x0000000000011190      0x18c zephyr/subsys/net/ip/libsubsys__net__ip.a(net_if.c.obj)
                0x0000000000011190                net_if_init
 .text.net_if_post_init
                0x000000000001131c       0x28 zephyr/subsys/net/ip/libsubsys__net__ip.a(net_if.c.obj)
                0x000000000001131c                net_if_post_init
 .text.net_sprint_ll_addr_buf
                0x0000000000011344       0x58 zephyr/subsys/net/ip/libsubsys__net__ip.a(utils.c.obj)
                0x0000000000011344                net_sprint_ll_addr_buf
 .text.net_ipv4_unspecified_address
                0x000000000001139c        0x8 zephyr/subsys/net/ip/libsubsys__net__ip.a(utils.c.obj)
                0x000000000001139c                net_ipv4_unspecified_address
 .text.net_ipv4_broadcast_address
                0x00000000000113a4        0x8 zephyr/subsys/net/ip/libsubsys__net__ip.a(utils.c.obj)
                0x00000000000113a4                net_ipv4_broadcast_address
 .text.net_ipv6_unspecified_address
                0x00000000000113ac        0x8 zephyr/subsys/net/ip/libsubsys__net__ip.a(utils.c.obj)
                0x00000000000113ac                net_ipv6_unspecified_address
 .text.net_context_packet_received
                0x00000000000113b4       0xb0 zephyr/subsys/net/ip/libsubsys__net__ip.a(net_context.c.obj)
                0x00000000000113b4                net_context_packet_received
 .text.check_used_port
                0x0000000000011464      0x168 zephyr/subsys/net/ip/libsubsys__net__ip.a(net_context.c.obj)
 .text.find_available_port
                0x00000000000115cc       0x40 zephyr/subsys/net/ip/libsubsys__net__ip.a(net_context.c.obj)
 .text.net_context_get
                0x000000000001160c      0x18c zephyr/subsys/net/ip/libsubsys__net__ip.a(net_context.c.obj)
                0x000000000001160c                net_context_get
 .text.net_context_put
                0x0000000000011798       0x50 zephyr/subsys/net/ip/libsubsys__net__ip.a(net_context.c.obj)
                0x0000000000011798                net_context_put
 .text.net_context_recv
                0x00000000000117e8      0x174 zephyr/subsys/net/ip/libsubsys__net__ip.a(net_context.c.obj)
                0x00000000000117e8                net_context_recv
 .text.net_context_set_option
                0x000000000001195c      0x100 zephyr/subsys/net/ip/libsubsys__net__ip.a(net_context.c.obj)
                0x000000000001195c                net_context_set_option
 .text.net_context_get_option
                0x0000000000011a5c       0xb4 zephyr/subsys/net/ip/libsubsys__net__ip.a(net_context.c.obj)
                0x0000000000011a5c                net_context_get_option
 .text.net_context_init
                0x0000000000011b10       0x10 zephyr/subsys/net/ip/libsubsys__net__ip.a(net_context.c.obj)
                0x0000000000011b10                net_context_init
 .text.net_pkt_get_reserve_rx_data
                0x0000000000011b20        0xc zephyr/subsys/net/ip/libsubsys__net__ip.a(net_pkt.c.obj)
                0x0000000000011b20                net_pkt_get_reserve_rx_data
 .text.net_pkt_get_reserve_tx_data
                0x0000000000011b2c        0xc zephyr/subsys/net/ip/libsubsys__net__ip.a(net_pkt.c.obj)
                0x0000000000011b2c                net_pkt_get_reserve_tx_data
 .text.net_pkt_get_frag
                0x0000000000011b38       0x20 zephyr/subsys/net/ip/libsubsys__net__ip.a(net_pkt.c.obj)
                0x0000000000011b38                net_pkt_get_frag
 .text.pkt_alloc
                0x0000000000011b58       0x58 zephyr/subsys/net/ip/libsubsys__net__ip.a(net_pkt.c.obj)
 .text.net_pkt_alloc
                0x0000000000011bb0       0x10 zephyr/subsys/net/ip/libsubsys__net__ip.a(net_pkt.c.obj)
                0x0000000000011bb0                net_pkt_alloc
 .text.net_pkt_rx_alloc
                0x0000000000011bc0       0x10 zephyr/subsys/net/ip/libsubsys__net__ip.a(net_pkt.c.obj)
                0x0000000000011bc0                net_pkt_rx_alloc
 .text.net_pkt_alloc_buffer
                0x0000000000011bd0       0xc0 zephyr/subsys/net/ip/libsubsys__net__ip.a(net_pkt.c.obj)
                0x0000000000011bd0                net_pkt_alloc_buffer
 .text.net_pkt_alloc_with_buffer
                0x0000000000011c90       0x24 zephyr/subsys/net/ip/libsubsys__net__ip.a(net_pkt.c.obj)
                0x0000000000011c90                net_pkt_alloc_with_buffer
 .text.net_pkt_alloc_buffer_raw
                0x0000000000011cb4       0x5c zephyr/subsys/net/ip/libsubsys__net__ip.a(net_pkt.c.obj)
                0x0000000000011cb4                net_pkt_alloc_buffer_raw
 .text.net_tc_rx_init
                0x0000000000011d10       0x70 zephyr/subsys/net/ip/libsubsys__net__ip.a(net_tc.c.obj)
                0x0000000000011d10                net_tc_rx_init
 .text.k_mutex_lock.constprop.0.isra.0
                0x0000000000011d80       0x10 zephyr/subsys/net/ip/libsubsys__net__ip.a(icmp.c.obj)
 .text.k_mutex_unlock.constprop.0.isra.0
                0x0000000000011d90        0xc zephyr/subsys/net/ip/libsubsys__net__ip.a(icmp.c.obj)
 .text.icmp_call_handlers
                0x0000000000011d9c       0x64 zephyr/subsys/net/ip/libsubsys__net__ip.a(icmp.c.obj)
 .text.net_icmp_init_ctx
                0x0000000000011e00       0x48 zephyr/subsys/net/ip/libsubsys__net__ip.a(icmp.c.obj)
                0x0000000000011e00                net_icmp_init_ctx
 .text.k_mutex_lock.constprop.0.isra.0
                0x0000000000011e48       0x10 zephyr/subsys/net/ip/libsubsys__net__ip.a(connection.c.obj)
 .text.k_mutex_unlock.constprop.0.isra.0
                0x0000000000011e58        0xc zephyr/subsys/net/ip/libsubsys__net__ip.a(connection.c.obj)
 .text.conn_set_unused
                0x0000000000011e64       0x34 zephyr/subsys/net/ip/libsubsys__net__ip.a(connection.c.obj)
 .text.net_conn_register
                0x0000000000011e98      0x278 zephyr/subsys/net/ip/libsubsys__net__ip.a(connection.c.obj)
                0x0000000000011e98                net_conn_register
 .text.net_conn_unregister
                0x0000000000012110       0x78 zephyr/subsys/net/ip/libsubsys__net__ip.a(connection.c.obj)
                0x0000000000012110                net_conn_unregister
 .text.net_conn_update
                0x0000000000012188       0x40 zephyr/subsys/net/ip/libsubsys__net__ip.a(connection.c.obj)
                0x0000000000012188                net_conn_update
 .text.net_conn_input
                0x00000000000121c8      0x298 zephyr/subsys/net/ip/libsubsys__net__ip.a(connection.c.obj)
                0x00000000000121c8                net_conn_input
 .text.net_conn_init
                0x0000000000012460       0x40 zephyr/subsys/net/ip/libsubsys__net__ip.a(connection.c.obj)
                0x0000000000012460                net_conn_init
 .text.net_icmpv4_init
                0x00000000000124a0       0x14 zephyr/subsys/net/ip/libsubsys__net__ip.a(icmpv4.c.obj)
                0x00000000000124a0                net_icmpv4_init
 .text.net_icmpv6_init
                0x00000000000124b4       0x14 zephyr/subsys/net/ip/libsubsys__net__ip.a(icmpv6.c.obj)
                0x00000000000124b4                net_icmpv6_init
 .text.net_nbr_link
                0x00000000000124c8       0xc4 zephyr/subsys/net/ip/libsubsys__net__ip.a(nbr.c.obj)
                0x00000000000124c8                net_nbr_link
 .text.net_nbr_unlink
                0x000000000001258c       0x48 zephyr/subsys/net/ip/libsubsys__net__ip.a(nbr.c.obj)
                0x000000000001258c                net_nbr_unlink
 .text.net_nbr_get_lladdr
                0x00000000000125d4       0x10 zephyr/subsys/net/ip/libsubsys__net__ip.a(nbr.c.obj)
                0x00000000000125d4                net_nbr_get_lladdr
 .text.net_ipv6_input
                0x00000000000125e4      0x3cc zephyr/subsys/net/ip/libsubsys__net__ip.a(ipv6.c.obj)
                0x00000000000125e4                net_ipv6_input
 .text.ipv6_nd_restart_reachable_timer
                0x00000000000129b0       0x88 zephyr/subsys/net/ip/libsubsys__net__ip.a(ipv6_nbr.c.obj)
 .text.ipv6_nbr_set_state
                0x0000000000012a38       0x6c zephyr/subsys/net/ip/libsubsys__net__ip.a(ipv6_nbr.c.obj)
 .text.nbr_new  0x0000000000012aa4       0x84 zephyr/subsys/net/ip/libsubsys__net__ip.a(ipv6_nbr.c.obj)
 .text.dbg_update_neighbor_lladdr.constprop.0
                0x0000000000012b28       0x28 zephyr/subsys/net/ip/libsubsys__net__ip.a(ipv6_nbr.c.obj)
 .text.nbr_lookup.constprop.0
                0x0000000000012b50       0x44 zephyr/subsys/net/ip/libsubsys__net__ip.a(ipv6_nbr.c.obj)
 .text.net_ipv6_nbr_lock
                0x0000000000012b94       0x14 zephyr/subsys/net/ip/libsubsys__net__ip.a(ipv6_nbr.c.obj)
                0x0000000000012b94                net_ipv6_nbr_lock
 .text.net_ipv6_nbr_unlock
                0x0000000000012ba8        0xc zephyr/subsys/net/ip/libsubsys__net__ip.a(ipv6_nbr.c.obj)
                0x0000000000012ba8                net_ipv6_nbr_unlock
 .text.ipv6_ns_reply_timeout
                0x0000000000012bb4       0xbc zephyr/subsys/net/ip/libsubsys__net__ip.a(ipv6_nbr.c.obj)
 .text.add_nbr  0x0000000000012c70       0xa0 zephyr/subsys/net/ip/libsubsys__net__ip.a(ipv6_nbr.c.obj)
 .text.net_ipv6_send_ns
                0x0000000000012d10      0x1f0 zephyr/subsys/net/ip/libsubsys__net__ip.a(ipv6_nbr.c.obj)
                0x0000000000012d10                net_ipv6_send_ns
 .text.handle_ra_input
                0x0000000000012f00      0x490 zephyr/subsys/net/ip/libsubsys__net__ip.a(ipv6_nbr.c.obj)
 .text.ipv6_nd_reachable_timeout
                0x0000000000013390       0xec zephyr/subsys/net/ip/libsubsys__net__ip.a(ipv6_nbr.c.obj)
 .text.net_ipv6_nbr_init
                0x000000000001347c       0x64 zephyr/subsys/net/ip/libsubsys__net__ip.a(ipv6_nbr.c.obj)
                0x000000000001347c                net_ipv6_nbr_init
 .text.net_ipv6_mld_init
                0x00000000000134e0       0x14 zephyr/subsys/net/ip/libsubsys__net__ip.a(ipv6_mld.c.obj)
                0x00000000000134e0                net_ipv6_mld_init
 .text.nbr_new  0x00000000000134f4       0x5c zephyr/subsys/net/ip/libsubsys__net__ip.a(route.c.obj)
 .text.net_route_get_nbr
                0x0000000000013550       0x38 zephyr/subsys/net/ip/libsubsys__net__ip.a(route.c.obj)
                0x0000000000013550                net_route_get_nbr
 .text.net_route_lookup
                0x0000000000013588       0xbc zephyr/subsys/net/ip/libsubsys__net__ip.a(route.c.obj)
                0x0000000000013588                net_route_lookup
 .text.net_route_update_lifetime
                0x0000000000013644       0x88 zephyr/subsys/net/ip/libsubsys__net__ip.a(route.c.obj)
                0x0000000000013644                net_route_update_lifetime
 .text.net_route_del
                0x00000000000136cc       0x7c zephyr/subsys/net/ip/libsubsys__net__ip.a(route.c.obj)
                0x00000000000136cc                net_route_del
 .text.route_lifetime_timeout
                0x0000000000013748       0xa8 zephyr/subsys/net/ip/libsubsys__net__ip.a(route.c.obj)
 .text.net_route_del_by_nexthop
                0x00000000000137f0       0x58 zephyr/subsys/net/ip/libsubsys__net__ip.a(route.c.obj)
                0x00000000000137f0                net_route_del_by_nexthop
 .text.net_route_add
                0x0000000000013848      0x148 zephyr/subsys/net/ip/libsubsys__net__ip.a(route.c.obj)
                0x0000000000013848                net_route_add
 .text.net_route_init
                0x0000000000013990       0x10 zephyr/subsys/net/ip/libsubsys__net__ip.a(route.c.obj)
                0x0000000000013990                net_route_init
 .text.tcp_send
                0x00000000000139a0       0x30 zephyr/subsys/net/ip/libsubsys__net__ip.a(tcp.c.obj)
 .text.tcp_setup_last_ack_timer
                0x00000000000139d0       0x4c zephyr/subsys/net/ip/libsubsys__net__ip.a(tcp.c.obj)
 .text.tcp_send_timer_cancel
                0x0000000000013a1c       0x90 zephyr/subsys/net/ip/libsubsys__net__ip.a(tcp.c.obj)
 .text.tcp_enter_time_wait
                0x0000000000013aac       0x28 zephyr/subsys/net/ip/libsubsys__net__ip.a(tcp.c.obj)
 .text.tcp_send_process_no_lock
                0x0000000000013ad4      0x134 zephyr/subsys/net/ip/libsubsys__net__ip.a(tcp.c.obj)
 .text.tcp_conn_release
                0x0000000000013c08      0x14c zephyr/subsys/net/ip/libsubsys__net__ip.a(tcp.c.obj)
 .text.tcp_conn_unref.isra.0
                0x0000000000013d54       0x60 zephyr/subsys/net/ip/libsubsys__net__ip.a(tcp.c.obj)
 .text.net_tcp_get
                0x0000000000013db4      0x194 zephyr/subsys/net/ip/libsubsys__net__ip.a(tcp.c.obj)
                0x0000000000013db4                net_tcp_get
 .text.net_tcp_accept
                0x0000000000013f48       0xbc zephyr/subsys/net/ip/libsubsys__net__ip.a(tcp.c.obj)
                0x0000000000013f48                net_tcp_accept
 .text.tcp_out_ext
                0x0000000000014004      0x1c8 zephyr/subsys/net/ip/libsubsys__net__ip.a(tcp.c.obj)
 .text.tcp_send_zwp
                0x00000000000141cc       0xbc zephyr/subsys/net/ip/libsubsys__net__ip.a(tcp.c.obj)
 .text.net_tcp_put
                0x0000000000014288       0xe4 zephyr/subsys/net/ip/libsubsys__net__ip.a(tcp.c.obj)
                0x0000000000014288                net_tcp_put
 .text.tcp_resend_data
                0x000000000001436c      0x1f4 zephyr/subsys/net/ip/libsubsys__net__ip.a(tcp.c.obj)
 .text.tcp_data_get
                0x0000000000014560       0xfc zephyr/subsys/net/ip/libsubsys__net__ip.a(tcp.c.obj)
 .text.tcp_send_queued_data.part.0
                0x000000000001465c       0xb4 zephyr/subsys/net/ip/libsubsys__net__ip.a(tcp.c.obj)
 .text.tcp_in   0x0000000000014710      0xea0 zephyr/subsys/net/ip/libsubsys__net__ip.a(tcp.c.obj)
 .text.net_tcp_connect
                0x00000000000155b0      0x270 zephyr/subsys/net/ip/libsubsys__net__ip.a(tcp.c.obj)
                0x00000000000155b0                net_tcp_connect
 .text.tcp_recv
                0x0000000000015820      0x208 zephyr/subsys/net/ip/libsubsys__net__ip.a(tcp.c.obj)
 .text.net_tcp_init
                0x0000000000015a28       0x50 zephyr/subsys/net/ip/libsubsys__net__ip.a(tcp.c.obj)
                0x0000000000015a28                net_tcp_init
 .text._zbus_vded_exec
                0x0000000000015a78       0xd8 zephyr/subsys/zbus/libsubsys__zbus.a(zbus.c.obj)
 .text._zbus_init
                0x0000000000015b50       0x68 zephyr/subsys/zbus/libsubsys__zbus.a(zbus.c.obj)
                0x0000000000015b50                _zbus_init
 .text.chan_lock.constprop.0
                0x0000000000015bb8       0x88 zephyr/subsys/zbus/libsubsys__zbus.a(zbus.c.obj)
 .text.zbus_chan_pub
                0x0000000000015c40       0x90 zephyr/subsys/zbus/libsubsys__zbus.a(zbus.c.obj)
                0x0000000000015c40                zbus_chan_pub
 .text.onoff_stop
                0x0000000000015cd0       0x30 zephyr/drivers/clock_control/libdrivers__clock_control.a(clock_control_nrf.c.obj)
 .text.onoff_start
                0x0000000000015d00       0x44 zephyr/drivers/clock_control/libdrivers__clock_control.a(clock_control_nrf.c.obj)
 .text.generic_hfclk_stop
                0x0000000000015d44       0x34 zephyr/drivers/clock_control/libdrivers__clock_control.a(clock_control_nrf.c.obj)
 .text.clk_init
                0x0000000000015d78       0x58 zephyr/drivers/clock_control/libdrivers__clock_control.a(clock_control_nrf.c.obj)
 .text.api_blocking_start
                0x0000000000015dd0       0x3c zephyr/drivers/clock_control/libdrivers__clock_control.a(clock_control_nrf.c.obj)
 .text.clkstarted_handle.constprop.0
                0x0000000000015e0c       0x4c zephyr/drivers/clock_control/libdrivers__clock_control.a(clock_control_nrf.c.obj)
 .text.generic_hfclk_start
                0x0000000000015e58       0x7c zephyr/drivers/clock_control/libdrivers__clock_control.a(clock_control_nrf.c.obj)
 .text.clock_event_handler
                0x0000000000015ed4       0x1c zephyr/drivers/clock_control/libdrivers__clock_control.a(clock_control_nrf.c.obj)
 .text.z_nrf_clock_control_lf_on
                0x0000000000015ef0       0xf4 zephyr/drivers/clock_control/libdrivers__clock_control.a(clock_control_nrf.c.obj)
                0x0000000000015ef0                z_nrf_clock_control_lf_on
 .text.uart_console_init
                0x0000000000015fe4       0x28 zephyr/drivers/console/libdrivers__console.a(uart_console.c.obj)
 .text.console_out
                0x000000000001600c       0x28 zephyr/drivers/console/libdrivers__console.a(uart_console.c.obj)
 .text.flash_nrf_pages_layout
                0x0000000000016034       0x10 zephyr/drivers/flash/libdrivers__flash.a(soc_flash_nrf.c.obj)
 .text.flash_nrf_get_parameters
                0x0000000000016044        0x8 zephyr/drivers/flash/libdrivers__flash.a(soc_flash_nrf.c.obj)
 .text.flash_nrf_read.part.0
                0x000000000001604c       0x28 zephyr/drivers/flash/libdrivers__flash.a(soc_flash_nrf.c.obj)
 .text.nrf_flash_init
                0x0000000000016074       0x28 zephyr/drivers/flash/libdrivers__flash.a(soc_flash_nrf.c.obj)
 .text.flash_nrf_erase
                0x000000000001609c       0x98 zephyr/drivers/flash/libdrivers__flash.a(soc_flash_nrf.c.obj)
 .text.flash_nrf_write
                0x0000000000016134       0x98 zephyr/drivers/flash/libdrivers__flash.a(soc_flash_nrf.c.obj)
 .text.gpio_nrfx_init
                0x00000000000161cc       0x48 zephyr/drivers/gpio/libdrivers__gpio.a(gpio_nrfx.c.obj)
 .text.nrfx_gpio_handler
                0x0000000000016214       0x3c zephyr/drivers/gpio/libdrivers__gpio.a(gpio_nrfx.c.obj)
 .text.gpio_nrfx_pin_configure
                0x0000000000016250      0x180 zephyr/drivers/gpio/libdrivers__gpio.a(gpio_nrfx.c.obj)
 .text.gpio_nrfx_pin_interrupt_configure
                0x00000000000163d0       0xf4 zephyr/drivers/gpio/libdrivers__gpio.a(gpio_nrfx.c.obj)
 .text.i2c_nrfx_twim_configure
                0x00000000000164c4       0x48 zephyr/drivers/i2c/libdrivers__i2c.a(i2c_nrfx_twim.c.obj)
 .text.i2c_nrfx_twim_init
                0x000000000001650c       0x80 zephyr/drivers/i2c/libdrivers__i2c.a(i2c_nrfx_twim.c.obj)
 .text.i2c_nrfx_twim_recover_bus
                0x000000000001658c       0x3c zephyr/drivers/i2c/libdrivers__i2c.a(i2c_nrfx_twim.c.obj)
 .text.event_handler
                0x00000000000165c8       0x34 zephyr/drivers/i2c/libdrivers__i2c.a(i2c_nrfx_twim.c.obj)
 .text.i2c_nrfx_twim_transfer
                0x00000000000165fc      0x1e0 zephyr/drivers/i2c/libdrivers__i2c.a(i2c_nrfx_twim.c.obj)
 .text.pinctrl_configure_pins
                0x00000000000167dc      0x17c zephyr/drivers/pinctrl/libdrivers__pinctrl.a(pinctrl_nrf.c.obj)
                0x00000000000167dc                pinctrl_configure_pins
 .text.mpu6050_convert_gyro
                0x0000000000016958       0x30 zephyr/drivers/sensor/tdk/mpu6050/libdrivers__sensor__tdk__mpu6050.a(mpu6050.c.obj)
 .text.mpu6050_sample_fetch
                0x0000000000016988       0x98 zephyr/drivers/sensor/tdk/mpu6050/libdrivers__sensor__tdk__mpu6050.a(mpu6050.c.obj)
 .text.mpu6050_init
                0x0000000000016a20      0x198 zephyr/drivers/sensor/tdk/mpu6050/libdrivers__sensor__tdk__mpu6050.a(mpu6050.c.obj)
                0x0000000000016a20                mpu6050_init
 .text.mpu6050_channel_get
                0x0000000000016bb8      0x1d4 zephyr/drivers/sensor/tdk/mpu6050/libdrivers__sensor__tdk__mpu6050.a(mpu6050.c.obj)
 .text.uarte_0_init
                0x0000000000016d8c      0x25c zephyr/drivers/serial/libdrivers__serial.a(uart_nrfx_uarte.c.obj)
 .text.uarte_nrfx_poll_out
                0x0000000000016fe8       0x98 zephyr/drivers/serial/libdrivers__serial.a(uart_nrfx_uarte.c.obj)
 .text.compare_int_lock
                0x0000000000017080       0x40 zephyr/drivers/timer/libdrivers__timer.a(nrf_rtc_timer.c.obj)
 .text.sys_clock_timeout_handler
                0x00000000000170c0       0x48 zephyr/drivers/timer/libdrivers__timer.a(nrf_rtc_timer.c.obj)
 .text.compare_int_unlock
                0x0000000000017108       0x4c zephyr/drivers/timer/libdrivers__timer.a(nrf_rtc_timer.c.obj)
 .text.z_nrf_rtc_timer_read
                0x0000000000017154       0x44 zephyr/drivers/timer/libdrivers__timer.a(nrf_rtc_timer.c.obj)
                0x0000000000017154                z_nrf_rtc_timer_read
 .text.compare_set
                0x0000000000017198      0x124 zephyr/drivers/timer/libdrivers__timer.a(nrf_rtc_timer.c.obj)
 .text.sys_clock_driver_init
                0x00000000000172bc       0x90 zephyr/drivers/timer/libdrivers__timer.a(nrf_rtc_timer.c.obj)
 .text.rtc_nrf_isr
                0x000000000001734c       0xd0 zephyr/drivers/timer/libdrivers__timer.a(nrf_rtc_timer.c.obj)
                0x000000000001734c                rtc_nrf_isr
 .text.sys_clock_set_timeout
                0x000000000001741c       0x5c zephyr/drivers/timer/libdrivers__timer.a(nrf_rtc_timer.c.obj)
                0x000000000001741c                sys_clock_set_timeout
 .text.sys_clock_elapsed
                0x0000000000017478       0x14 zephyr/drivers/timer/libdrivers__timer.a(nrf_rtc_timer.c.obj)
                0x0000000000017478                sys_clock_elapsed
 .text.thread_monitor_entry_get
                0x000000000001748c       0x48 modules/nrf/lib/nrf_modem_lib/lib..__nrf__lib__nrf_modem_lib.a(nrf_modem_os.c.obj)
 .text.on_init  0x00000000000174d4       0x20 modules/nrf/lib/nrf_modem_lib/lib..__nrf__lib__nrf_modem_lib.a(nrf_modem_os.c.obj)
 .text.nrf_modem_os_timedwait
                0x00000000000174f4      0x190 modules/nrf/lib/nrf_modem_lib/lib..__nrf__lib__nrf_modem_lib.a(nrf_modem_os.c.obj)
                0x00000000000174f4                nrf_modem_os_timedwait
 .text.nrf_modem_os_errno_set
                0x0000000000017684       0x14 modules/nrf/lib/nrf_modem_lib/lib..__nrf__lib__nrf_modem_lib.a(nrf_modem_os.c.obj)
                0x0000000000017684                nrf_modem_os_errno_set
 .text.nrf_modem_os_sem_init
                0x0000000000017698       0x44 modules/nrf/lib/nrf_modem_lib/lib..__nrf__lib__nrf_modem_lib.a(nrf_modem_os.c.obj)
                0x0000000000017698                nrf_modem_os_sem_init
 .text.nrf_modem_os_event_notify
                0x00000000000176dc       0x38 modules/nrf/lib/nrf_modem_lib/lib..__nrf__lib__nrf_modem_lib.a(nrf_modem_os.c.obj)
                0x00000000000176dc                nrf_modem_os_event_notify
 .text.nrf_modem_os_alloc
                0x0000000000017714       0x10 modules/nrf/lib/nrf_modem_lib/lib..__nrf__lib__nrf_modem_lib.a(nrf_modem_os.c.obj)
                0x0000000000017714                nrf_modem_os_alloc
 .text.nrf_modem_os_free
                0x0000000000017724        0xc modules/nrf/lib/nrf_modem_lib/lib..__nrf__lib__nrf_modem_lib.a(nrf_modem_os.c.obj)
                0x0000000000017724                nrf_modem_os_free
 .text.nrf_modem_os_shm_tx_alloc
                0x0000000000017730       0x10 modules/nrf/lib/nrf_modem_lib/lib..__nrf__lib__nrf_modem_lib.a(nrf_modem_os.c.obj)
                0x0000000000017730                nrf_modem_os_shm_tx_alloc
 .text.nrf_modem_os_shm_tx_free
                0x0000000000017740        0xc modules/nrf/lib/nrf_modem_lib/lib..__nrf__lib__nrf_modem_lib.a(nrf_modem_os.c.obj)
                0x0000000000017740                nrf_modem_os_shm_tx_free
 .text.cfun_callback
                0x000000000001774c       0x24 modules/nrf/lib/nrf_modem_lib/lib..__nrf__lib__nrf_modem_lib.a(cfun_hooks.c.obj)
 .text.on_modem_init
                0x0000000000017770        0xc modules/nrf/lib/nrf_modem_lib/lib..__nrf__lib__nrf_modem_lib.a(cfun_hooks.c.obj)
 .text.z_to_nrf_optname
                0x000000000001777c      0x140 modules/nrf/lib/nrf_modem_lib/lib..__nrf__lib__nrf_modem_lib.a(nrf91_sockets.c.obj)
 .text.nrf91_socket_offload_init
                0x00000000000178bc       0x24 modules/nrf/lib/nrf_modem_lib/lib..__nrf__lib__nrf_modem_lib.a(nrf91_sockets.c.obj)
 .text.nrf91_socket_offload_setsockopt
                0x00000000000178e0       0x90 modules/nrf/lib/nrf_modem_lib/lib..__nrf__lib__nrf_modem_lib.a(nrf91_sockets.c.obj)
 .text.nrf91_socket_offload_getsockopt
                0x0000000000017970       0xa4 modules/nrf/lib/nrf_modem_lib/lib..__nrf__lib__nrf_modem_lib.a(nrf91_sockets.c.obj)
 .text.nrf91_socket_is_supported
                0x0000000000017a14       0x38 modules/nrf/lib/nrf_modem_lib/lib..__nrf__lib__nrf_modem_lib.a(nrf91_sockets.c.obj)
 .text.pollcb   0x0000000000017a4c       0x30 modules/nrf/lib/nrf_modem_lib/lib..__nrf__lib__nrf_modem_lib.a(nrf91_sockets.c.obj)
 .text.nrf91_socket_offload_sendto
                0x0000000000017a7c       0xb0 modules/nrf/lib/nrf_modem_lib/lib..__nrf__lib__nrf_modem_lib.a(nrf91_sockets.c.obj)
 .text.nrf91_socket_offload_sendmsg
                0x0000000000017b2c      0x118 modules/nrf/lib/nrf_modem_lib/lib..__nrf__lib__nrf_modem_lib.a(nrf91_sockets.c.obj)
 .text.allocate_ctx
                0x0000000000017c44       0x44 modules/nrf/lib/nrf_modem_lib/lib..__nrf__lib__nrf_modem_lib.a(nrf91_sockets.c.obj)
 .text.release_ctx
                0x0000000000017c88       0x2c modules/nrf/lib/nrf_modem_lib/lib..__nrf__lib__nrf_modem_lib.a(nrf91_sockets.c.obj)
 .text.nrf91_iface_api_init
                0x0000000000017cb4       0x38 modules/nrf/lib/nrf_modem_lib/lib..__nrf__lib__nrf_modem_lib.a(nrf91_sockets.c.obj)
 .text.nrf91_socket_offload_ioctl
                0x0000000000017cec      0x114 modules/nrf/lib/nrf_modem_lib/lib..__nrf__lib__nrf_modem_lib.a(nrf91_sockets.c.obj)
 .text.nrf91_socket_create
                0x0000000000017e00       0x94 modules/nrf/lib/nrf_modem_lib/lib..__nrf__lib__nrf_modem_lib.a(nrf91_sockets.c.obj)
 .text.nrf91_socket_offload_getaddrinfo
                0x0000000000017e94      0x130 modules/nrf/lib/nrf_modem_lib/lib..__nrf__lib__nrf_modem_lib.a(nrf91_sockets.c.obj)
 .text.nrf91_socket_offload_accept
                0x0000000000017fc4       0xec modules/nrf/lib/nrf_modem_lib/lib..__nrf__lib__nrf_modem_lib.a(nrf91_sockets.c.obj)
 .text.nrf91_socket_offload_bind
                0x00000000000180b0       0x70 modules/nrf/lib/nrf_modem_lib/lib..__nrf__lib__nrf_modem_lib.a(nrf91_sockets.c.obj)
 .text.set_antenna_configuration.part.0
                0x0000000000018120       0x30 modules/nrf/lib/modem_antenna/lib..__nrf__lib__modem_antenna.a(modem_antenna.c.obj)
 .text.on_modem_lib_init
                0x0000000000018150       0x40 modules/nrf/lib/modem_antenna/lib..__nrf__lib__modem_antenna.a(modem_antenna.c.obj)
 .text.ns_fault_init
                0x0000000000018190       0x34 modules/nrf/modules/trusted-firmware-m/lib..__nrf__modules__trusted-firmware-m.a(fault.c.obj)
 .text.arm_fault
                0x00000000000181c4      0x2d0 modules/nrf/modules/trusted-firmware-m/lib..__nrf__modules__trusted-firmware-m.a(fault.c.obj)
                0x00000000000181c4                arm_fault
 .text.tfm_ns_fault_handler_callback
                0x0000000000018494       0x48 modules/nrf/modules/trusted-firmware-m/lib..__nrf__modules__trusted-firmware-m.a(fault.c.obj)
                0x0000000000018494                tfm_ns_fault_handler_callback
 .text.tfm_ns_interface_dispatch
                0x00000000000184dc       0x68 modules/trusted-firmware-m/libtfm_api.a(interface.c.obj)
                0x00000000000184dc                tfm_ns_interface_dispatch
 .text.tfm_platform_ioctl
                0x0000000000018544       0x4c modules/trusted-firmware-m/libtfm_api.a(tfm_platform_api.c.obj)
                0x0000000000018544                tfm_platform_ioctl
 .text.psa_generate_random
                0x0000000000018590       0x40 modules/trusted-firmware-m/libtfm_api.a(tfm_crypto_api.c.obj)
                0x0000000000018590                psa_generate_random
 .text.psa_call
                0x00000000000185d0       0x34 modules/trusted-firmware-m/libtfm_api.a(tfm_tz_psa_ns_api.c.obj)
                0x00000000000185d0                psa_call
 .text.nrfx_flag32_alloc
                0x0000000000018604       0x40 modules/hal_nordic/nrfx/libmodules__hal_nordic__nrfx.a(nrfx_flag32_allocator.c.obj)
                0x0000000000018604                nrfx_flag32_alloc
 .text.nrfx_flag32_free
                0x0000000000018644       0x38 modules/hal_nordic/nrfx/libmodules__hal_nordic__nrfx.a(nrfx_flag32_allocator.c.obj)
                0x0000000000018644                nrfx_flag32_free
 .text.nrfx_gppi_channels_enable
                0x000000000001867c        0xc modules/hal_nordic/nrfx/libmodules__hal_nordic__nrfx.a(nrfx_gppi_dppi.c.obj)
                0x000000000001867c                nrfx_gppi_channels_enable
 .text.clock_stop
                0x0000000000018688       0xb0 modules/hal_nordic/nrfx/libmodules__hal_nordic__nrfx.a(nrfx_clock.c.obj)
 .text.nrfx_clock_init
                0x0000000000018738       0x20 modules/hal_nordic/nrfx/libmodules__hal_nordic__nrfx.a(nrfx_clock.c.obj)
                0x0000000000018738                nrfx_clock_init
 .text.nrfx_clock_enable
                0x0000000000018758       0x28 modules/hal_nordic/nrfx/libmodules__hal_nordic__nrfx.a(nrfx_clock.c.obj)
                0x0000000000018758                nrfx_clock_enable
 .text.nrfx_clock_start
                0x0000000000018780       0xb8 modules/hal_nordic/nrfx/libmodules__hal_nordic__nrfx.a(nrfx_clock.c.obj)
                0x0000000000018780                nrfx_clock_start
 .text.nrfx_power_clock_irq_handler
                0x0000000000018838       0x64 modules/hal_nordic/nrfx/libmodules__hal_nordic__nrfx.a(nrfx_clock.c.obj)
                0x0000000000018838                nrfx_power_clock_irq_handler
 .text.nrfx_dppi_channel_alloc
                0x000000000001889c        0xc modules/hal_nordic/nrfx/libmodules__hal_nordic__nrfx.a(nrfx_dppi.c.obj)
                0x000000000001889c                nrfx_dppi_channel_alloc
 .text.nrf_gpio_pin_port_decode
                0x00000000000188a8       0x18 modules/hal_nordic/nrfx/libmodules__hal_nordic__nrfx.a(nrfx_gpiote.c.obj)
 .text.release_handler
                0x00000000000188c0       0x6c modules/hal_nordic/nrfx/libmodules__hal_nordic__nrfx.a(nrfx_gpiote.c.obj)
 .text.pin_te_get.isra.0
                0x000000000001892c       0x18 modules/hal_nordic/nrfx/libmodules__hal_nordic__nrfx.a(nrfx_gpiote.c.obj)
 .text.pin_is_input.isra.0
                0x0000000000018944       0x20 modules/hal_nordic/nrfx/libmodules__hal_nordic__nrfx.a(nrfx_gpiote.c.obj)
 .text.pin_in_use_by_te.isra.0
                0x0000000000018964       0x1c modules/hal_nordic/nrfx/libmodules__hal_nordic__nrfx.a(nrfx_gpiote.c.obj)
 .text.latch_pending_read_and_check
                0x0000000000018980       0x1c modules/hal_nordic/nrfx/libmodules__hal_nordic__nrfx.a(nrfx_gpiote.c.obj)
 .text.__nrfy_internal_gpiote_events_process.constprop.0
                0x000000000001899c       0x5c modules/hal_nordic/nrfx/libmodules__hal_nordic__nrfx.a(nrfx_gpiote.c.obj)
 .text.irq_handler.constprop.0
                0x00000000000189f8      0x15c modules/hal_nordic/nrfx/libmodules__hal_nordic__nrfx.a(nrfx_gpiote.c.obj)
 .text.pin_uninit
                0x0000000000018b54       0xa0 modules/hal_nordic/nrfx/libmodules__hal_nordic__nrfx.a(nrfx_gpiote.c.obj)
 .text.nrfx_gpiote_input_configure
                0x0000000000018bf4      0x1f8 modules/hal_nordic/nrfx/libmodules__hal_nordic__nrfx.a(nrfx_gpiote.c.obj)
                0x0000000000018bf4                nrfx_gpiote_input_configure
 .text.nrfx_gpiote_output_configure
                0x0000000000018dec      0x130 modules/hal_nordic/nrfx/libmodules__hal_nordic__nrfx.a(nrfx_gpiote.c.obj)
                0x0000000000018dec                nrfx_gpiote_output_configure
 .text.nrfx_gpiote_global_callback_set
                0x0000000000018f1c       0x1c modules/hal_nordic/nrfx/libmodules__hal_nordic__nrfx.a(nrfx_gpiote.c.obj)
                0x0000000000018f1c                nrfx_gpiote_global_callback_set
 .text.nrfx_gpiote_channel_get
                0x0000000000018f38       0x38 modules/hal_nordic/nrfx/libmodules__hal_nordic__nrfx.a(nrfx_gpiote.c.obj)
                0x0000000000018f38                nrfx_gpiote_channel_get
 .text.nrfx_gpiote_init
                0x0000000000018f70       0x78 modules/hal_nordic/nrfx/libmodules__hal_nordic__nrfx.a(nrfx_gpiote.c.obj)
                0x0000000000018f70                nrfx_gpiote_init
 .text.nrfx_gpiote_init_check
                0x0000000000018fe8       0x1c modules/hal_nordic/nrfx/libmodules__hal_nordic__nrfx.a(nrfx_gpiote.c.obj)
                0x0000000000018fe8                nrfx_gpiote_init_check
 .text.nrfx_gpiote_channel_free
                0x0000000000019004       0x18 modules/hal_nordic/nrfx/libmodules__hal_nordic__nrfx.a(nrfx_gpiote.c.obj)
                0x0000000000019004                nrfx_gpiote_channel_free
 .text.nrfx_gpiote_channel_alloc
                0x000000000001901c       0x18 modules/hal_nordic/nrfx/libmodules__hal_nordic__nrfx.a(nrfx_gpiote.c.obj)
                0x000000000001901c                nrfx_gpiote_channel_alloc
 .text.nrfx_gpiote_trigger_enable
                0x0000000000019034       0xb0 modules/hal_nordic/nrfx/libmodules__hal_nordic__nrfx.a(nrfx_gpiote.c.obj)
                0x0000000000019034                nrfx_gpiote_trigger_enable
 .text.nrfx_gpiote_1_irq_handler
                0x00000000000190e4        0xc modules/hal_nordic/nrfx/libmodules__hal_nordic__nrfx.a(nrfx_gpiote.c.obj)
                0x00000000000190e4                nrfx_gpiote_1_irq_handler
 .text.nrfx_ipc_init
                0x00000000000190f0       0x30 modules/hal_nordic/nrfx/libmodules__hal_nordic__nrfx.a(nrfx_ipc.c.obj)
                0x00000000000190f0                nrfx_ipc_init
 .text.nrfx_ipc_config_load
                0x0000000000019120       0x40 modules/hal_nordic/nrfx/libmodules__hal_nordic__nrfx.a(nrfx_ipc.c.obj)
                0x0000000000019120                nrfx_ipc_config_load
 .text.nrfx_ipc_uninit
                0x0000000000019160       0x64 modules/hal_nordic/nrfx/libmodules__hal_nordic__nrfx.a(nrfx_ipc.c.obj)
                0x0000000000019160                nrfx_ipc_uninit
 .text.nrfx_ipc_receive_event_enable
                0x00000000000191c4       0x10 modules/hal_nordic/nrfx/libmodules__hal_nordic__nrfx.a(nrfx_ipc.c.obj)
                0x00000000000191c4                nrfx_ipc_receive_event_enable
 .text.nrfx_ipc_receive_event_disable
                0x00000000000191d4       0x10 modules/hal_nordic/nrfx/libmodules__hal_nordic__nrfx.a(nrfx_ipc.c.obj)
                0x00000000000191d4                nrfx_ipc_receive_event_disable
 .text.nrfx_ipc_irq_handler
                0x00000000000191e4       0x40 modules/hal_nordic/nrfx/libmodules__hal_nordic__nrfx.a(nrfx_ipc.c.obj)
                0x00000000000191e4                nrfx_ipc_irq_handler
 .text.nvmc_word_write
                0x0000000000019224       0x18 modules/hal_nordic/nrfx/libmodules__hal_nordic__nrfx.a(nrfx_nvmc.c.obj)
 .text.nrfx_nvmc_page_erase
                0x000000000001923c       0x38 modules/hal_nordic/nrfx/libmodules__hal_nordic__nrfx.a(nrfx_nvmc.c.obj)
                0x000000000001923c                nrfx_nvmc_page_erase
 .text.nrfx_nvmc_word_write
                0x0000000000019274       0x1c modules/hal_nordic/nrfx/libmodules__hal_nordic__nrfx.a(nrfx_nvmc.c.obj)
                0x0000000000019274                nrfx_nvmc_word_write
 .text.twim_configure
                0x0000000000019290       0x3c modules/hal_nordic/nrfx/libmodules__hal_nordic__nrfx.a(nrfx_twim.c.obj)
 .text.pins_configure
                0x00000000000192cc       0x60 modules/hal_nordic/nrfx/libmodules__hal_nordic__nrfx.a(nrfx_twim.c.obj)
 .text.nrfx_twim_init
                0x000000000001932c       0x74 modules/hal_nordic/nrfx/libmodules__hal_nordic__nrfx.a(nrfx_twim.c.obj)
                0x000000000001932c                nrfx_twim_init
 .text.nrfx_twim_enable
                0x00000000000193a0       0x20 modules/hal_nordic/nrfx/libmodules__hal_nordic__nrfx.a(nrfx_twim.c.obj)
                0x00000000000193a0                nrfx_twim_enable
 .text.nrfx_twim_disable
                0x00000000000193c0       0x3c modules/hal_nordic/nrfx/libmodules__hal_nordic__nrfx.a(nrfx_twim.c.obj)
                0x00000000000193c0                nrfx_twim_disable
 .text.nrfx_twim_xfer
                0x00000000000193fc      0x350 modules/hal_nordic/nrfx/libmodules__hal_nordic__nrfx.a(nrfx_twim.c.obj)
                0x00000000000193fc                nrfx_twim_xfer
 .text.nrfx_twim_2_irq_handler
                0x000000000001974c      0x188 modules/hal_nordic/nrfx/libmodules__hal_nordic__nrfx.a(nrfx_twim.c.obj)
                0x000000000001974c                nrfx_twim_2_irq_handler
 .text.nrf_gpio_pin_port_decode
                0x00000000000198d4       0x18 modules/hal_nordic/nrfx/libmodules__hal_nordic__nrfx.a(nrfx_twi_twim.c.obj)
 .text.nrfx_twi_twim_bus_recover
                0x00000000000198ec       0xd4 modules/hal_nordic/nrfx/libmodules__hal_nordic__nrfx.a(nrfx_twi_twim.c.obj)
                0x00000000000198ec                nrfx_twi_twim_bus_recover
 .text.rpc_handle_data_message
                0x00000000000199c0       0x38 /home/vinicius/bikeshare-workspace/nrfxlib/nrf_modem/lib/cellular/nrf9160/soft-float/libmodem.a(rpc_framework.c.obj)
                0x00000000000199c0                rpc_handle_data_message
 .text.rpc_transport_msg_alloc
                0x00000000000199f8        0xc /home/vinicius/bikeshare-workspace/nrfxlib/nrf_modem/lib/cellular/nrf9160/soft-float/libmodem.a(rpc_transport.c.obj)
                0x00000000000199f8                rpc_transport_msg_alloc
 .text.rpc_transport_msg_data_tx_size
                0x0000000000019a04        0xc /home/vinicius/bikeshare-workspace/nrfxlib/nrf_modem/lib/cellular/nrf9160/soft-float/libmodem.a(rpc_transport.c.obj)
                0x0000000000019a04                rpc_transport_msg_data_tx_size
 .text.rpc_transport_msg_data_rx_free
                0x0000000000019a10        0xc /home/vinicius/bikeshare-workspace/nrfxlib/nrf_modem/lib/cellular/nrf9160/soft-float/libmodem.a(rpc_transport.c.obj)
                0x0000000000019a10                rpc_transport_msg_data_rx_free
 .text.rpc_transport_msg_send
                0x0000000000019a1c        0xc /home/vinicius/bikeshare-workspace/nrfxlib/nrf_modem/lib/cellular/nrf9160/soft-float/libmodem.a(rpc_transport.c.obj)
                0x0000000000019a1c                rpc_transport_msg_send
 .text.rpc_transport_data_rx_suspend
                0x0000000000019a28        0xc /home/vinicius/bikeshare-workspace/nrfxlib/nrf_modem/lib/cellular/nrf9160/soft-float/libmodem.a(rpc_transport.c.obj)
                0x0000000000019a28                rpc_transport_data_rx_suspend
 .text.rpc_transport_data_rx_resume
                0x0000000000019a34        0xc /home/vinicius/bikeshare-workspace/nrfxlib/nrf_modem/lib/cellular/nrf9160/soft-float/libmodem.a(rpc_transport.c.obj)
                0x0000000000019a34                rpc_transport_data_rx_resume
 .text.rpc_transport_ipc_msg_data_tx_size
                0x0000000000019a40        0xc /home/vinicius/bikeshare-workspace/nrfxlib/nrf_modem/lib/cellular/nrf9160/soft-float/libmodem.a(rpc_transport_ipc.c.obj)
 .text.rpc_transport_ipc_msg_tx_free
                0x0000000000019a4c       0x38 /home/vinicius/bikeshare-workspace/nrfxlib/nrf_modem/lib/cellular/nrf9160/soft-float/libmodem.a(rpc_transport_ipc.c.obj)
 .text.handle_modem_rpc_msg
                0x0000000000019a84       0x68 /home/vinicius/bikeshare-workspace/nrfxlib/nrf_modem/lib/cellular/nrf9160/soft-float/libmodem.a(rpc_transport_ipc.c.obj)
 .text.rpc_message_handler
                0x0000000000019aec       0x24 /home/vinicius/bikeshare-workspace/nrfxlib/nrf_modem/lib/cellular/nrf9160/soft-float/libmodem.a(rpc_transport_ipc.c.obj)
 .text.ipc_irq_handler
                0x0000000000019b10       0xec /home/vinicius/bikeshare-workspace/nrfxlib/nrf_modem/lib/cellular/nrf9160/soft-float/libmodem.a(rpc_transport_ipc.c.obj)
                0x0000000000019b10                ipc_irq_handler
 .text.rpc_transport_ipc_ctrl_msg_alloc
                0x0000000000019bfc       0x44 /home/vinicius/bikeshare-workspace/nrfxlib/nrf_modem/lib/cellular/nrf9160/soft-float/libmodem.a(rpc_transport_ipc.c.obj)
 .text.rpc_transport_ipc_data_msg_alloc
                0x0000000000019c40       0x24 /home/vinicius/bikeshare-workspace/nrfxlib/nrf_modem/lib/cellular/nrf9160/soft-float/libmodem.a(rpc_transport_ipc.c.obj)
 .text.rpc_transport_ipc_data_msg_send
                0x0000000000019c64       0x6c /home/vinicius/bikeshare-workspace/nrfxlib/nrf_modem/lib/cellular/nrf9160/soft-float/libmodem.a(rpc_transport_ipc.c.obj)
 .text.rpc_transport_ipc_init