Archive member included to satisfy reference by file (symbol)

platform/libplatform_s.a(system_nrf91.o)
                              secure_fw/CMakeFiles/tfm_s.dir/__/platform/ext/target/nordic_nrf/common/core/startup.o (SystemInit)
platform/libplatform_s.a(exception_info.o)
                              secure_fw/CMakeFiles/tfm_s.dir/__/platform/ext/target/nordic_nrf/common/core/startup_nrf91.o (store_and_dump_context)
platform/libplatform_s.a(tfm_hal_spm_logdev_peripheral.o)
                              platform/libplatform_s.a(exception_info.o) (tfm_hal_output_spm_log)
platform/libplatform_s.a(uart_stdout.o)
                              platform/libplatform_s.a(tfm_hal_spm_logdev_peripheral.o) (stdio_output_string)
platform/libplatform_s.a(Driver_USART.o)
                              platform/libplatform_s.a(uart_stdout.o) (Driver_USART1)
platform/libplatform_s.a(nrfx_uarte.o)
                              platform/libplatform_s.a(Driver_USART.o) (nrfx_uarte_init)
platform/libplatform_s.a(nrfx_glue.o)
                              platform/libplatform_s.a(nrfx_uarte.o) (nrfx_critical_section_enter)
secure_fw/partitions/lib/runtime/libtfm_sprt.a(crt_memmove.o)
                              platform/libplatform_s.a(nrfx_uarte.o) (memmove)
secure_fw/partitions/lib/runtime/libtfm_sprt.a(crt_memcpy.o)
                              platform/libplatform_s.a(exception_info.o) (memcpy)
secure_fw/partitions/lib/runtime/libtfm_sprt.a(crt_memset.o)
                              /home/vinicius/ncs/toolchains/911f4c5c26/opt/zephyr-sdk/arm-zephyr-eabi/bin/../lib/gcc/arm-zephyr-eabi/12.2.0/../../../../arm-zephyr-eabi/lib/thumb/v8-m.main/nofp/crt0.o (memset)
secure_fw/partitions/lib/runtime/libtfm_sprt.a(psa_interface_sfn.o)
                              secure_fw/CMakeFiles/tfm_s.dir/partitions/ns_agent_tz/psa_api_veneers_v80m.o (psa_framework_version)
secure_fw/spm/libtfm_spm.a(utilities.o)
                              secure_fw/CMakeFiles/tfm_s.dir/__/platform/ext/target/nordic_nrf/common/core/startup.o (tfm_core_panic)
secure_fw/spm/libtfm_spm.a(spm_log.o)
                              platform/libplatform_s.a(exception_info.o) (spm_log_msgval)
secure_fw/spm/libtfm_spm.a(main.o)
                              /home/vinicius/ncs/toolchains/911f4c5c26/opt/zephyr-sdk/arm-zephyr-eabi/bin/../lib/gcc/arm-zephyr-eabi/12.2.0/../../../../arm-zephyr-eabi/lib/thumb/v8-m.main/nofp/crt0.o (main)
secure_fw/spm/libtfm_spm.a(psa_api.o)
                              secure_fw/partitions/lib/runtime/libtfm_sprt.a(psa_interface_sfn.o) (spm_handle_programmer_errors)
secure_fw/spm/libtfm_spm.a(psa_call_api.o)
                              secure_fw/partitions/lib/runtime/libtfm_sprt.a(psa_interface_sfn.o) (tfm_spm_client_psa_call)
secure_fw/spm/libtfm_spm.a(psa_version_api.o)
                              secure_fw/partitions/lib/runtime/libtfm_sprt.a(psa_interface_sfn.o) (tfm_spm_client_psa_framework_version)
secure_fw/spm/libtfm_spm.a(psa_read_write_skip_api.o)
                              secure_fw/partitions/lib/runtime/libtfm_sprt.a(psa_interface_sfn.o) (tfm_spm_partition_psa_read)
secure_fw/spm/libtfm_spm.a(backend_sfn.o)
                              secure_fw/partitions/lib/runtime/libtfm_sprt.a(psa_interface_sfn.o) (p_current_partition)
secure_fw/spm/libtfm_spm.a(tfm_svcalls.o)
                              secure_fw/spm/libtfm_spm.a(main.o) (tfm_core_handler_mode)
secure_fw/spm/libtfm_spm.a(spm_local_connection.o)
                              secure_fw/spm/libtfm_spm.a(psa_api.o) (spm_free_connection)
secure_fw/spm/libtfm_spm.a(tfm_arch_v8m_main.o)
                              secure_fw/spm/libtfm_spm.a(main.o) (tfm_arch_set_secure_exception_priorities)
secure_fw/spm/libtfm_spm.a(ns_agent_tz_v80m.o)
                              secure_fw/CMakeFiles/tfm_s.dir/partitions/ns_agent_tz/load_info_ns_agent_tz.o (ns_agent_tz_main)
secure_fw/spm/libtfm_spm.a(tfm_hal_isolation.o)
                              secure_fw/spm/libtfm_spm.a(psa_call_api.o) (tfm_hal_memory_check)
secure_fw/spm/libtfm_spm.a(tfm_hal_platform_common.o)
                              secure_fw/spm/libtfm_spm.a(backend_sfn.o) (tfm_hal_get_ns_entry_point)
secure_fw/spm/libtfm_spm.a(faults.o)
                              secure_fw/CMakeFiles/tfm_s.dir/__/platform/ext/target/nordic_nrf/common/core/startup_nrf91.o (SPU_IRQHandler)
secure_fw/spm/libtfm_spm.a(target_cfg.o)
                              secure_fw/spm/libtfm_spm.a(tfm_hal_platform_common.o) (enable_fault_handlers)
secure_fw/spm/libtfm_spm.a(tfm_boot_data.o)
                              secure_fw/spm/libtfm_spm.a(main.o) (tfm_core_validate_boot_data)
secure_fw/spm/libtfm_spm.a(tfm_arch.o)
                              secure_fw/spm/libtfm_spm.a(tfm_svcalls.o) (tfm_arch_free_msp_and_exc_ret)
secure_fw/spm/libtfm_spm.a(spm_ipc.o)
                              secure_fw/spm/libtfm_spm.a(psa_version_api.o) (tfm_spm_get_service_by_sid)
secure_fw/spm/libtfm_spm.a(rom_loader.o)
[...]
Memory Configuration

Name             Origin             Length             Attributes
FLASH            0x0000000000000000 0x0000000000008000 xr
RAM              0x0000000020000000 0x0000000000008000 xrw
*default*        0x0000000000000000 0xffffffffffffffff

Linker script and memory map

LOAD /home/vinicius/ncs/toolchains/911f4c5c26/opt/zephyr-sdk/arm-zephyr-eabi/bin/../lib/gcc/arm-zephyr-eabi/12.2.0/thumb/v8-m.main/nofp/crti.o
LOAD /home/vinicius/ncs/toolchains/911f4c5c26/opt/zephyr-sdk/arm-zephyr-eabi/bin/../lib/gcc/arm-zephyr-eabi/12.2.0/thumb/v8-m.main/nofp/crtbegin.o
LOAD /home/vinicius/ncs/toolchains/911f4c5c26/opt/zephyr-sdk/arm-zephyr-eabi/bin/../lib/gcc/arm-zephyr-eabi/12.2.0/../../../../arm-zephyr-eabi/lib/thumb/v8-m.main/nofp/crt0.o
LOAD secure_fw/CMakeFiles/tfm_s.dir/partitions/ns_agent_tz/psa_api_veneers_v80m.o
LOAD secure_fw/CMakeFiles/tfm_s.dir/__/platform/ext/target/nordic_nrf/common/core/startup.o
LOAD secure_fw/CMakeFiles/tfm_s.dir/__/platform/ext/target/nordic_nrf/common/core/startup_nrf91.o
LOAD secure_fw/CMakeFiles/tfm_s.dir/__/platform/ext/common/faults.o
LOAD secure_fw/CMakeFiles/tfm_s.dir/__/generated/secure_fw/partitions/crypto/auto_generated/load_info_tfm_crypto.o
LOAD secure_fw/CMakeFiles/tfm_s.dir/__/generated/secure_fw/partitions/platform/auto_generated/load_info_tfm_platform.o
LOAD secure_fw/CMakeFiles/tfm_s.dir/partitions/ns_agent_tz/load_info_ns_agent_tz.o
LOAD secure_fw/CMakeFiles/tfm_s.dir/__/platform/ext/common/syscalls_stub.o
LOAD platform/libplatform_s.a
LOAD secure_fw/partitions/lib/runtime/libtfm_sprt.a
LOAD secure_fw/spm/libtfm_spm.a
LOAD secure_fw/partitions/crypto/libtfm_psa_rot_partition_crypto.a
LOAD platform/libplatform_crypto_keys.a
LOAD secure_fw/partitions/crypto/mbedcrypto/nrf_security_src/libcrypto_service_mbedcrypto.a
LOAD secure_fw/partitions/platform/libtfm_psa_rot_partition_platform.a
LOAD platform/libplatform_s.a
LOAD secure_fw/partitions/lib/runtime/libtfm_sprt.a
LOAD secure_fw/spm/libtfm_spm.a
LOAD secure_fw/partitions/crypto/libtfm_psa_rot_partition_crypto.a
LOAD platform/libplatform_crypto_keys.a
LOAD secure_fw/partitions/crypto/mbedcrypto/nrf_security_src/libcrypto_service_mbedcrypto.a
LOAD secure_fw/partitions/platform/libtfm_psa_rot_partition_platform.a
LOAD platform/libplatform_s.a
LOAD secure_fw/partitions/lib/runtime/libtfm_sprt.a
LOAD secure_fw/spm/libtfm_spm.a
LOAD secure_fw/partitions/crypto/libtfm_psa_rot_partition_crypto.a
LOAD platform/libplatform_crypto_keys.a
LOAD secure_fw/partitions/crypto/mbedcrypto/nrf_security_src/libcrypto_service_mbedcrypto.a
LOAD secure_fw/partitions/platform/libtfm_psa_rot_partition_platform.a
LOAD /home/vinicius/bikeshare-workspace/nrfxlib/crypto/nrf_cc310_platform/lib/cortex-m33/soft-float/no-interrupts/libnrf_cc310_platform_0.9.19.a
LOAD /home/vinicius/bikeshare-workspace/nrfxlib/crypto/nrf_oberon/lib/cortex-m33/soft-float/liboberon_mbedtls_3.0.15.a
LOAD secure_fw/partitions/crypto/mbedcrypto/nrf_security_src/libmbedcrypto_base.a
LOAD /home/vinicius/bikeshare-workspace/nrfxlib/crypto/nrf_oberon/lib/cortex-m33/soft-float/liboberon_3.0.15.a
START GROUP
LOAD /home/vinicius/ncs/toolchains/911f4c5c26/opt/zephyr-sdk/arm-zephyr-eabi/bin/../lib/gcc/arm-zephyr-eabi/12.2.0/thumb/v8-m.main/nofp/libgcc.a
LOAD /home/vinicius/ncs/toolchains/911f4c5c26/opt/zephyr-sdk/arm-zephyr-eabi/bin/../lib/gcc/arm-zephyr-eabi/12.2.0/../../../../arm-zephyr-eabi/lib/thumb/v8-m.main/nofp/libc_nano.a
END GROUP
START GROUP
LOAD /home/vinicius/ncs/toolchains/911f4c5c26/opt/zephyr-sdk/arm-zephyr-eabi/bin/../lib/gcc/arm-zephyr-eabi/12.2.0/thumb/v8-m.main/nofp/libgcc.a
LOAD /home/vinicius/ncs/toolchains/911f4c5c26/opt/zephyr-sdk/arm-zephyr-eabi/bin/../lib/gcc/arm-zephyr-eabi/12.2.0/../../../../arm-zephyr-eabi/lib/thumb/v8-m.main/nofp/libc_nano.a
END GROUP
LOAD /home/vinicius/ncs/toolchains/911f4c5c26/opt/zephyr-sdk/arm-zephyr-eabi/bin/../lib/gcc/arm-zephyr-eabi/12.2.0/thumb/v8-m.main/nofp/crtend.o
LOAD /home/vinicius/ncs/toolchains/911f4c5c26/opt/zephyr-sdk/arm-zephyr-eabi/bin/../lib/gcc/arm-zephyr-eabi/12.2.0/thumb/v8-m.main/nofp/crtn.o
                0x0000000000000800                __msp_stack_size__ = 0x800
START GROUP
LOAD /home/vinicius/ncs/toolchains/911f4c5c26/opt/zephyr-sdk/arm-zephyr-eabi/bin/../lib/gcc/arm-zephyr-eabi/12.2.0/thumb/v8-m.main/nofp/libgcc.a
LOAD /home/vinicius/ncs/toolchains/911f4c5c26/opt/zephyr-sdk/arm-zephyr-eabi/bin/../lib/gcc/arm-zephyr-eabi/12.2.0/../../../../arm-zephyr-eabi/lib/thumb/v8-m.main/nofp/libc.a
LOAD /home/vinicius/ncs/toolchains/911f4c5c26/opt/zephyr-sdk/arm-zephyr-eabi/bin/../lib/gcc/arm-zephyr-eabi/12.2.0/../../../../arm-zephyr-eabi/lib/thumb/v8-m.main/nofp/libm.a
LOAD /home/vinicius/ncs/toolchains/911f4c5c26/opt/zephyr-sdk/arm-zephyr-eabi/bin/../lib/gcc/arm-zephyr-eabi/12.2.0/../../../../arm-zephyr-eabi/lib/thumb/v8-m.main/nofp/libnosys.a
LOAD /home/vinicius/ncs/toolchains/911f4c5c26/opt/zephyr-sdk/arm-zephyr-eabi/bin/../lib/gcc/arm-zephyr-eabi/12.2.0/../../../../arm-zephyr-eabi/lib/thumb/v8-m.main/nofp/libc_nano.a
END GROUP

.TFM_VECTORS    0x0000000000000000      0x144
                0x0000000000000000                __vectors_start__ = .
 *(.vectors)
 .vectors       0x0000000000000000      0x144 secure_fw/CMakeFiles/tfm_s.dir/__/platform/ext/target/nordic_nrf/common/core/startup_nrf91.o
                0x0000000000000000                __Vectors
                0x0000000000000144                . = ALIGN (0x4)
                0x0000000000000144                __vectors_end__ = .
                0x0000000000000001                ASSERT ((. <= (ADDR (.TFM_VECTORS) + 0x144)), .TFM_VECTORS section size overflow.)
                0x0000000000000144                . = (ADDR (.TFM_VECTORS) + 0x144)

.TFM_SP_LOAD_LIST
                0x0000000000000144       0xbc
 *(.part_load_priority_00)
 .part_load_priority_00
                0x0000000000000144       0x30 secure_fw/CMakeFiles/tfm_s.dir/partitions/ns_agent_tz/load_info_ns_agent_tz.o
                0x0000000000000144                tfm_sp_ns_agent_tz_load
 *(.part_load_priority_01)
 *(.part_load_priority_02)
 .part_load_priority_02
                0x0000000000000174       0x48 secure_fw/CMakeFiles/tfm_s.dir/__/generated/secure_fw/partitions/crypto/auto_generated/load_info_tfm_crypto.o
                0x0000000000000174                tfm_sp_crypto_load
 .part_load_priority_02
                0x00000000000001bc       0x44 secure_fw/CMakeFiles/tfm_s.dir/__/generated/secure_fw/partitions/platform/auto_generated/load_info_tfm_platform.o
                0x00000000000001bc                tfm_sp_platform_load
 *(.part_load_priority_03)
                0x0000000000000144                Image$$TFM_SP_LOAD_LIST$$RO$$Base = ADDR (.TFM_SP_LOAD_LIST)
                0x0000000000000200                Image$$TFM_SP_LOAD_LIST$$RO$$Limit = (ADDR (.TFM_SP_LOAD_LIST) + SIZEOF (.TFM_SP_LOAD_LIST))
                0x0000000000000200                . = ALIGN (0x20)
                0x0000000000000200                Image$$TFM_PSA_CODE_START$$Base = .

.TFM_PSA_ROT_LINKER
                0x0000000000000200      0x420
 *tfm_psa_rot_partition*:(SORT_BY_ALIGNMENT(.text*))
 .text.tfm_crypto_clear_scratch
                0x0000000000000200       0x20 secure_fw/partitions/crypto/libtfm_psa_rot_partition_crypto.a(crypto_init.o)
 .text.tfm_crypto_api_dispatcher
                0x0000000000000220       0xb0 secure_fw/partitions/crypto/libtfm_psa_rot_partition_crypto.a(crypto_init.o)
                0x0000000000000220                tfm_crypto_api_dispatcher
 .text.tfm_crypto_sfn
                0x00000000000002d0      0x170 secure_fw/partitions/crypto/libtfm_psa_rot_partition_crypto.a(crypto_init.o)
                0x00000000000002d0                tfm_crypto_sfn
 .text.tfm_crypto_init_alloc
                0x0000000000000440       0x14 secure_fw/partitions/crypto/libtfm_psa_rot_partition_crypto.a(crypto_alloc.o)
                0x0000000000000440                tfm_crypto_init_alloc
 .text.tfm_crypto_library_get_info
                0x0000000000000454       0x1c secure_fw/partitions/crypto/libtfm_psa_rot_partition_crypto.a(crypto_library.o)
                0x0000000000000454                tfm_crypto_library_get_info
 .text.tfm_crypto_core_library_init
                0x0000000000000470       0x14 secure_fw/partitions/crypto/libtfm_psa_rot_partition_crypto.a(crypto_library.o)
                0x0000000000000470                tfm_crypto_core_library_init
 .text.tfm_crypto_init
                0x0000000000000484       0x1c secure_fw/partitions/crypto/libtfm_psa_rot_partition_crypto.a(crypto_init.o)
                0x0000000000000484                tfm_crypto_init
 .text.tfm_crypto_cipher_interface
                0x00000000000004a0        0x6 secure_fw/partitions/crypto/libtfm_psa_rot_partition_crypto.a(crypto_cipher.o)
                0x00000000000004a0                tfm_crypto_cipher_interface
 .text.tfm_crypto_hash_interface
                0x00000000000004a6        0x6 secure_fw/partitions/crypto/libtfm_psa_rot_partition_crypto.a(crypto_hash.o)
                0x00000000000004a6                tfm_crypto_hash_interface
 .text.tfm_crypto_mac_interface
                0x00000000000004ac        0x6 secure_fw/partitions/crypto/libtfm_psa_rot_partition_crypto.a(crypto_mac.o)
                0x00000000000004ac                tfm_crypto_mac_interface
 .text.tfm_crypto_aead_interface
                0x00000000000004b2        0x6 secure_fw/partitions/crypto/libtfm_psa_rot_partition_crypto.a(crypto_aead.o)
                0x00000000000004b2                tfm_crypto_aead_interface
 .text.tfm_crypto_asymmetric_sign_interface
                0x00000000000004b8        0x6 secure_fw/partitions/crypto/libtfm_psa_rot_partition_crypto.a(crypto_asymmetric.o)
                0x00000000000004b8                tfm_crypto_asymmetric_sign_interface
 .text.tfm_crypto_asymmetric_encrypt_interface
                0x00000000000004be        0x6 secure_fw/partitions/crypto/libtfm_psa_rot_partition_crypto.a(crypto_asymmetric.o)
                0x00000000000004be                tfm_crypto_asymmetric_encrypt_interface
 .text.tfm_crypto_key_derivation_interface
                0x00000000000004c4        0x6 secure_fw/partitions/crypto/libtfm_psa_rot_partition_crypto.a(crypto_key_derivation.o)
                0x00000000000004c4                tfm_crypto_key_derivation_interface
 .text.tfm_crypto_key_management_interface
                0x00000000000004ca        0x6 secure_fw/partitions/crypto/libtfm_psa_rot_partition_crypto.a(crypto_key_management.o)
                0x00000000000004ca                tfm_crypto_key_management_interface
 .text.tfm_crypto_random_interface
                0x00000000000004d0        0x8 secure_fw/partitions/crypto/libtfm_psa_rot_partition_crypto.a(crypto_rng.o)
                0x00000000000004d0                tfm_crypto_random_interface
 .text.tfm_crypto_pake_interface
                0x00000000000004d8        0x6 secure_fw/partitions/crypto/libtfm_psa_rot_partition_crypto.a(crypto_pake.o)
                0x00000000000004d8                tfm_crypto_pake_interface
 .text.tfm_platform_service_sfn
                0x00000000000004de      0x114 secure_fw/partitions/platform/libtfm_psa_rot_partition_platform.a(platform_sp.o)
                0x00000000000004de                tfm_platform_service_sfn
 .text.platform_sp_init
                0x00000000000005f2        0x4 secure_fw/partitions/platform/libtfm_psa_rot_partition_platform.a(platform_sp.o)
                0x00000000000005f2                platform_sp_init
 *tfm_psa_rot_partition*:(SORT_BY_ALIGNMENT(.rodata*))
 .rodata.tfm_crypto_library_get_info.str1.1
                0x00000000000005f6        0xf secure_fw/partitions/crypto/libtfm_psa_rot_partition_crypto.a(crypto_library.o)
 *(TFM_*_PSA-ROT_ATTR_FN)
                0x0000000000000620                . = ALIGN (0x20)
 *fill*         0x0000000000000605       0x1b 
                0x0000000000000200                Image$$TFM_PSA_ROT_LINKER$$RO$$Base = ADDR (.TFM_PSA_ROT_LINKER)
                0x0000000000000620                Image$$TFM_PSA_ROT_LINKER$$RO$$Limit = (ADDR (.TFM_PSA_ROT_LINKER) + SIZEOF (.TFM_PSA_ROT_LINKER))
                0x0000000000000200                Image$$TFM_PSA_ROT_LINKER$$Base = ADDR (.TFM_PSA_ROT_LINKER)
                0x0000000000000620                Image$$TFM_PSA_ROT_LINKER$$Limit = (ADDR (.TFM_PSA_ROT_LINKER) + SIZEOF (.TFM_PSA_ROT_LINKER))
                0x0000000000000620                Image$$TFM_PSA_CODE_END$$Base = .
                0x0000000000000620                Image$$TFM_APP_CODE_START$$Base = .

.TFM_APP_ROT_LINKER
                0x0000000000000620        0x0
 *tfm_app_rot_partition*:(SORT_BY_ALIGNMENT(.text*))
 *tfm_app_rot_partition*:(SORT_BY_ALIGNMENT(.rodata*))
 *(TFM_*_APP-ROT_ATTR_FN)
                0x0000000000000620                . = ALIGN (0x20)
                0x0000000000000620                Image$$TFM_APP_ROT_LINKER$$RO$$Base = ADDR (.TFM_APP_ROT_LINKER)
                0x0000000000000620                Image$$TFM_APP_ROT_LINKER$$RO$$Limit = (ADDR (.TFM_APP_ROT_LINKER) + SIZEOF (.TFM_APP_ROT_LINKER))
                0x0000000000000620                Image$$TFM_APP_ROT_LINKER$$Base = ADDR (.TFM_APP_ROT_LINKER)
                0x0000000000000620                Image$$TFM_APP_ROT_LINKER$$Limit = (ADDR (.TFM_APP_ROT_LINKER) + SIZEOF (.TFM_APP_ROT_LINKER))
                0x0000000000000620                Image$$TFM_APP_CODE_END$$Base = .

.ARM.extab
 *(.ARM.extab* .gnu.linkonce.armextab.*)
                0x0000000000000620                __exidx_start = .

.ARM.exidx      0x0000000000000620        0x8
 *(.ARM.exidx* .gnu.linkonce.armexidx.*)
 .ARM.exidx     0x0000000000000620        0x8 /home/vinicius/ncs/toolchains/911f4c5c26/opt/zephyr-sdk/arm-zephyr-eabi/bin/../lib/gcc/arm-zephyr-eabi/12.2.0/../../../../arm-zephyr-eabi/lib/thumb/v8-m.main/nofp/crt0.o
                                         0x10 (size before relaxing)
                0x0000000000000628                __exidx_end = .

.ER_TFM_CODE    0x0000000000000628     0x2dc0
                0x0000000000000628                . = ALIGN (0x4)
                0x0000000000000628                __copy_table_start__ = .
                0x0000000000000628        0x4 LONG 0x7c40 LOADADDR (.TFM_DATA)
                0x000000000000062c        0x4 LONG 0x20001080 ADDR (.TFM_DATA)
                0x0000000000000630        0x4 LONG 0x4a (SIZEOF (.TFM_DATA) / 0x4)
                0x0000000000000634        0x4 LONG 0x7c40 LOADADDR (.TFM_PSA_ROT_LINKER_DATA)
                0x0000000000000638        0x4 LONG 0x20000c20 ADDR (.TFM_PSA_ROT_LINKER_DATA)
                0x000000000000063c        0x4 LONG 0x0 (SIZEOF (.TFM_PSA_ROT_LINKER_DATA) / 0x4)
                0x0000000000000640        0x4 LONG 0x7c40 LOADADDR (.TFM_APP_ROT_LINKER_DATA)
                0x0000000000000644        0x4 LONG 0x20000c00 ADDR (.TFM_APP_ROT_LINKER_DATA)
                0x0000000000000648        0x4 LONG 0x0 (SIZEOF (.TFM_APP_ROT_LINKER_DATA) / 0x4)
                0x000000000000064c                __copy_table_end__ = .
                0x000000000000064c                . = ALIGN (0x4)
                0x000000000000064c                __zero_table_start__ = .
                0x000000000000064c        0x4 LONG 0x200011a8 ADDR (.TFM_BSS)
                0x0000000000000650        0x4 LONG 0x5c4 (SIZEOF (.TFM_BSS) / 0x4)
                0x0000000000000654        0x4 LONG 0x20000c20 ADDR (.TFM_PSA_ROT_LINKER_BSS)
                0x0000000000000658        0x4 LONG 0x118 (SIZEOF (.TFM_PSA_ROT_LINKER_BSS) / 0x4)
                0x000000000000065c        0x4 LONG 0x20000c00 ADDR (.TFM_APP_ROT_LINKER_BSS)
                0x0000000000000660        0x4 LONG 0x8 (SIZEOF (.TFM_APP_ROT_LINKER_BSS) / 0x4)
                0x0000000000000664                __zero_table_end__ = .
 *startup*(.text*)
 .text.default_irq_handler
                0x0000000000000664        0x4 secure_fw/CMakeFiles/tfm_s.dir/__/platform/ext/target/nordic_nrf/common/core/startup.o
                0x0000000000000664                default_irq_handler
 .text.Reset_Handler
                0x0000000000000668       0xa4 secure_fw/CMakeFiles/tfm_s.dir/__/platform/ext/target/nordic_nrf/common/core/startup.o
                0x0000000000000668                Reset_Handler
 .text.default_tfm_IRQHandler
                0x000000000000070c       0x1c secure_fw/CMakeFiles/tfm_s.dir/__/platform/ext/target/nordic_nrf/common/core/startup_nrf91.o
                0x000000000000070c                TIMER2_IRQHandler
                0x000000000000070c                DebugMon_Handler
                0x000000000000070c                RTC0_IRQHandler
                0x000000000000070c                SysTick_Handler
                0x000000000000070c                PWM1_IRQHandler
                0x000000000000070c                PendSV_Handler
                0x000000000000070c                NMI_Handler
                0x000000000000070c                PDM_IRQHandler
                0x000000000000070c                default_tfm_IRQHandler
                0x000000000000070c                IPC_IRQHandler
                0x000000000000070c                PWM3_IRQHandler
                0x000000000000070c                FPU_IRQHandler
                0x000000000000070c                EGU3_IRQHandler
                0x000000000000070c                KMU_IRQHandler
                0x000000000000070c                CRYPTOCELL_IRQHandler
                0x000000000000070c                I2S_IRQHandler
                0x000000000000070c                EGU2_IRQHandler
                0x000000000000070c                TIMER0_IRQHandler
                0x000000000000070c                EGU4_IRQHandler
                0x000000000000070c                EGU0_IRQHandler
                0x000000000000070c                GPIOTE1_IRQHandler
                0x000000000000070c                TIMER1_IRQHandler
                0x000000000000070c                PWM2_IRQHandler
                0x000000000000070c                EGU1_IRQHandler
                0x000000000000070c                EGU5_IRQHandler
                0x000000000000070c                UARTE3_SPIM3_SPIS3_TWIM3_TWIS3_IRQHandler
                0x000000000000070c                SAADC_IRQHandler
                0x000000000000070c                GPIOTE0_IRQHandler
                0x000000000000070c                WDT_IRQHandler
                0x000000000000070c                SPIM0_SPIS0_TWIM0_TWIS0_UARTE0_IRQHandler
                0x000000000000070c                SPIM2_SPIS2_TWIM2_TWIS2_UARTE2_IRQHandler
                0x000000000000070c                PWM0_IRQHandler
                0x000000000000070c                RTC1_IRQHandler
                0x000000000000070c                SPIM1_SPIS1_TWIM1_TWIS1_UARTE1_IRQHandler
                0x000000000000070c                CLOCK_POWER_IRQHandler
 *libplatform_s*:(SORT_BY_ALIGNMENT(.text*))
 .text.uicr_HFXOCNT_erased
                0x0000000000000728       0x40 platform/libplatform_s.a(system_nrf91.o)
 .text.uicr_HFXOSRC_erased
                0x0000000000000768       0x3c platform/libplatform_s.a(system_nrf91.o)
 .text.SystemInit
                0x00000000000007a4      0x17c platform/libplatform_s.a(system_nrf91.o)
                0x00000000000007a4                SystemInit
 .text.tfm_exception_info_get_context
                0x0000000000000920        0xc platform/libplatform_s.a(exception_info.o)
                0x0000000000000920                tfm_exception_info_get_context
 .text.store_and_dump_context
                0x000000000000092c      0x110 platform/libplatform_s.a(exception_info.o)
                0x000000000000092c                store_and_dump_context
 .text.stdio_output_string
                0x0000000000000a3c       0x40 platform/libplatform_s.a(uart_stdout.o)
                0x0000000000000a3c                stdio_output_string
 .text.stdio_init
                0x0000000000000a7c       0x2c platform/libplatform_s.a(uart_stdout.o)
                0x0000000000000a7c                stdio_init
 .text.ARM_USART_GetVersion
                0x0000000000000aa8       0x20 platform/libplatform_s.a(Driver_USART.o)
 .text.ARM_USART1_GetTxCount
                0x0000000000000ac8        0xc platform/libplatform_s.a(Driver_USART.o)
 .text.ARM_USART1_GetRxCount
                0x0000000000000ad4        0xc platform/libplatform_s.a(Driver_USART.o)
 .text.ARM_USART1_Uninitialize
                0x0000000000000ae0       0x18 platform/libplatform_s.a(Driver_USART.o)
 .text.ARM_USART1_Receive
                0x0000000000000af8       0x3c platform/libplatform_s.a(Driver_USART.o)
 .text.ARM_USARTx_Send.constprop.0
                0x0000000000000b34       0x78 platform/libplatform_s.a(Driver_USART.o)
 .text.ARM_USART1_Control
                0x0000000000000bac      0x178 platform/libplatform_s.a(Driver_USART.o)
 .text.ARM_USART1_Initialize
                0x0000000000000d24       0x6c platform/libplatform_s.a(Driver_USART.o)
 .text.on_rx_disabled
                0x0000000000000d90       0x64 platform/libplatform_s.a(nrfx_uarte.o)
 .text.nrf_gpio_cfg_input.constprop.0
                0x0000000000000df4       0x30 platform/libplatform_s.a(nrfx_uarte.o)
 .text.blocking_tx
                0x0000000000000e24      0x1b8 platform/libplatform_s.a(nrfx_uarte.o)
 .text.nrf_gpio_pin_set
                0x0000000000000fdc       0x18 platform/libplatform_s.a(nrfx_uarte.o)
 .text.nrf_gpio_cfg_output
                0x0000000000000ff4       0x34 platform/libplatform_s.a(nrfx_uarte.o)
 .text.uarte_configure
                0x0000000000001028      0x178 platform/libplatform_s.a(nrfx_uarte.o)
 .text.nrf_gpio_cfg_default
                0x00000000000011a0       0x34 platform/libplatform_s.a(nrfx_uarte.o)
 .text.nrfx_uarte_init
                0x00000000000011d4      0x16c platform/libplatform_s.a(nrfx_uarte.o)
                0x00000000000011d4                nrfx_uarte_init
 .text.nrfx_uarte_tx
                0x0000000000001340       0xd8 platform/libplatform_s.a(nrfx_uarte.o)
                0x0000000000001340                nrfx_uarte_tx
 .text.nrfx_uarte_tx_abort
                0x0000000000001418       0xb8 platform/libplatform_s.a(nrfx_uarte.o)
                0x0000000000001418                nrfx_uarte_tx_abort
 .text.nrfx_uarte_rx_enable
                0x00000000000014d0      0x144 platform/libplatform_s.a(nrfx_uarte.o)
                0x00000000000014d0                nrfx_uarte_rx_enable
 .text.nrfx_uarte_rx_buffer_set
                0x0000000000001614      0x138 platform/libplatform_s.a(nrfx_uarte.o)
                0x0000000000001614                nrfx_uarte_rx_buffer_set
 .text.nrfx_uarte_rx_abort
                0x000000000000174c      0x108 platform/libplatform_s.a(nrfx_uarte.o)
                0x000000000000174c                nrfx_uarte_rx_abort
 .text.nrfx_uarte_uninit
                0x0000000000001854       0xd0 platform/libplatform_s.a(nrfx_uarte.o)
                0x0000000000001854                nrfx_uarte_uninit
 .text.nrfx_uarte_rx_ready
                0x0000000000001924       0x44 platform/libplatform_s.a(nrfx_uarte.o)
                0x0000000000001924                nrfx_uarte_rx_ready
 .text.nrfx_uarte_rx
                0x0000000000001968       0x74 platform/libplatform_s.a(nrfx_uarte.o)
                0x0000000000001968                nrfx_uarte_rx
 .text.nrfx_critical_section_enter
                0x00000000000019dc       0x10 platform/libplatform_s.a(nrfx_glue.o)
                0x00000000000019dc                nrfx_critical_section_enter
 .text.nrfx_critical_section_exit
                0x00000000000019ec       0x14 platform/libplatform_s.a(nrfx_glue.o)
                0x00000000000019ec                nrfx_critical_section_exit
 .text.mpu_armv8m_enable
                0x0000000000001a00       0x34 platform/libplatform_s.a(mpu_armv8m_drv.o)
                0x0000000000001a00                mpu_armv8m_enable
 .text.spu_enable_interrupts
                0x0000000000001a34       0x10 platform/libplatform_s.a(spu.o)
                0x0000000000001a34                spu_enable_interrupts
 .text.spu_events_get
                0x0000000000001a44       0x28 platform/libplatform_s.a(spu.o)
                0x0000000000001a44                spu_events_get
 .text.spu_clear_events
                0x0000000000001a6c       0x24 platform/libplatform_s.a(spu.o)
                0x0000000000001a6c                spu_clear_events
 .text.spu_regions_reset_unlocked_secure
                0x0000000000001a90       0x30 platform/libplatform_s.a(spu.o)
                0x0000000000001a90                spu_regions_reset_unlocked_secure
 .text.spu_regions_flash_config
                0x0000000000001ac0       0x2c platform/libplatform_s.a(spu.o)
                0x0000000000001ac0                spu_regions_flash_config
 .text.spu_regions_sram_config
                0x0000000000001aec       0x34 platform/libplatform_s.a(spu.o)
                0x0000000000001aec                spu_regions_sram_config
 .text.spu_regions_flash_config_non_secure_callable
                0x0000000000001b20       0x30 platform/libplatform_s.a(spu.o)
                0x0000000000001b20                spu_regions_flash_config_non_secure_callable
 .text.spu_regions_sram_get_last_address_in_region
                0x0000000000001b50        0xc platform/libplatform_s.a(spu.o)
                0x0000000000001b50                spu_regions_sram_get_last_address_in_region
 .text.spu_peripheral_config_secure
                0x0000000000001b5c       0x1c platform/libplatform_s.a(spu.o)
                0x0000000000001b5c                spu_peripheral_config_secure
 .text.spu_peripheral_config_non_secure
                0x0000000000001b78       0x18 platform/libplatform_s.a(spu.o)
                0x0000000000001b78                spu_peripheral_config_non_secure
 .text.nrf_exception_info_store_context
                0x0000000000001b90       0x20 platform/libplatform_s.a(nrf_exception_info.o)
                0x0000000000001b90                nrf_exception_info_store_context
 .text.nrf_exception_info_get_context
                0x0000000000001bb0        0xc platform/libplatform_s.a(nrf_exception_info.o)
                0x0000000000001bb0                nrf_exception_info_get_context
 .text.tfm_hal_platform_init
                0x0000000000001bbc       0x44 platform/libplatform_s.a(tfm_hal_platform.o)
                0x0000000000001bbc                tfm_hal_platform_init
 .text.ns_fault_service_set_handler
                0x0000000000001c00       0x14 platform/libplatform_s.a(ns_fault_service.o)
                0x0000000000001c00                ns_fault_service_set_handler
 .text.call_ns_callback
                0x0000000000001c14       0xa8 platform/libplatform_s.a(ns_fault_service.o)
                0x0000000000001c14                call_ns_callback
 .text.ns_fault_service_call_handler
                0x0000000000001cbc       0x34 platform/libplatform_s.a(ns_fault_service.o)
                0x0000000000001cbc                ns_fault_service_call_handler
 .text.tfm_platform_hal_system_reset
                0x0000000000001cf0       0x24 platform/libplatform_s.a(tfm_platform_system.o)
                0x0000000000001cf0                tfm_platform_hal_system_reset
 .text.tfm_platform_hal_read_service
                0x0000000000001d14       0x84 platform/libplatform_s.a(tfm_platform_hal_ioctl.o)
                0x0000000000001d14                tfm_platform_hal_read_service
 .text.nrf91_errata_6
                0x0000000000001d98       0x1e platform/libplatform_s.a(system_nrf91.o)
 .text.nrf91_errata_14
                0x0000000000001db6       0x24 platform/libplatform_s.a(system_nrf91.o)
 .text.tfm_hal_output_spm_log
                0x0000000000001dda        0x4 platform/libplatform_s.a(tfm_hal_spm_logdev_peripheral.o)
                0x0000000000001dda                tfm_hal_output_spm_log
 .text.ARM_USART_GetCapabilities
                0x0000000000001dde        0x4 platform/libplatform_s.a(Driver_USART.o)
 .text.ARM_USART_Transfer
                0x0000000000001de2        0x6 platform/libplatform_s.a(Driver_USART.o)
 .text.ARM_USART_GetStatus
                0x0000000000001de8        0xc platform/libplatform_s.a(Driver_USART.o)
 .text.ARM_USART_SetModemControl
                0x0000000000001df4        0x6 platform/libplatform_s.a(Driver_USART.o)
 .text.ARM_USART_GetModemStatus
                0x0000000000001dfa        0xc platform/libplatform_s.a(Driver_USART.o)
 .text.ARM_USART1_PowerControl
                0x0000000000001e06        0xc platform/libplatform_s.a(Driver_USART.o)
 .text.ARM_USART1_Send
                0x0000000000001e12        0x4 platform/libplatform_s.a(Driver_USART.o)
 .text.uart_config_set_uart_pins
                0x0000000000001e16       0x3c platform/libplatform_s.a(Driver_USART.o)
                0x0000000000001e16                uart_config_set_uart_pins
 .text.is_tx_ready
                0x0000000000001e52       0x1a platform/libplatform_s.a(nrfx_uarte.o)
 .text.user_handler
                0x0000000000001e6c       0x22 platform/libplatform_s.a(nrfx_uarte.o)
 .text.user_handler_on_rx_done
                0x0000000000001e8e       0x28 platform/libplatform_s.a(nrfx_uarte.o)
 .text.disable_hw_from_rx
                0x0000000000001eb6       0x24 platform/libplatform_s.a(nrfx_uarte.o)
 .text.rx_flush.part.0
                0x0000000000001eda       0x66 platform/libplatform_s.a(nrfx_uarte.o)
 .text.disable_hw_from_tx
                0x0000000000001f40       0x16 platform/libplatform_s.a(nrfx_uarte.o)
 .text.tx_prepare_start.isra.0
                0x0000000000001f56       0x7e platform/libplatform_s.a(nrfx_uarte.o)
 .text.mpu_armv8m_region_enable
                0x0000000000001fd4       0x6a platform/libplatform_s.a(mpu_armv8m_drv.o)
                0x0000000000001fd4                mpu_armv8m_region_enable
 .text.mpu_armv8m_region_disable
                0x000000000000203e       0x14 platform/libplatform_s.a(mpu_armv8m_drv.o)
                0x000000000000203e                mpu_armv8m_region_disable
 .text.mpu_armv8m_clean
                0x0000000000002052       0x22 platform/libplatform_s.a(mpu_armv8m_drv.o)
                0x0000000000002052                mpu_armv8m_clean
 .text.spu_regions_flash_get_base_address_in_region
                0x0000000000002074        0x4 platform/libplatform_s.a(spu.o)
                0x0000000000002074                spu_regions_flash_get_base_address_in_region
 .text.spu_regions_flash_get_last_address_in_region
                0x0000000000002078        0xa platform/libplatform_s.a(spu.o)
                0x0000000000002078                spu_regions_flash_get_last_address_in_region
 .text.spu_regions_flash_get_start_id
                0x0000000000002082        0x4 platform/libplatform_s.a(spu.o)
                0x0000000000002082                spu_regions_flash_get_start_id
 .text.spu_regions_flash_get_last_id
                0x0000000000002086        0x4 platform/libplatform_s.a(spu.o)
                0x0000000000002086                spu_regions_flash_get_last_id
 .text.spu_regions_flash_get_region_size
                0x000000000000208a        0x6 platform/libplatform_s.a(spu.o)
                0x000000000000208a                spu_regions_flash_get_region_size
 .text.spu_regions_sram_get_base_address_in_region
                0x0000000000002090        0xa platform/libplatform_s.a(spu.o)
                0x0000000000002090                spu_regions_sram_get_base_address_in_region
 .text.spu_regions_sram_get_start_id
                0x000000000000209a        0x4 platform/libplatform_s.a(spu.o)
                0x000000000000209a                spu_regions_sram_get_start_id
 .text.spu_regions_sram_get_last_id
                0x000000000000209e        0x4 platform/libplatform_s.a(spu.o)
                0x000000000000209e                spu_regions_sram_get_last_id
 .text.spu_regions_sram_get_region_size
                0x00000000000020a2        0x6 platform/libplatform_s.a(spu.o)
                0x00000000000020a2                spu_regions_sram_get_region_size
 .text.tfm_plat_otp_init
                0x00000000000020a8        0x4 platform/libplatform_s.a(dummy_otp.o)
                0x00000000000020a8                tfm_plat_otp_init
 .text.tfm_hal_system_halt
                0x00000000000020ac        0xc platform/libplatform_s.a(tfm_hal_reset_halt.o)
                0x00000000000020ac                tfm_hal_system_halt
 .text.tfm_plat_provisioning_is_required
                0x00000000000020b8        0x4 platform/libplatform_s.a(dummy_provisioning.o)
                0x00000000000020b8                tfm_plat_provisioning_is_required
 .text.tfm_plat_provisioning_perform
                0x00000000000020bc        0x4 platform/libplatform_s.a(dummy_provisioning.o)
                0x00000000000020bc                tfm_plat_provisioning_perform
 .text.tfm_plat_provisioning_check_for_dummy_keys
                0x00000000000020c0        0x2 platform/libplatform_s.a(dummy_provisioning.o)
                0x00000000000020c0                tfm_plat_provisioning_check_for_dummy_keys
 .text.tfm_platform_hal_ioctl
                0x00000000000020c2       0x6e platform/libplatform_s.a(tfm_platform_system.o)
                0x00000000000020c2                tfm_platform_hal_ioctl
 *libtfm_spm*:(SORT_BY_ALIGNMENT(.text*))
 .text.spm_log_msgval
                0x0000000000002130       0x58 secure_fw/spm/libtfm_spm.a(spm_log.o)
                0x0000000000002130                spm_log_msgval
 .text.startup.main
                0x0000000000002188       0x68 secure_fw/spm/libtfm_spm.a(main.o)
                0x0000000000002188                main
 .text.spm_associate_call_params
                0x00000000000021f0      0x16c secure_fw/spm/libtfm_spm.a(psa_call_api.o)
                0x00000000000021f0                spm_associate_call_params
 .text.tfm_spm_partition_psa_read
                0x000000000000235c       0x74 secure_fw/spm/libtfm_spm.a(psa_read_write_skip_api.o)
                0x000000000000235c                tfm_spm_partition_psa_read
 .text.tfm_spm_partition_psa_write
                0x00000000000023d0       0x74 secure_fw/spm/libtfm_spm.a(psa_read_write_skip_api.o)
                0x00000000000023d0                tfm_spm_partition_psa_write
 .text.spm_thread_fn
                0x0000000000002444       0x4c secure_fw/spm/libtfm_spm.a(backend_sfn.o)
 .text.backend_messaging
                0x0000000000002490       0x50 secure_fw/spm/libtfm_spm.a(backend_sfn.o)
                0x0000000000002490                backend_messaging
 .text.backend_replying
                0x00000000000024e0       0x10 secure_fw/spm/libtfm_spm.a(backend_sfn.o)
                0x00000000000024e0                backend_replying
 .text.backend_init_comp_assuredly
                0x00000000000024f0       0x5c secure_fw/spm/libtfm_spm.a(backend_sfn.o)
                0x00000000000024f0                backend_init_comp_assuredly
 .text.spm_svc_handler
                0x000000000000254c       0x88 secure_fw/spm/libtfm_spm.a(tfm_svcalls.o)
                0x000000000000254c                spm_svc_handler
 .text.SVC_Handler
                0x00000000000025d4       0x68 secure_fw/spm/libtfm_spm.a(tfm_arch_v8m_main.o)
                0x00000000000025d4                SVC_Handler
 .text.tfm_arch_set_secure_exception_priorities
                0x000000000000263c       0x28 secure_fw/spm/libtfm_spm.a(tfm_arch_v8m_main.o)
                0x000000000000263c                tfm_arch_set_secure_exception_priorities
 .text.ns_agent_tz_main
                0x0000000000002664       0x30 secure_fw/spm/libtfm_spm.a(ns_agent_tz_v80m.o)
                0x0000000000002664                ns_agent_tz_main
 .text.tfm_hal_bind_boundary
                0x0000000000002694       0x78 secure_fw/spm/libtfm_spm.a(tfm_hal_isolation.o)
                0x0000000000002694                tfm_hal_bind_boundary
 .text.mpu_init_cfg
                0x000000000000270c       0xf0 secure_fw/spm/libtfm_spm.a(tfm_hal_isolation.o)
                0x000000000000270c                mpu_init_cfg
 .text.tfm_hal_get_ns_VTOR
                0x00000000000027fc        0xc secure_fw/spm/libtfm_spm.a(tfm_hal_platform_common.o)
                0x00000000000027fc                tfm_hal_get_ns_VTOR
 .text.tfm_hal_get_ns_MSP
                0x0000000000002808        0xc secure_fw/spm/libtfm_spm.a(tfm_hal_platform_common.o)
                0x0000000000002808                tfm_hal_get_ns_MSP
 .text.tfm_hal_get_ns_entry_point
                0x0000000000002814        0xc secure_fw/spm/libtfm_spm.a(tfm_hal_platform_common.o)
                0x0000000000002814                tfm_hal_get_ns_entry_point
 .text.SPU_Handler
                0x0000000000002820       0x3c secure_fw/spm/libtfm_spm.a(faults.o)
                0x0000000000002820                SPU_Handler
 .text.enable_fault_handlers
                0x000000000000285c       0x14 secure_fw/spm/libtfm_spm.a(target_cfg.o)
                0x000000000000285c                enable_fault_handlers
 .text.system_reset_cfg
                0x0000000000002870       0x18 secure_fw/spm/libtfm_spm.a(target_cfg.o)
                0x0000000000002870                system_reset_cfg
 .text.nvic_interrupt_target_state_cfg
                0x0000000000002888       0x40 secure_fw/spm/libtfm_spm.a(target_cfg.o)
                0x0000000000002888                nvic_interrupt_target_state_cfg
 .text.nvic_interrupt_enable
                0x00000000000028c8       0x18 secure_fw/spm/libtfm_spm.a(target_cfg.o)
                0x00000000000028c8                nvic_interrupt_enable
 .text.sau_and_idau_cfg
                0x00000000000028e0       0x20 secure_fw/spm/libtfm_spm.a(target_cfg.o)
                0x00000000000028e0                sau_and_idau_cfg
 .text.spu_init_cfg
                0x0000000000002900       0x7c secure_fw/spm/libtfm_spm.a(target_cfg.o)
                0x0000000000002900                spu_init_cfg
 .text.spu_periph_init_cfg
                0x000000000000297c       0x4c secure_fw/spm/libtfm_spm.a(target_cfg.o)
                0x000000000000297c                spu_periph_init_cfg
 .text.tfm_core_validate_boot_data
                0x00000000000029c8        0xc secure_fw/spm/libtfm_spm.a(tfm_boot_data.o)
                0x00000000000029c8                tfm_core_validate_boot_data
 .text.tfm_core_get_boot_data_handler
                0x00000000000029d4       0x34 secure_fw/spm/libtfm_spm.a(tfm_boot_data.o)
                0x00000000000029d4                tfm_core_get_boot_data_handler
 .text.tfm_arch_init_context
                0x0000000000002a08       0x5c secure_fw/spm/libtfm_spm.a(tfm_arch.o)
                0x0000000000002a08                tfm_arch_init_context
 .text.tfm_spm_get_service_by_sid
                0x0000000000002a64       0x2c secure_fw/spm/libtfm_spm.a(spm_ipc.o)
                0x0000000000002a64                tfm_spm_get_service_by_sid
 .text.tfm_spm_check_authorization
                0x0000000000002a90       0x44 secure_fw/spm/libtfm_spm.a(spm_ipc.o)
                0x0000000000002a90                tfm_spm_check_authorization
 .text.spm_init_connection
                0x0000000000002ad4       0x30 secure_fw/spm/libtfm_spm.a(spm_ipc.o)
                0x0000000000002ad4                spm_init_connection
 .text.tfm_spm_partition_get_running_partition_id
                0x0000000000002b04       0x18 secure_fw/spm/libtfm_spm.a(spm_ipc.o)
                0x0000000000002b04                tfm_spm_partition_get_running_partition_id
 .text.tfm_spm_is_ns_caller
                0x0000000000002b1c       0x20 secure_fw/spm/libtfm_spm.a(spm_ipc.o)
                0x0000000000002b1c                tfm_spm_is_ns_caller
 .text.spm_get_connection
                0x0000000000002b3c       0x78 secure_fw/spm/libtfm_spm.a(spm_ipc.o)
                0x0000000000002b3c                spm_get_connection
 .text.tfm_spm_init
                0x0000000000002bb4       0x64 secure_fw/spm/libtfm_spm.a(spm_ipc.o)
                0x0000000000002bb4                tfm_spm_init
 .text.load_a_partition_assuredly
                0x0000000000002c18       0xc8 secure_fw/spm/libtfm_spm.a(rom_loader.o)
                0x0000000000002c18                load_a_partition_assuredly
 .text.load_services_assuredly
                0x0000000000002ce0       0xb4 secure_fw/spm/libtfm_spm.a(rom_loader.o)
                0x0000000000002ce0                load_services_assuredly
 .text.tfm_nspm_ctx_init
                0x0000000000002d94       0x18 secure_fw/spm/libtfm_spm.a(tfm_spm_ns_ctx.o)
                0x0000000000002d94                tfm_nspm_ctx_init
 .text.tfm_core_panic
                0x0000000000002dac        0x4 secure_fw/spm/libtfm_spm.a(utilities.o)
                0x0000000000002dac                tfm_core_panic
 .text.spm_handle_programmer_errors
                0x0000000000002db0       0x18 secure_fw/spm/libtfm_spm.a(psa_api.o)
                0x0000000000002db0                spm_handle_programmer_errors
 .text.tfm_spm_partition_psa_reply
                0x0000000000002dc8       0x9a secure_fw/spm/libtfm_spm.a(psa_api.o)
                0x0000000000002dc8                tfm_spm_partition_psa_reply
 .text.tfm_spm_partition_psa_panic
                0x0000000000002e62        0xc secure_fw/spm/libtfm_spm.a(psa_api.o)
                0x0000000000002e62                tfm_spm_partition_psa_panic
 .text.tfm_spm_client_psa_call
                0x0000000000002e6e       0x4e secure_fw/spm/libtfm_spm.a(psa_call_api.o)
                0x0000000000002e6e                tfm_spm_client_psa_call
 .text.tfm_spm_client_psa_framework_version
                0x0000000000002ebc        0x6 secure_fw/spm/libtfm_spm.a(psa_version_api.o)
                0x0000000000002ebc                tfm_spm_client_psa_framework_version
 .text.tfm_spm_client_psa_version
                0x0000000000002ec2       0x2c secure_fw/spm/libtfm_spm.a(psa_version_api.o)
                0x0000000000002ec2                tfm_spm_client_psa_version
 .text.backend_system_run
                0x0000000000002eee        0x6 secure_fw/spm/libtfm_spm.a(backend_sfn.o)
                0x0000000000002eee                backend_system_run
 .text.tfm_core_handler_mode
                0x0000000000002ef4        0x4 secure_fw/spm/libtfm_spm.a(tfm_svcalls.o)
                0x0000000000002ef4                tfm_core_handler_mode
 .text.connection_to_handle
                0x0000000000002ef8        0x6 secure_fw/spm/libtfm_spm.a(spm_local_connection.o)
                0x0000000000002ef8                connection_to_handle
 .text.handle_to_connection
                0x0000000000002efe       0x12 secure_fw/spm/libtfm_spm.a(spm_local_connection.o)
                0x0000000000002efe                handle_to_connection
 .text.spm_init_connection_space
                0x0000000000002f10        0x2 secure_fw/spm/libtfm_spm.a(spm_local_connection.o)
                0x0000000000002f10                spm_init_connection_space
 .text.spm_allocate_connection
                0x0000000000002f12        0xe secure_fw/spm/libtfm_spm.a(spm_local_connection.o)
                0x0000000000002f12                spm_allocate_connection
 .text.spm_validate_connection
                0x0000000000002f20        0x4 secure_fw/spm/libtfm_spm.a(spm_local_connection.o)
                0x0000000000002f20                spm_validate_connection
 .text.spm_free_connection
                0x0000000000002f24        0xc secure_fw/spm/libtfm_spm.a(spm_local_connection.o)
                0x0000000000002f24                spm_free_connection
 .text.tfm_arch_config_extensions
                0x0000000000002f30        0x2 secure_fw/spm/libtfm_spm.a(tfm_arch_v8m_main.o)
                0x0000000000002f30                tfm_arch_config_extensions
 .text.tfm_hal_memory_check
                0x0000000000002f32      0x126 secure_fw/spm/libtfm_spm.a(tfm_hal_isolation.o)
                0x0000000000002f32                tfm_hal_memory_check
 .text.tfm_hal_set_up_static_boundaries
                0x0000000000003058       0x2a secure_fw/spm/libtfm_spm.a(tfm_hal_isolation.o)
                0x0000000000003058                tfm_hal_set_up_static_boundaries
 .text.tfm_hal_platform_common_init
                0x0000000000003082       0x36 secure_fw/spm/libtfm_spm.a(tfm_hal_platform_common.o)
                0x0000000000003082                tfm_hal_platform_common_init
 .text.SPU_IRQHandler
                0x00000000000030b8       0x1c secure_fw/spm/libtfm_spm.a(faults.o)
                0x00000000000030b8                SPU_IRQHandler
 .text.init_debug
                0x00000000000030d4        0x4 secure_fw/spm/libtfm_spm.a(target_cfg.o)
                0x00000000000030d4                init_debug
 .text.tfm_arch_free_msp_and_exc_ret
                0x00000000000030d8        0x8 secure_fw/spm/libtfm_spm.a(tfm_arch.o)
                0x00000000000030d8                tfm_arch_free_msp_and_exc_ret
 .text.tfm_arch_refresh_hardware_context
                0x00000000000030e0       0x16 secure_fw/spm/libtfm_spm.a(tfm_arch.o)
                0x00000000000030e0                tfm_arch_refresh_hardware_context
 .text.tfm_spm_check_client_version
                0x00000000000030f6       0x24 secure_fw/spm/libtfm_spm.a(spm_ipc.o)
                0x00000000000030f6                tfm_spm_check_client_version
 .text.spm_msg_handle_to_connection
                0x000000000000311a       0x28 secure_fw/spm/libtfm_spm.a(spm_ipc.o)
                0x000000000000311a                spm_msg_handle_to_connection
 .text.tfm_spm_get_client_id
                0x0000000000003142       0x20 secure_fw/spm/libtfm_spm.a(spm_ipc.o)
                0x0000000000003142                tfm_spm_get_client_id
 .text.update_caller_outvec_len
                0x0000000000003162       0x1e secure_fw/spm/libtfm_spm.a(spm_ipc.o)
                0x0000000000003162                update_caller_outvec_len
 .text.load_irqs_assuredly
                0x0000000000003180        0x2 secure_fw/spm/libtfm_spm.a(rom_loader.o)
                0x0000000000003180                load_irqs_assuredly
 .text.tfm_nspm_get_current_client_id
                0x0000000000003182        0x6 secure_fw/spm/libtfm_spm.a(tfm_spm_ns_ctx.o)
                0x0000000000003182                tfm_nspm_get_current_client_id
 *libplatform_s*:*(.rodata*)
 .rodata.store_and_dump_context.str1.1
                0x0000000000003188       0x8b platform/libplatform_s.a(exception_info.o)
 *fill*         0x0000000000003213        0x1 
 .rodata.Driver_USART1
                0x0000000000003214       0x38 platform/libplatform_s.a(Driver_USART.o)
                0x0000000000003214                Driver_USART1
 .rodata.UART1_pins
                0x000000000000324c       0x10 platform/libplatform_s.a(Driver_USART.o)
 .rodata.DriverVersion
                0x000000000000325c        0x4 platform/libplatform_s.a(Driver_USART.o)
 *fill*         0x0000000000003260        0x0 
 .rodata.delay_machine_code.0
                0x0000000000003260        0x6 platform/libplatform_s.a(nrfx_uarte.o)
 .rodata.nrf_exception_info_store_context.str1.1
                0x0000000000003266       0x16 platform/libplatform_s.a(nrf_exception_info.o)
 .rodata.tfm_hal_platform_init.str1.1
                0x000000000000327c       0x2e platform/libplatform_s.a(tfm_hal_platform.o)
 *libtfm_spm*:*(.rodata*)
 .rodata.HEX_TABLE
                0x00000000000032aa       0x10 secure_fw/spm/libtfm_spm.a(spm_log.o)
 .rodata.main.str1.1
                0x00000000000032ba       0x5b secure_fw/spm/libtfm_spm.a(main.o)
 .rodata.spm_svc_handler.str1.1
                0x0000000000003315       0x3b secure_fw/spm/libtfm_spm.a(tfm_svcalls.o)
 .rodata.target_peripherals.0
                0x0000000000003350       0x70 secure_fw/spm/libtfm_spm.a(target_cfg.o)
 .rodata.memory_regions
                0x00000000000033c0       0x1c secure_fw/spm/libtfm_spm.a(target_cfg.o)
                0x00000000000033c0                memory_regions
 .rodata.serv_pool_ea
                0x00000000000033dc        0x4 secure_fw/spm/libtfm_spm.a(rom_loader.o)
 .rodata.part_pool_ea
                0x00000000000033e0        0x4 secure_fw/spm/libtfm_spm.a(rom_loader.o)
 .rodata.ldinf_ea
                0x00000000000033e4        0x4 secure_fw/spm/libtfm_spm.a(rom_loader.o)

.TFM_UNPRIV_CODE
                0x0000000000003400     0x2820
 *(SFN)
 SFN            0x0000000000003400       0x8c secure_fw/CMakeFiles/tfm_s.dir/partitions/ns_agent_tz/psa_api_veneers_v80m.o
                0x0000000000003400                __acle_se_tfm_psa_framework_version_veneer
                0x000000000000341e                __acle_se_tfm_psa_version_veneer
                0x000000000000343c                __acle_se_tfm_psa_call_veneer
                0x0000000000003464                __acle_se_tfm_psa_connect_veneer
                0x0000000000003476                __acle_se_tfm_psa_close_veneer
 *(SORT_BY_ALIGNMENT(.text*))
 .text          0x000000000000348c       0x88 /home/vinicius/ncs/toolchains/911f4c5c26/opt/zephyr-sdk/arm-zephyr-eabi/bin/../lib/gcc/arm-zephyr-eabi/12.2.0/thumb/v8-m.main/nofp/crtbegin.o
 .text          0x0000000000003514       0x7c /home/vinicius/ncs/toolchains/911f4c5c26/opt/zephyr-sdk/arm-zephyr-eabi/bin/../lib/gcc/arm-zephyr-eabi/12.2.0/../../../../arm-zephyr-eabi/lib/thumb/v8-m.main/nofp/crt0.o
                0x0000000000003514                _stack_init
                0x000000000000351c                _mainCRTStartup
                0x000000000000351c                _start
 .text.tfm_psa_call_pack
                0x0000000000003590       0x54 secure_fw/partitions/lib/runtime/libtfm_sprt.a(psa_interface_sfn.o)
                0x0000000000003590                tfm_psa_call_pack
 .text.verify_header
                0x00000000000035e4       0x40 secure_fw/partitions/crypto/mbedcrypto/nrf_security_src/libcrypto_service_mbedcrypto.a(memory_buffer_alloc.o)
 .text.verify_chain
                0x0000000000003624       0x3c secure_fw/partitions/crypto/mbedcrypto/nrf_security_src/libcrypto_service_mbedcrypto.a(memory_buffer_alloc.o)
 .text.buffer_alloc_calloc
                0x0000000000003660       0xf4 secure_fw/partitions/crypto/mbedcrypto/nrf_security_src/libcrypto_service_mbedcrypto.a(memory_buffer_alloc.o)
 .text.buffer_alloc_free
                0x0000000000003754       0xe8 secure_fw/partitions/crypto/mbedcrypto/nrf_security_src/libcrypto_service_mbedcrypto.a(memory_buffer_alloc.o)
 .text.mbedtls_memory_buffer_alloc_init
                0x000000000000383c       0x64 secure_fw/partitions/crypto/mbedcrypto/nrf_security_src/libcrypto_service_mbedcrypto.a(memory_buffer_alloc.o)
                0x000000000000383c                mbedtls_memory_buffer_alloc_init
 .text.mbedtls_free
                0x00000000000038a0        0xc secure_fw/partitions/crypto/mbedcrypto/nrf_security_src/libcrypto_service_mbedcrypto.a(platform.o)
                0x00000000000038a0                mbedtls_free
 .text.mbedtls_platform_set_calloc_free
                0x00000000000038ac       0x14 secure_fw/partitions/crypto/mbedcrypto/nrf_security_src/libcrypto_service_mbedcrypto.a(platform.o)
                0x00000000000038ac                mbedtls_platform_set_calloc_free
 .text.mbedtls_platform_zeroize
                0x00000000000038c0       0x18 secure_fw/partitions/crypto/mbedcrypto/nrf_security_src/libcrypto_service_mbedcrypto.a(platform_util.o)
                0x00000000000038c0                mbedtls_platform_zeroize
 .text.mbedcrypto__psa_generate_random
                0x00000000000038d8       0x1c secure_fw/partitions/crypto/mbedcrypto/nrf_security_src/libcrypto_service_mbedcrypto.a(psa_crypto.o)
                0x00000000000038d8                mbedcrypto__psa_generate_random
 .text.mbedtls_psa_crypto_free
                0x00000000000038f4       0x24 secure_fw/partitions/crypto/mbedcrypto/nrf_security_src/libcrypto_service_mbedcrypto.a(psa_crypto.o)
                0x00000000000038f4                mbedtls_psa_crypto_free
 .text.mbedcrypto__psa_crypto_init
                0x0000000000003918       0x38 secure_fw/partitions/crypto/mbedcrypto/nrf_security_src/libcrypto_service_mbedcrypto.a(psa_crypto.o)
                0x0000000000003918                mbedcrypto__psa_crypto_init
 .text.psa_initialize_key_slots
                0x0000000000003950       0x10 secure_fw/partitions/crypto/mbedcrypto/nrf_security_src/libcrypto_service_mbedcrypto.a(psa_crypto_slot_management.o)
                0x0000000000003950                psa_initialize_key_slots
 .text.psa_wipe_all_key_slots
                0x0000000000003960       0x24 secure_fw/partitions/crypto/mbedcrypto/nrf_security_src/libcrypto_service_mbedcrypto.a(psa_crypto_slot_management.o)
                0x0000000000003960                psa_wipe_all_key_slots
 .text.nrf_cc3xx_platform_init_hmac_drbg
                0x0000000000003984       0x44 /home/vinicius/bikeshare-workspace/nrfxlib/crypto/nrf_cc310_platform/lib/cortex-m33/soft-float/no-interrupts/libnrf_cc310_platform_0.9.19.a(nrf_cc3xx_platform.c.obj)
                0x0000000000003984                nrf_cc3xx_platform_init_hmac_drbg
 .text.nrf_cc3xx_platform_hmac_drbg_init
                0x00000000000039c8       0x60 /home/vinicius/bikeshare-workspace/nrfxlib/crypto/nrf_cc310_platform/lib/cortex-m33/soft-float/no-interrupts/libnrf_cc310_platform_0.9.19.a(nrf_cc3xx_platform_hmac_drbg.c.obj)
                0x00000000000039c8                nrf_cc3xx_platform_hmac_drbg_init
 .text.nrf_cc3xx_platform_hmac_drbg_get
                0x0000000000003a28       0x44 /home/vinicius/bikeshare-workspace/nrfxlib/crypto/nrf_cc310_platform/lib/cortex-m33/soft-float/no-interrupts/libnrf_cc310_platform_0.9.19.a(nrf_cc3xx_platform_hmac_drbg.c.obj)
                0x0000000000003a28                nrf_cc3xx_platform_hmac_drbg_get
 .text.mbedtls_zeroize_internal
                0x0000000000003a6c       0x14 /home/vinicius/bikeshare-workspace/nrfxlib/crypto/nrf_cc310_platform/lib/cortex-m33/soft-float/no-interrupts/libnrf_cc310_platform_0.9.19.a(mbedtls_common.c.obj)
                0x0000000000003a6c                mbedtls_zeroize_internal
 .text.cc_mbedtls_platform_zeroize
                0x0000000000003a80       0x14 /home/vinicius/bikeshare-workspace/nrfxlib/crypto/nrf_cc310_platform/lib/cortex-m33/soft-float/no-interrupts/libnrf_cc310_platform_0.9.19.a(mbedtls_common.c.obj)
                0x0000000000003a80                cc_mbedtls_platform_zeroize
 .text.entropy_update
                0x0000000000003a94       0x7c /home/vinicius/bikeshare-workspace/nrfxlib/crypto/nrf_cc310_platform/lib/cortex-m33/soft-float/no-interrupts/libnrf_cc310_platform_0.9.19.a(custom_entropy.c.obj)
 .text.entropy_gather_internal.part.0
                0x0000000000003b10       0x88 /home/vinicius/bikeshare-workspace/nrfxlib/crypto/nrf_cc310_platform/lib/cortex-m33/soft-float/no-interrupts/libnrf_cc310_platform_0.9.19.a(custom_entropy.c.obj)
 .text.cc_mbedtls_entropy_init
                0x0000000000003b98       0x84 /home/vinicius/bikeshare-workspace/nrfxlib/crypto/nrf_cc310_platform/lib/cortex-m33/soft-float/no-interrupts/libnrf_cc310_platform_0.9.19.a(custom_entropy.c.obj)
                0x0000000000003b98                cc_mbedtls_entropy_init
 .text.cc_mbedtls_entropy_func
                0x0000000000003c1c      0x110 /home/vinicius/bikeshare-workspace/nrfxlib/crypto/nrf_cc310_platform/lib/cortex-m33/soft-float/no-interrupts/libnrf_cc310_platform_0.9.19.a(custom_entropy.c.obj)
                0x0000000000003c1c                cc_mbedtls_entropy_func
 .text.cc_hmac_sha256_starts.constprop.0
                0x0000000000003d2c      0x108 /home/vinicius/bikeshare-workspace/nrfxlib/crypto/nrf_cc310_platform/lib/cortex-m33/soft-float/no-interrupts/libnrf_cc310_platform_0.9.19.a(hmac_drbg_alt.c.obj)
 .text.cc_mbedtls_hmac_drbg_init
                0x0000000000003e34       0x28 /home/vinicius/bikeshare-workspace/nrfxlib/crypto/nrf_cc310_platform/lib/cortex-m33/soft-float/no-interrupts/libnrf_cc310_platform_0.9.19.a(hmac_drbg_alt.c.obj)
                0x0000000000003e34                cc_mbedtls_hmac_drbg_init
 .text.cc_mbedtls_hmac_drbg_update
                0x0000000000003e5c      0x170 /home/vinicius/bikeshare-workspace/nrfxlib/crypto/nrf_cc310_platform/lib/cortex-m33/soft-float/no-interrupts/libnrf_cc310_platform_0.9.19.a(hmac_drbg_alt.c.obj)
                0x0000000000003e5c                cc_mbedtls_hmac_drbg_update
 .text.cc_hmac_drbg_reseed_core
                0x0000000000003fcc       0xac /home/vinicius/bikeshare-workspace/nrfxlib/crypto/nrf_cc310_platform/lib/cortex-m33/soft-float/no-interrupts/libnrf_cc310_platform_0.9.19.a(hmac_drbg_alt.c.obj)
 .text.cc_mbedtls_hmac_drbg_seed
                0x0000000000004078       0x54 /home/vinicius/bikeshare-workspace/nrfxlib/crypto/nrf_cc310_platform/lib/cortex-m33/soft-float/no-interrupts/libnrf_cc310_platform_0.9.19.a(hmac_drbg_alt.c.obj)
                0x0000000000004078                cc_mbedtls_hmac_drbg_seed
 .text.cc_mbedtls_hmac_drbg_random_with_add
                0x00000000000040cc      0x144 /home/vinicius/bikeshare-workspace/nrfxlib/crypto/nrf_cc310_platform/lib/cortex-m33/soft-float/no-interrupts/libnrf_cc310_platform_0.9.19.a(hmac_drbg_alt.c.obj)
                0x00000000000040cc                cc_mbedtls_hmac_drbg_random_with_add
 .text.RndStartupTest.constprop.0
                0x0000000000004210       0x98 /home/vinicius/bikeshare-workspace/nrfxlib/crypto/nrf_cc310_platform/lib/cortex-m33/soft-float/no-interrupts/libnrf_cc310_platform_0.9.19.a(cc_lib.c.obj)
 .text.CC_LibInit_HMAC_DRBG
                0x00000000000042a8       0xc0 /home/vinicius/bikeshare-workspace/nrfxlib/crypto/nrf_cc310_platform/lib/cortex-m33/soft-float/no-interrupts/libnrf_cc310_platform_0.9.19.a(cc_lib.c.obj)
                0x00000000000042a8                CC_LibInit_HMAC_DRBG
 .text.CC_HalInit
                0x0000000000004368        0x4 /home/vinicius/bikeshare-workspace/nrfxlib/crypto/nrf_cc310_platform/lib/cortex-m33/soft-float/no-interrupts/libnrf_cc310_platform_0.9.19.a(cc_hal.c.obj)
                0x0000000000004368                CC_HalInit
 .text.CC_HalTerminate
                0x000000000000436c        0x4 /home/vinicius/bikeshare-workspace/nrfxlib/crypto/nrf_cc310_platform/lib/cortex-m33/soft-float/no-interrupts/libnrf_cc310_platform_0.9.19.a(cc_hal.c.obj)
                0x000000000000436c                CC_HalTerminate
 .text.CC_HalClearInterruptBit
                0x0000000000004370       0x1c /home/vinicius/bikeshare-workspace/nrfxlib/crypto/nrf_cc310_platform/lib/cortex-m33/soft-float/no-interrupts/libnrf_cc310_platform_0.9.19.a(cc_hal.c.obj)
                0x0000000000004370                CC_HalClearInterruptBit
 .text.CC_HalMaskInterrupt
                0x000000000000438c        0xc /home/vinicius/bikeshare-workspace/nrfxlib/crypto/nrf_cc310_platform/lib/cortex-m33/soft-float/no-interrupts/libnrf_cc310_platform_0.9.19.a(cc_hal.c.obj)
                0x000000000000438c                CC_HalMaskInterrupt
 .text.CC_HalWaitInterrupt
                0x0000000000004398        0xc /home/vinicius/bikeshare-workspace/nrfxlib/crypto/nrf_cc310_platform/lib/cortex-m33/soft-float/no-interrupts/libnrf_cc310_platform_0.9.19.a(cc_hal.c.obj)
                0x0000000000004398                CC_HalWaitInterrupt
 .text.CC_HalWaitInterruptRND
                0x00000000000043a4        0xc /home/vinicius/bikeshare-workspace/nrfxlib/crypto/nrf_cc310_platform/lib/cortex-m33/soft-float/no-interrupts/libnrf_cc310_platform_0.9.19.a(cc_hal.c.obj)
                0x00000000000043a4                CC_HalWaitInterruptRND
 .text.CC_PalInit
                0x00000000000043b0       0x5c /home/vinicius/bikeshare-workspace/nrfxlib/crypto/nrf_cc310_platform/lib/cortex-m33/soft-float/no-interrupts/libnrf_cc310_platform_0.9.19.a(cc_pal.c.obj)
                0x00000000000043b0                CC_PalInit
 .text.CC_PalTerminate
                0x000000000000440c       0x34 /home/vinicius/bikeshare-workspace/nrfxlib/crypto/nrf_cc310_platform/lib/cortex-m33/soft-float/no-interrupts/libnrf_cc310_platform_0.9.19.a(cc_pal.c.obj)
                0x000000000000440c                CC_PalTerminate
 .text.CC_PalDmaInit
                0x0000000000004440        0x4 /home/vinicius/bikeshare-workspace/nrfxlib/crypto/nrf_cc310_platform/lib/cortex-m33/soft-float/no-interrupts/libnrf_cc310_platform_0.9.19.a(cc_pal_dma.c.obj)
                0x0000000000004440                CC_PalDmaInit
 .text.CC_PalDmaTerminate
                0x0000000000004444        0x4 /home/vinicius/bikeshare-workspace/nrfxlib/crypto/nrf_cc310_platform/lib/cortex-m33/soft-float/no-interrupts/libnrf_cc310_platform_0.9.19.a(cc_pal_dma.c.obj)
                0x0000000000004444                CC_PalDmaTerminate
 .text.CC_PalWaitInterruptRND
                0x0000000000004448       0x2c /home/vinicius/bikeshare-workspace/nrfxlib/crypto/nrf_cc310_platform/lib/cortex-m33/soft-float/no-interrupts/libnrf_cc310_platform_0.9.19.a(cc_pal_interrupt_ctrl.c.obj)
                0x0000000000004448                CC_PalWaitInterruptRND
 .text.CC_PalWaitInterrupt
                0x0000000000004474       0x18 /home/vinicius/bikeshare-workspace/nrfxlib/crypto/nrf_cc310_platform/lib/cortex-m33/soft-float/no-interrupts/libnrf_cc310_platform_0.9.19.a(cc_pal_interrupt_ctrl.c.obj)
                0x0000000000004474                CC_PalWaitInterrupt
 .text.CC_PalMemCopyPlat
                0x000000000000448c        0x4 /home/vinicius/bikeshare-workspace/nrfxlib/crypto/nrf_cc310_platform/lib/cortex-m33/soft-float/no-interrupts/libnrf_cc310_platform_0.9.19.a(cc_pal_mem.c.obj)
                0x000000000000448c                CC_PalMemCopyPlat
 .text.CC_PalMemSetZeroPlat
                0x0000000000004490        0x8 /home/vinicius/bikeshare-workspace/nrfxlib/crypto/nrf_cc310_platform/lib/cortex-m33/soft-float/no-interrupts/libnrf_cc310_platform_0.9.19.a(cc_pal_mem.c.obj)
                0x0000000000004490                CC_PalMemSetZeroPlat
 .text.CC_PalMutexCreate
                0x0000000000004498       0x14 /home/vinicius/bikeshare-workspace/nrfxlib/crypto/nrf_cc310_platform/lib/cortex-m33/soft-float/no-interrupts/libnrf_cc310_platform_0.9.19.a(cc_pal_mutex.c.obj)
                0x0000000000004498                CC_PalMutexCreate
 .text.CC_PalMutexDestroy
                0x00000000000044ac       0x14 /home/vinicius/bikeshare-workspace/nrfxlib/crypto/nrf_cc310_platform/lib/cortex-m33/soft-float/no-interrupts/libnrf_cc310_platform_0.9.19.a(cc_pal_mutex.c.obj)
                0x00000000000044ac                CC_PalMutexDestroy
 .text.CC_PalMutexLock
                0x00000000000044c0       0x10 /home/vinicius/bikeshare-workspace/nrfxlib/crypto/nrf_cc310_platform/lib/cortex-m33/soft-float/no-interrupts/libnrf_cc310_platform_0.9.19.a(cc_pal_mutex.c.obj)
                0x00000000000044c0                CC_PalMutexLock
 .text.CC_PalMutexUnlock
                0x00000000000044d0       0x14 /home/vinicius/bikeshare-workspace/nrfxlib/crypto/nrf_cc310_platform/lib/cortex-m33/soft-float/no-interrupts/libnrf_cc310_platform_0.9.19.a(cc_pal_mutex.c.obj)
                0x00000000000044d0                CC_PalMutexUnlock
 .text.CC_PalPowerSaveModeInit
                0x00000000000044e4       0x3c /home/vinicius/bikeshare-workspace/nrfxlib/crypto/nrf_cc310_platform/lib/cortex-m33/soft-float/no-interrupts/libnrf_cc310_platform_0.9.19.a(cc_pal_pm.c.obj)
                0x00000000000044e4                CC_PalPowerSaveModeInit
 .text.CC_PalPowerSaveModeSelect
                0x0000000000004520       0x84 /home/vinicius/bikeshare-workspace/nrfxlib/crypto/nrf_cc310_platform/lib/cortex-m33/soft-float/no-interrupts/libnrf_cc310_platform_0.9.19.a(cc_pal_pm.c.obj)
                0x0000000000004520                CC_PalPowerSaveModeSelect
 .text.mutex_init
                0x00000000000045a4        0xc /home/vinicius/bikeshare-workspace/nrfxlib/crypto/nrf_cc310_platform/lib/cortex-m33/soft-float/no-interrupts/libnrf_cc310_platform_0.9.19.a(threading_alt.c.obj)
                0x00000000000045a4                mutex_init
 .text.mutex_lock
                0x00000000000045b0        0xc /home/vinicius/bikeshare-workspace/nrfxlib/crypto/nrf_cc310_platform/lib/cortex-m33/soft-float/no-interrupts/libnrf_cc310_platform_0.9.19.a(threading_alt.c.obj)
                0x00000000000045b0                mutex_lock
 .text.mutex_unlock
                0x00000000000045bc        0xc /home/vinicius/bikeshare-workspace/nrfxlib/crypto/nrf_cc310_platform/lib/cortex-m33/soft-float/no-interrupts/libnrf_cc310_platform_0.9.19.a(threading_alt.c.obj)
                0x00000000000045bc                mutex_unlock
 .text.nrf_cc3xx_platform_abort
                0x00000000000045c8       0x24 /home/vinicius/bikeshare-workspace/nrfxlib/crypto/nrf_cc310_platform/lib/cortex-m33/soft-float/no-interrupts/libnrf_cc310_platform_0.9.19.a(nrf_cc3xx_platform_abort.c.obj)
 .text.CC_PalAbort
                0x00000000000045ec       0x34 /home/vinicius/bikeshare-workspace/nrfxlib/crypto/nrf_cc310_platform/lib/cortex-m33/soft-float/no-interrupts/libnrf_cc310_platform_0.9.19.a(nrf_cc3xx_platform_abort.c.obj)
                0x00000000000045ec                CC_PalAbort
 .text.mutex_free
                0x0000000000004620       0x34 /home/vinicius/bikeshare-workspace/nrfxlib/crypto/nrf_cc310_platform/lib/cortex-m33/soft-float/no-interrupts/libnrf_cc310_platform_0.9.19.a(nrf_cc3xx_platform_mutex.c.obj)
 .text.mutex_lock
                0x0000000000004654       0x48 /home/vinicius/bikeshare-workspace/nrfxlib/crypto/nrf_cc310_platform/lib/cortex-m33/soft-float/no-interrupts/libnrf_cc310_platform_0.9.19.a(nrf_cc3xx_platform_mutex.c.obj)
 .text.mutex_unlock
                0x000000000000469c       0x38 /home/vinicius/bikeshare-workspace/nrfxlib/crypto/nrf_cc310_platform/lib/cortex-m33/soft-float/no-interrupts/libnrf_cc310_platform_0.9.19.a(nrf_cc3xx_platform_mutex.c.obj)
 .text.mutex_init
                0x00000000000046d4       0x20 /home/vinicius/bikeshare-workspace/nrfxlib/crypto/nrf_cc310_platform/lib/cortex-m33/soft-float/no-interrupts/libnrf_cc310_platform_0.9.19.a(nrf_cc3xx_platform_mutex.c.obj)
 .text.startTrngHW
                0x00000000000046f4      0x140 /home/vinicius/bikeshare-workspace/nrfxlib/crypto/nrf_cc310_platform/lib/cortex-m33/soft-float/no-interrupts/libnrf_cc310_platform_0.9.19.a(llf_rnd_trng90b.c.obj)
 .text.LLF_RND_RepetitionCounterTest
                0x0000000000004834       0x64 /home/vinicius/bikeshare-workspace/nrfxlib/crypto/nrf_cc310_platform/lib/cortex-m33/soft-float/no-interrupts/libnrf_cc310_platform_0.9.19.a(llf_rnd_trng90b.c.obj)
                0x0000000000004834                LLF_RND_RepetitionCounterTest
 .text.LLF_RND_AdaptiveProportionTest
                0x0000000000004898       0x80 /home/vinicius/bikeshare-workspace/nrfxlib/crypto/nrf_cc310_platform/lib/cortex-m33/soft-float/no-interrupts/libnrf_cc310_platform_0.9.19.a(llf_rnd_trng90b.c.obj)
                0x0000000000004898                LLF_RND_AdaptiveProportionTest
 .text.getTrngSource
                0x0000000000004918      0x2b4 /home/vinicius/bikeshare-workspace/nrfxlib/crypto/nrf_cc310_platform/lib/cortex-m33/soft-float/no-interrupts/libnrf_cc310_platform_0.9.19.a(llf_rnd_trng90b.c.obj)
 .text.LLF_RND_GetTrngSource
                0x0000000000004bcc       0x18 /home/vinicius/bikeshare-workspace/nrfxlib/crypto/nrf_cc310_platform/lib/cortex-m33/soft-float/no-interrupts/libnrf_cc310_platform_0.9.19.a(llf_rnd_trng90b.c.obj)
                0x0000000000004bcc                LLF_RND_GetTrngSource
 .text.LLF_RND_RunTrngStartupTest
                0x0000000000004be4       0x1c /home/vinicius/bikeshare-workspace/nrfxlib/crypto/nrf_cc310_platform/lib/cortex-m33/soft-float/no-interrupts/libnrf_cc310_platform_0.9.19.a(llf_rnd_trng90b.c.obj)
                0x0000000000004be4                LLF_RND_RunTrngStartupTest
 .text.mbedtls_hardware_poll
                0x0000000000004c00       0xfc /home/vinicius/bikeshare-workspace/nrfxlib/crypto/nrf_cc310_platform/lib/cortex-m33/soft-float/no-interrupts/libnrf_cc310_platform_0.9.19.a(trng_api.c.obj)
                0x0000000000004c00                mbedtls_hardware_poll
 .text.cc_mbedtls_sha256_init
                0x0000000000004cfc       0x28 /home/vinicius/bikeshare-workspace/nrfxlib/crypto/nrf_cc310_platform/lib/cortex-m33/soft-float/no-interrupts/libnrf_cc310_platform_0.9.19.a(sha256_alt.c.obj)
                0x0000000000004cfc                cc_mbedtls_sha256_init
 .text.cc_mbedtls_sha256_free
                0x0000000000004d24        0xc /home/vinicius/bikeshare-workspace/nrfxlib/crypto/nrf_cc310_platform/lib/cortex-m33/soft-float/no-interrupts/libnrf_cc310_platform_0.9.19.a(sha256_alt.c.obj)
                0x0000000000004d24                cc_mbedtls_sha256_free
 .text.cc_mbedtls_sha256_starts
                0x0000000000004d30       0x28 /home/vinicius/bikeshare-workspace/nrfxlib/crypto/nrf_cc310_platform/lib/cortex-m33/soft-float/no-interrupts/libnrf_cc310_platform_0.9.19.a(sha256_alt.c.obj)
                0x0000000000004d30                cc_mbedtls_sha256_starts
 .text.cc_mbedtls_sha256_update
                0x0000000000004d58       0x54 /home/vinicius/bikeshare-workspace/nrfxlib/crypto/nrf_cc310_platform/lib/cortex-m33/soft-float/no-interrupts/libnrf_cc310_platform_0.9.19.a(sha256_alt.c.obj)
                0x0000000000004d58                cc_mbedtls_sha256_update
 .text.cc_mbedtls_sha256_finish
                0x0000000000004dac       0x48 /home/vinicius/bikeshare-workspace/nrfxlib/crypto/nrf_cc310_platform/lib/cortex-m33/soft-float/no-interrupts/libnrf_cc310_platform_0.9.19.a(sha256_alt.c.obj)
                0x0000000000004dac                cc_mbedtls_sha256_finish
 .text.mbedtls_sha_starts_internal
                0x0000000000004df4       0x28 /home/vinicius/bikeshare-workspace/nrfxlib/crypto/nrf_cc310_platform/lib/cortex-m33/soft-float/no-interrupts/libnrf_cc310_platform_0.9.19.a(mbedtls_hash_common.c.obj)
                0x0000000000004df4                mbedtls_sha_starts_internal
 .text.mbedtls_sha_finish_internal
                0x0000000000004e1c       0x5c /home/vinicius/bikeshare-workspace/nrfxlib/crypto/nrf_cc310_platform/lib/cortex-m33/soft-float/no-interrupts/libnrf_cc310_platform_0.9.19.a(mbedtls_hash_common.c.obj)
                0x0000000000004e1c                mbedtls_sha_finish_internal
 .text.mbedtls_sha_update_internal
                0x0000000000004e78      0x1ec /home/vinicius/bikeshare-workspace/nrfxlib/crypto/nrf_cc310_platform/lib/cortex-m33/soft-float/no-interrupts/libnrf_cc310_platform_0.9.19.a(mbedtls_hash_common.c.obj)
                0x0000000000004e78                mbedtls_sha_update_internal
 .text.cc_mbedtls_sha256
                0x0000000000005064       0x50 /home/vinicius/bikeshare-workspace/nrfxlib/crypto/nrf_cc310_platform/lib/cortex-m33/soft-float/no-interrupts/libnrf_cc310_platform_0.9.19.a(sha256.c.obj)
                0x0000000000005064                cc_mbedtls_sha256
 .text.RNG_PLAT_SetUserRngParameters
                0x00000000000050b4       0x74 /home/vinicius/bikeshare-workspace/nrfxlib/crypto/nrf_cc310_platform/lib/cortex-m33/soft-float/no-interrupts/libnrf_cc310_platform_0.9.19.a(cc_rng_plat.c.obj)
                0x00000000000050b4                RNG_PLAT_SetUserRngParameters
 .text.CC_PalTrngParamGet
                0x0000000000005128      0x114 /home/vinicius/bikeshare-workspace/nrfxlib/crypto/nrf_cc310_platform/lib/cortex-m33/soft-float/no-interrupts/libnrf_cc310_platform_0.9.19.a(cc_pal_trng.c.obj)
                0x0000000000005128                CC_PalTrngParamGet
 .text.LLF_RND_WaitRngInterrupt
                0x000000000000523c       0x20 /home/vinicius/bikeshare-workspace/nrfxlib/crypto/nrf_cc310_platform/lib/cortex-m33/soft-float/no-interrupts/libnrf_cc310_platform_0.9.19.a(llf_rnd.c.obj)
                0x000000000000523c                LLF_RND_WaitRngInterrupt
 .text.LLF_RND_GetRoscSampleCnt
                0x000000000000525c       0x34 /home/vinicius/bikeshare-workspace/nrfxlib/crypto/nrf_cc310_platform/lib/cortex-m33/soft-float/no-interrupts/libnrf_cc310_platform_0.9.19.a(llf_rnd.c.obj)
                0x000000000000525c                LLF_RND_GetRoscSampleCnt
 .text.LLF_RND_GetFastestRosc
                0x0000000000005290       0x20 /home/vinicius/bikeshare-workspace/nrfxlib/crypto/nrf_cc310_platform/lib/cortex-m33/soft-float/no-interrupts/libnrf_cc310_platform_0.9.19.a(llf_rnd.c.obj)
                0x0000000000005290                LLF_RND_GetFastestRosc
 .text.LLF_RND_TurnOffTrng
                0x00000000000052b0       0x18 /home/vinicius/bikeshare-workspace/nrfxlib/crypto/nrf_cc310_platform/lib/cortex-m33/soft-float/no-interrupts/libnrf_cc310_platform_0.9.19.a(llf_rnd.c.obj)
                0x00000000000052b0                LLF_RND_TurnOffTrng
 .text.SetDataBuffersInfo
                0x00000000000052c8       0x68 /home/vinicius/bikeshare-workspace/nrfxlib/crypto/nrf_cc310_platform/lib/cortex-m33/soft-float/no-interrupts/libnrf_cc310_platform_0.9.19.a(driver_common.c.obj)
                0x00000000000052c8                SetDataBuffersInfo
 .text.InitHashDrv
                0x0000000000005330       0x50 /home/vinicius/bikeshare-workspace/nrfxlib/crypto/nrf_cc310_platform/lib/cortex-m33/soft-float/no-interrupts/libnrf_cc310_platform_0.9.19.a(hash_driver.c.obj)
                0x0000000000005330                InitHashDrv
 .text.ProcessHashDrv
                0x0000000000005380      0x22c /home/vinicius/bikeshare-workspace/nrfxlib/crypto/nrf_cc310_platform/lib/cortex-m33/soft-float/no-interrupts/libnrf_cc310_platform_0.9.19.a(hash_driver.c.obj)
                0x0000000000005380                ProcessHashDrv
 .text.FinishHashDrv
                0x00000000000055ac       0x74 /home/vinicius/bikeshare-workspace/nrfxlib/crypto/nrf_cc310_platform/lib/cortex-m33/soft-float/no-interrupts/libnrf_cc310_platform_0.9.19.a(hash_driver.c.obj)
                0x00000000000055ac                FinishHashDrv
 .text.CC_PalDataBufferAttrGet
                0x0000000000005620        0x8 /home/vinicius/bikeshare-workspace/nrfxlib/crypto/nrf_cc310_platform/lib/cortex-m33/soft-float/no-interrupts/libnrf_cc310_platform_0.9.19.a(cc_pal_buff_attr.c.obj)
                0x0000000000005620                CC_PalDataBufferAttrGet
 .text          0x0000000000005628       0xc8 /home/vinicius/ncs/toolchains/911f4c5c26/opt/zephyr-sdk/arm-zephyr-eabi/bin/../lib/gcc/arm-zephyr-eabi/12.2.0/thumb/v8-m.main/nofp/libgcc.a(cmse.o)
                0x0000000000005628                cmse_check_address_range
 .text.exit     0x00000000000056f0       0x28 /home/vinicius/ncs/toolchains/911f4c5c26/opt/zephyr-sdk/arm-zephyr-eabi/bin/../lib/gcc/arm-zephyr-eabi/12.2.0/../../../../arm-zephyr-eabi/lib/thumb/v8-m.main/nofp/libc_nano.a(lib_a-exit.o)
                0x00000000000056f0                exit
 .text.__libc_init_array
                0x0000000000005718       0x48 /home/vinicius/ncs/toolchains/911f4c5c26/opt/zephyr-sdk/arm-zephyr-eabi/bin/../lib/gcc/arm-zephyr-eabi/12.2.0/../../../../arm-zephyr-eabi/lib/thumb/v8-m.main/nofp/libc_nano.a(lib_a-init.o)
                0x0000000000005718                __libc_init_array
 .text._exit    0x0000000000005760        0x4 /home/vinicius/ncs/toolchains/911f4c5c26/opt/zephyr-sdk/arm-zephyr-eabi/bin/../lib/gcc/arm-zephyr-eabi/12.2.0/../../../../arm-zephyr-eabi/lib/thumb/v8-m.main/nofp/libnosys.a(_exit.o)
                0x0000000000005760                _exit
 .text.clear_caller_context
                0x0000000000005764        0x8 secure_fw/CMakeFiles/tfm_s.dir/partitions/ns_agent_tz/psa_api_veneers_v80m.o
 .text.C_HardFault_Handler
                0x000000000000576c        0x4 secure_fw/CMakeFiles/tfm_s.dir/__/platform/ext/common/faults.o
                0x000000000000576c                C_HardFault_Handler
 .text.HardFault_Handler
                0x0000000000005770       0x1c secure_fw/CMakeFiles/tfm_s.dir/__/platform/ext/common/faults.o
                0x0000000000005770                HardFault_Handler
 .text.C_MemManage_Handler
                0x000000000000578c        0x4 secure_fw/CMakeFiles/tfm_s.dir/__/platform/ext/common/faults.o
                0x000000000000578c                C_MemManage_Handler
 .text.MemManage_Handler
                0x0000000000005790       0x1c secure_fw/CMakeFiles/tfm_s.dir/__/platform/ext/common/faults.o
                0x0000000000005790                MemManage_Handler
 .text.C_BusFault_Handler
                0x00000000000057ac        0x4 secure_fw/CMakeFiles/tfm_s.dir/__/platform/ext/common/faults.o
                0x00000000000057ac                C_BusFault_Handler
 .text.BusFault_Handler
                0x00000000000057b0       0x1c secure_fw/CMakeFiles/tfm_s.dir/__/platform/ext/common/faults.o
                0x00000000000057b0                BusFault_Handler
 .text.C_SecureFault_Handler
                0x00000000000057cc        0x4 secure_fw/CMakeFiles/tfm_s.dir/__/platform/ext/common/faults.o
                0x00000000000057cc                C_SecureFault_Handler
 .text.SecureFault_Handler
                0x00000000000057d0       0x1c secure_fw/CMakeFiles/tfm_s.dir/__/platform/ext/common/faults.o
                0x00000000000057d0                SecureFault_Handler
 .text.C_UsageFault_Handler
                0x00000000000057ec        0x4 secure_fw/CMakeFiles/tfm_s.dir/__/platform/ext/common/faults.o
                0x00000000000057ec                C_UsageFault_Handler
 .text.UsageFault_Handler
                0x00000000000057f0       0x1c secure_fw/CMakeFiles/tfm_s.dir/__/platform/ext/common/faults.o
                0x00000000000057f0                UsageFault_Handler
 .text.memmove  0x000000000000580c       0x6c secure_fw/partitions/lib/runtime/libtfm_sprt.a(crt_memmove.o)
                0x000000000000580c                memmove
 .text.memcpy   0x0000000000005878       0x4a secure_fw/partitions/lib/runtime/libtfm_sprt.a(crt_memcpy.o)
                0x0000000000005878                memcpy
 .text.memset   0x00000000000058c2       0x46 secure_fw/partitions/lib/runtime/libtfm_sprt.a(crt_memset.o)
                0x00000000000058c2                memset
 .text.psa_framework_version
                0x0000000000005908       0x18 secure_fw/partitions/lib/runtime/libtfm_sprt.a(psa_interface_sfn.o)
                0x0000000000005908                psa_framework_version
 .text.psa_version
                0x0000000000005920       0x1c secure_fw/partitions/lib/runtime/libtfm_sprt.a(psa_interface_sfn.o)
                0x0000000000005920                psa_version
 .text.psa_read
                0x000000000000593c       0x2a secure_fw/partitions/lib/runtime/libtfm_sprt.a(psa_interface_sfn.o)
                0x000000000000593c                psa_read
 .text.psa_write
                0x0000000000005966       0x2a secure_fw/partitions/lib/runtime/libtfm_sprt.a(psa_interface_sfn.o)
                0x0000000000005966                psa_write
 .text.psa_panic
                0x0000000000005990       0x18 secure_fw/partitions/lib/runtime/libtfm_sprt.a(psa_interface_sfn.o)
                0x0000000000005990                psa_panic
 .text.platform_calloc_uninit
                0x00000000000059a8        0x4 secure_fw/partitions/crypto/mbedcrypto/nrf_security_src/libcrypto_service_mbedcrypto.a(platform.o)
 .text.platform_free_uninit
                0x00000000000059ac        0x2 secure_fw/partitions/crypto/mbedcrypto/nrf_security_src/libcrypto_service_mbedcrypto.a(platform.o)
 .text.mbedtls_zeroize_and_free
                0x00000000000059ae       0x14 secure_fw/partitions/crypto/mbedcrypto/nrf_security_src/libcrypto_service_mbedcrypto.a(platform_util.o)
                0x00000000000059ae                mbedtls_zeroize_and_free
 .text.psa_remove_key_data_from_memory
                0x00000000000059c2       0x16 secure_fw/partitions/crypto/mbedcrypto/nrf_security_src/libcrypto_service_mbedcrypto.a(psa_crypto.o)
                0x00000000000059c2                psa_remove_key_data_from_memory
 .text.psa_wipe_key_slot
                0x00000000000059d8       0x22 secure_fw/partitions/crypto/mbedcrypto/nrf_security_src/libcrypto_service_mbedcrypto.a(psa_crypto.o)
                0x00000000000059d8                psa_wipe_key_slot
 .text.psa_driver_wrapper_init
                0x00000000000059fa        0x4 secure_fw/partitions/crypto/mbedcrypto/nrf_security_src/libcrypto_service_mbedcrypto.a(psa_crypto_driver_wrappers.o)
                0x00000000000059fa                psa_driver_wrapper_init
 .text.psa_driver_wrapper_free
                0x00000000000059fe        0x2 secure_fw/partitions/crypto/mbedcrypto/nrf_security_src/libcrypto_service_mbedcrypto.a(psa_crypto_driver_wrappers.o)
                0x00000000000059fe                psa_driver_wrapper_free
 .text.psa_driver_wrapper_init_random
                0x0000000000005a00        0x4 secure_fw/partitions/crypto/mbedcrypto/nrf_security_src/libcrypto_service_mbedcrypto.a(psa_crypto_driver_wrappers.o)
                0x0000000000005a00                psa_driver_wrapper_init_random
 .text.psa_driver_wrapper_get_random
                0x0000000000005a04       0x22 secure_fw/partitions/crypto/mbedcrypto/nrf_security_src/libcrypto_service_mbedcrypto.a(psa_crypto_driver_wrappers.o)
                0x0000000000005a04                psa_driver_wrapper_get_random
 .text.psa_driver_wrapper_free_random
                0x0000000000005a26        0x4 secure_fw/partitions/crypto/mbedcrypto/nrf_security_src/libcrypto_service_mbedcrypto.a(psa_crypto_driver_wrappers.o)
                0x0000000000005a26                psa_driver_wrapper_free_random
 .text          0x0000000000005a2a       0x38 /home/vinicius/ncs/toolchains/911f4c5c26/opt/zephyr-sdk/arm-zephyr-eabi/bin/../lib/gcc/arm-zephyr-eabi/12.2.0/thumb/v8-m.main/nofp/libgcc.a(cmse_nonsecure_call.o)
                0x0000000000005a2a                __gnu_cmse_nonsecure_call
 *(.init)
 *fill*         0x0000000000005a62        0x2 
 .init          0x0000000000005a64        0x4 /home/vinicius/ncs/toolchains/911f4c5c26/opt/zephyr-sdk/arm-zephyr-eabi/bin/../lib/gcc/arm-zephyr-eabi/12.2.0/thumb/v8-m.main/nofp/crti.o
                0x0000000000005a64                _init
 .init          0x0000000000005a68        0x8 /home/vinicius/ncs/toolchains/911f4c5c26/opt/zephyr-sdk/arm-zephyr-eabi/bin/../lib/gcc/arm-zephyr-eabi/12.2.0/thumb/v8-m.main/nofp/crtn.o
 *(.fini)
 .fini          0x0000000000005a70        0x4 /home/vinicius/ncs/toolchains/911f4c5c26/opt/zephyr-sdk/arm-zephyr-eabi/bin/../lib/gcc/arm-zephyr-eabi/12.2.0/thumb/v8-m.main/nofp/crti.o
                0x0000000000005a70                _fini
 .fini          0x0000000000005a74        0x8 /home/vinicius/ncs/toolchains/911f4c5c26/opt/zephyr-sdk/arm-zephyr-eabi/bin/../lib/gcc/arm-zephyr-eabi/12.2.0/thumb/v8-m.main/nofp/crtn.o
 *crtbegin.o(.ctors)
 *crtbegin?.o(.ctors)
 *(EXCLUDE_FILE(*crtend.o *crtend?.o) .ctors)
 *(SORT_BY_NAME(.ctors.*))
 *(.ctors)
 *crtbegin.o(.dtors)
 *crtbegin?.o(.dtors)
 *(EXCLUDE_FILE(*crtend.o *crtend?.o) .dtors)
 *(SORT_BY_NAME(.dtors.*))
 *(.dtors)
 *(SORT_BY_ALIGNMENT(.rodata*))
 .rodata.CSWTCH.10
                0x0000000000005a7c       0x1c /home/vinicius/bikeshare-workspace/nrfxlib/crypto/nrf_cc310_platform/lib/cortex-m33/soft-float/no-interrupts/libnrf_cc310_platform_0.9.19.a(nrf_cc3xx_platform.c.obj)
 .rodata.RndStartupTest.constprop.0.str1.4
                0x0000000000005a98       0x6f /home/vinicius/bikeshare-workspace/nrfxlib/crypto/nrf_cc310_platform/lib/cortex-m33/soft-float/no-interrupts/libnrf_cc310_platform_0.9.19.a(cc_lib.c.obj)
 *fill*         0x0000000000005b07        0x1 
 .rodata.CC_PalPowerSaveModeInit.str1.4
                0x0000000000005b08       0x20 /home/vinicius/bikeshare-workspace/nrfxlib/crypto/nrf_cc310_platform/lib/cortex-m33/soft-float/no-interrupts/libnrf_cc310_platform_0.9.19.a(cc_pal_pm.c.obj)
 .rodata.mutex_free.str1.4
                0x0000000000005b28       0x26 /home/vinicius/bikeshare-workspace/nrfxlib/crypto/nrf_cc310_platform/lib/cortex-m33/soft-float/no-interrupts/libnrf_cc310_platform_0.9.19.a(nrf_cc3xx_platform_mutex.c.obj)
 *fill*         0x0000000000005b4e        0x2 
 .rodata.mutex_init.str1.4
                0x0000000000005b50       0x23 /home/vinicius/bikeshare-workspace/nrfxlib/crypto/nrf_cc310_platform/lib/cortex-m33/soft-float/no-interrupts/libnrf_cc310_platform_0.9.19.a(nrf_cc3xx_platform_mutex.c.obj)
 *fill*         0x0000000000005b73        0x1 
 .rodata.mbedtls_hardware_poll.str1.4
                0x0000000000005b74       0x16 /home/vinicius/bikeshare-workspace/nrfxlib/crypto/nrf_cc310_platform/lib/cortex-m33/soft-float/no-interrupts/libnrf_cc310_platform_0.9.19.a(trng_api.c.obj)
                                         0x6e (size before relaxing)
 *fill*         0x0000000000005b8a        0x2 
 .rodata.cc_mbedtls_sha256_init.str1.4
                0x0000000000005b8c        0xe /home/vinicius/bikeshare-workspace/nrfxlib/crypto/nrf_cc310_platform/lib/cortex-m33/soft-float/no-interrupts/libnrf_cc310_platform_0.9.19.a(sha256_alt.c.obj)
 .rodata.ProcessHashDrv.str1.4
                0x0000000000005b9a       0x6f /home/vinicius/bikeshare-workspace/nrfxlib/crypto/nrf_cc310_platform/lib/cortex-m33/soft-float/no-interrupts/libnrf_cc310_platform_0.9.19.a(hash_driver.c.obj)
 *fill*         0x0000000000005b9a        0x2 
 .rodata.HASH_LARVAL_SHA256
                0x0000000000005b9c       0x20 /home/vinicius/bikeshare-workspace/nrfxlib/crypto/nrf_cc310_platform/lib/cortex-m33/soft-float/no-interrupts/libnrf_cc310_platform_0.9.19.a(hash_driver.c.obj)
 .rodata.HASH_LARVAL_SHA224
                0x0000000000005bbc       0x20 /home/vinicius/bikeshare-workspace/nrfxlib/crypto/nrf_cc310_platform/lib/cortex-m33/soft-float/no-interrupts/libnrf_cc310_platform_0.9.19.a(hash_driver.c.obj)
 .rodata.HASH_LARVAL_SHA1
                0x0000000000005bdc       0x14 /home/vinicius/bikeshare-workspace/nrfxlib/crypto/nrf_cc310_platform/lib/cortex-m33/soft-float/no-interrupts/libnrf_cc310_platform_0.9.19.a(hash_driver.c.obj)
 .rodata._global_impure_ptr
                0x0000000000005bf0        0x4 /home/vinicius/ncs/toolchains/911f4c5c26/opt/zephyr-sdk/arm-zephyr-eabi/bin/../lib/gcc/arm-zephyr-eabi/12.2.0/../../../../arm-zephyr-eabi/lib/thumb/v8-m.main/nofp/libc_nano.a(lib_a-impure.o)
                0x0000000000005bf0                _global_impure_ptr
 .rodata.str1.1
                0x0000000000005bf4        0xb secure_fw/CMakeFiles/tfm_s.dir/__/generated/secure_fw/partitions/crypto/auto_generated/load_info_tfm_crypto.o
 .rodata.str1.1
                0x0000000000005bff       0x15 secure_fw/CMakeFiles/tfm_s.dir/__/generated/secure_fw/partitions/platform/auto_generated/load_info_tfm_platform.o
 *(.eh_frame*)
 .eh_frame      0x0000000000005c14        0x0 /home/vinicius/ncs/toolchains/911f4c5c26/opt/zephyr-sdk/arm-zephyr-eabi/bin/../lib/gcc/arm-zephyr-eabi/12.2.0/thumb/v8-m.main/nofp/crtbegin.o
 .eh_frame      0x0000000000005c14        0x4 /home/vinicius/ncs/toolchains/911f4c5c26/opt/zephyr-sdk/arm-zephyr-eabi/bin/../lib/gcc/arm-zephyr-eabi/12.2.0/thumb/v8-m.main/nofp/crtend.o
                0x0000000000005c20                . = ALIGN (0x20)
 *fill*         0x0000000000005c18        0x8 
                0x0000000000003400                Image$$TFM_UNPRIV_CODE_START$$RO$$Base = ADDR (.TFM_UNPRIV_CODE)
                0x0000000000005c20                Image$$TFM_UNPRIV_CODE_END$$RO$$Limit = (ADDR (.TFM_UNPRIV_CODE) + SIZEOF (.TFM_UNPRIV_CODE))

.glue_7         0x0000000000005c20        0x0
 .glue_7        0x0000000000005c20        0x0 linker stubs

.glue_7t        0x0000000000005c20        0x0
 .glue_7t       0x0000000000005c20        0x0 linker stubs

.vfp11_veneer   0x0000000000005c20        0x0
 .vfp11_veneer  0x0000000000005c20        0x0 linker stubs

.v4_bx          0x0000000000005c20        0x0
 .v4_bx         0x0000000000005c20        0x0 linker stubs

.iplt           0x0000000000005c20        0x0
 .iplt          0x0000000000005c20        0x0 /home/vinicius/ncs/toolchains/911f4c5c26/opt/zephyr-sdk/arm-zephyr-eabi/bin/../lib/gcc/arm-zephyr-eabi/12.2.0/thumb/v8-m.main/nofp/crtbegin.o

.rel.dyn        0x0000000000005c20        0x0
 .rel.iplt      0x0000000000005c20        0x0 /home/vinicius/ncs/toolchains/911f4c5c26/opt/zephyr-sdk/arm-zephyr-eabi/bin/../lib/gcc/arm-zephyr-eabi/12.2.0/thumb/v8-m.main/nofp/crtbegin.o

.gnu.sgstubs    0x0000000000007c00       0x40
 *(.gnu.sgstubs*)
 .gnu.sgstubs.__stub
                0x0000000000007c00       0x28 linker stubs
                0x0000000000007c00                tfm_psa_framework_version_veneer
                0x0000000000007c08                tfm_psa_version_veneer
                0x0000000000007c10                tfm_psa_close_veneer
                0x0000000000007c18                tfm_psa_connect_veneer
                0x0000000000007c20                tfm_psa_call_veneer

.sgstubs_end    0x0000000000008000        0x0

.tfm_secure_data_start
                0x0000000020000000        0x0
                0x0000000020000000                . = ALIGN (0x4)

.tfm_bl2_shared_data
                0x0000000020000000      0x400
                0x0000000020000400                . = (. + 0x400)
 *fill*         0x0000000020000000      0x400 

.msp_stack      0x0000000020000400      0x7f8
                0x0000000020000bf8                . = (. + (__msp_stack_size__ - 0x8))
 *fill*         0x0000000020000400      0x7f8 
                0x0000000020000400                Image$$ARM_LIB_STACK$$ZI$$Base = ADDR (.msp_stack)
                0x0000000020000bf8                Image$$ARM_LIB_STACK$$ZI$$Limit = (ADDR (.msp_stack) + SIZEOF (.msp_stack))

.msp_stack_seal_res
                0x0000000020000bf8        0x8
                0x0000000020000c00                . = (. + 0x8)
 *fill*         0x0000000020000bf8        0x8 
                0x0000000020000bf8                __StackSeal = ADDR (.msp_stack_seal_res)
                0x0000000020000c00                . = ALIGN (0x20)
                0x0000000020000c00                Image$$TFM_APP_RW_STACK_START$$Base = .

.TFM_APP_ROT_LINKER_DATA
                0x0000000020000c00        0x0 load address 0x0000000000007c40
 *tfm_app_rot_partition*:(SORT_BY_ALIGNMENT(.data*))
 *(TFM_*_APP-ROT_ATTR_RW)
                0x0000000020000c00                . = ALIGN (0x4)
                0x0000000020000c00                Image$$TFM_APP_ROT_LINKER_DATA$$RW$$Base = ADDR (.TFM_APP_ROT_LINKER_DATA)
                0x0000000020000c00                Image$$TFM_APP_ROT_LINKER_DATA$$RW$$Limit = (ADDR (.TFM_APP_ROT_LINKER_DATA) + SIZEOF (.TFM_APP_ROT_LINKER_DATA))

.TFM_APP_ROT_LINKER_BSS
                0x0000000020000c00       0x20
                0x0000000020000c00                start_of_TFM_APP_ROT_LINKER = .
 *tfm_app_rot_partition*:(SORT_BY_ALIGNMENT(.bss*))
 *tfm_app_rot_partition*:*(COMMON)
 *(TFM_*_APP-ROT_ATTR_ZI)
                0x0000000020000c04                . = (. + (. - start_of_TFM_APP_ROT_LINKER)?0x0:0x4)
 *fill*         0x0000000020000c00        0x4 
                0x0000000020000c20                . = ALIGN (0x20)
 *fill*         0x0000000020000c04       0x1c 
                0x0000000020000c00                Image$$TFM_APP_ROT_LINKER_DATA$$ZI$$Base = ADDR (.TFM_APP_ROT_LINKER_BSS)
                0x0000000020000c20                Image$$TFM_APP_ROT_LINKER_DATA$$ZI$$Limit = (ADDR (.TFM_APP_ROT_LINKER_BSS) + SIZEOF (.TFM_APP_ROT_LINKER_BSS))
                0x0000000020000c20                Image$$TFM_APP_RW_STACK_END$$Base = .
                0x0000000020000c20                Image$$TFM_PSA_RW_STACK_START$$Base = .

.TFM_PSA_ROT_LINKER_DATA
                0x0000000020000c20        0x0 load address 0x0000000000007c40
 *tfm_psa_rot_partition*:(SORT_BY_ALIGNMENT(.data*))
 *(TFM_*_PSA-ROT_ATTR_RW)
                0x0000000020000c20                . = ALIGN (0x4)
                0x0000000020000c20                Image$$TFM_PSA_ROT_LINKER_DATA$$RW$$Base = ADDR (.TFM_PSA_ROT_LINKER_DATA)
                0x0000000020000c20                Image$$TFM_PSA_ROT_LINKER_DATA$$RW$$Limit = (ADDR (.TFM_PSA_ROT_LINKER_DATA) + SIZEOF (.TFM_PSA_ROT_LINKER_DATA))

.TFM_PSA_ROT_LINKER_BSS
                0x0000000020000c20      0x460
                0x0000000020000c20                start_of_TFM_PSA_ROT_LINKER = .
 *tfm_psa_rot_partition*:(SORT_BY_ALIGNMENT(.bss*))
 .bss.scratch   0x0000000020000c20      0x408 secure_fw/partitions/crypto/libtfm_psa_rot_partition_crypto.a(crypto_init.o)
 .bss.operations
                0x0000000020001028       0x28 secure_fw/partitions/crypto/libtfm_psa_rot_partition_crypto.a(crypto_alloc.o)
 .bss.mbedtls_mem_buf
                0x0000000020001050        0x1 secure_fw/partitions/crypto/libtfm_psa_rot_partition_crypto.a(crypto_library.o)
 .bss.mbedtls_version_full
                0x0000000020001051       0x12 secure_fw/partitions/crypto/libtfm_psa_rot_partition_crypto.a(crypto_library.o)
 *tfm_psa_rot_partition*:*(COMMON)
 *(TFM_*_PSA-ROT_ATTR_ZI)
                0x0000000020001063                . = (. + (. - start_of_TFM_PSA_ROT_LINKER)?0x0:0x4)
                0x0000000020001080                . = ALIGN (0x20)
 *fill*         0x0000000020001063       0x1d 
                0x0000000020000c20                Image$$TFM_PSA_ROT_LINKER_DATA$$ZI$$Base = ADDR (.TFM_PSA_ROT_LINKER_BSS)
                0x0000000020001080                Image$$TFM_PSA_ROT_LINKER_DATA$$ZI$$Limit = (ADDR (.TFM_PSA_ROT_LINKER_BSS) + SIZEOF (.TFM_PSA_ROT_LINKER_BSS))
                0x0000000020001080                Image$$TFM_PSA_RW_STACK_END$$Base = .

.TFM_DATA       0x0000000020001080      0x128 load address 0x0000000000007c40
 *(SORT_BY_ALIGNMENT(.data*))
 .data.ret_err  0x0000000020001080        0x4 secure_fw/CMakeFiles/tfm_s.dir/partitions/ns_agent_tz/psa_api_veneers_v80m.o
                0x0000000020001080                ret_err
 .data.UART1_Resources
                0x0000000020001084       0x24 platform/libplatform_s.a(Driver_USART.o)
 .data.dev_mpu_s
                0x00000000200010a8        0x4 secure_fw/spm/libtfm_spm.a(tfm_hal_isolation.o)
                0x00000000200010a8                dev_mpu_s
 .data.tfm_peripheral_vmc
                0x00000000200010ac        0x8 secure_fw/spm/libtfm_spm.a(target_cfg.o)
                0x00000000200010ac                tfm_peripheral_vmc
 .data.tfm_peripheral_uarte1
                0x00000000200010b4        0x8 secure_fw/spm/libtfm_spm.a(target_cfg.o)
                0x00000000200010b4                tfm_peripheral_uarte1
 .data.serv_pool_sa
                0x00000000200010bc        0x4 secure_fw/spm/libtfm_spm.a(rom_loader.o)
 .data.part_pool_sa